Archive member included to satisfy reference by file (symbol)

C:/SiliconLabs/SimplicityStudio/v4/developer/sdks/gecko_sdk_suite/v2.3//platform/radio/rail_lib/autogen/librail_release/librail_efr32xg1_gcc_release.a(rail_singleprotocol.o)
                              ./yes/yes_radio.o (RAIL_Init)
C:/SiliconLabs/SimplicityStudio/v4/developer/sdks/gecko_sdk_suite/v2.3//platform/radio/rail_lib/autogen/librail_release/librail_efr32xg1_gcc_release.a(rail_rf.o)
                              C:/SiliconLabs/SimplicityStudio/v4/developer/sdks/gecko_sdk_suite/v2.3//platform/radio/rail_lib/autogen/librail_release/librail_efr32xg1_gcc_release.a(rail_singleprotocol.o) (RAILCore_Init)
C:/SiliconLabs/SimplicityStudio/v4/developer/sdks/gecko_sdk_suite/v2.3//platform/radio/rail_lib/autogen/librail_release/librail_efr32xg1_gcc_release.a(rail_rx.o)
                              C:/SiliconLabs/SimplicityStudio/v4/developer/sdks/gecko_sdk_suite/v2.3//platform/radio/rail_lib/autogen/librail_release/librail_efr32xg1_gcc_release.a(rail_singleprotocol.o) (RAILCore_StartRx)
C:/SiliconLabs/SimplicityStudio/v4/developer/sdks/gecko_sdk_suite/v2.3//platform/radio/rail_lib/autogen/librail_release/librail_efr32xg1_gcc_release.a(rail_tx.o)
                              C:/SiliconLabs/SimplicityStudio/v4/developer/sdks/gecko_sdk_suite/v2.3//platform/radio/rail_lib/autogen/librail_release/librail_efr32xg1_gcc_release.a(rail_singleprotocol.o) (RAILCore_StartTxStream)
C:/SiliconLabs/SimplicityStudio/v4/developer/sdks/gecko_sdk_suite/v2.3//platform/radio/rail_lib/autogen/librail_release/librail_efr32xg1_gcc_release.a(rail_calibration.o)
                              ./yes/yes_radio.o (RAIL_ConfigCal)
C:/SiliconLabs/SimplicityStudio/v4/developer/sdks/gecko_sdk_suite/v2.3//platform/radio/rail_lib/autogen/librail_release/librail_efr32xg1_gcc_release.a(rail_data.o)
                              ./yes/yes_radio.o (RAIL_ConfigData)
C:/SiliconLabs/SimplicityStudio/v4/developer/sdks/gecko_sdk_suite/v2.3//platform/radio/rail_lib/autogen/librail_release/librail_efr32xg1_gcc_release.a(rail_assert.o)
                              ./pa-conversions/pa_conversions_efr32.o (RAILCb_AssertFailed)
C:/SiliconLabs/SimplicityStudio/v4/developer/sdks/gecko_sdk_suite/v2.3//platform/radio/rail_lib/autogen/librail_release/librail_efr32xg1_gcc_release.a(rail_pti.o)
                              ./hal-efr32/hal_efr.o (RAIL_ConfigPti)
C:/SiliconLabs/SimplicityStudio/v4/developer/sdks/gecko_sdk_suite/v2.3//platform/radio/rail_lib/autogen/librail_release/librail_efr32xg1_gcc_release.a(rail_rssi.o)
                              C:/SiliconLabs/SimplicityStudio/v4/developer/sdks/gecko_sdk_suite/v2.3//platform/radio/rail_lib/autogen/librail_release/librail_efr32xg1_gcc_release.a(rail_singleprotocol.o) (RAILCore_GetRssi)
C:/SiliconLabs/SimplicityStudio/v4/developer/sdks/gecko_sdk_suite/v2.3//platform/radio/rail_lib/autogen/librail_release/librail_efr32xg1_gcc_release.a(rail_timer.o)
                              ./app_hal.o (RAIL_GetTime)
C:/SiliconLabs/SimplicityStudio/v4/developer/sdks/gecko_sdk_suite/v2.3//platform/radio/rail_lib/autogen/librail_release/librail_efr32xg1_gcc_release.a(tmrdrv.o)
                              C:/SiliconLabs/SimplicityStudio/v4/developer/sdks/gecko_sdk_suite/v2.3//platform/radio/rail_lib/autogen/librail_release/librail_efr32xg1_gcc_release.a(rail_timer.o) (TMRDRV_SetupTimer)
C:/SiliconLabs/SimplicityStudio/v4/developer/sdks/gecko_sdk_suite/v2.3//platform/radio/rail_lib/autogen/librail_release/librail_efr32xg1_gcc_release.a(tmrdrv_config.o)
                              C:/SiliconLabs/SimplicityStudio/v4/developer/sdks/gecko_sdk_suite/v2.3//platform/radio/rail_lib/autogen/librail_release/librail_efr32xg1_gcc_release.a(tmrdrv.o) (TMRDRV_GetHwTime)
C:/SiliconLabs/SimplicityStudio/v4/developer/sdks/gecko_sdk_suite/v2.3//platform/radio/rail_lib/autogen/librail_release/librail_efr32xg1_gcc_release.a(rail_ieee802154.o)
                              ./yes/yes_radio.o (RAIL_IEEE802154_Init)
C:/SiliconLabs/SimplicityStudio/v4/developer/sdks/gecko_sdk_suite/v2.3//platform/radio/rail_lib/autogen/librail_release/librail_efr32xg1_gcc_release.a(rail_rf_hal.o)
                              C:/SiliconLabs/SimplicityStudio/v4/developer/sdks/gecko_sdk_suite/v2.3//platform/radio/rail_lib/autogen/librail_release/librail_efr32xg1_gcc_release.a(rail_rf.o) (RFHAL_SetFixedLength)
C:/SiliconLabs/SimplicityStudio/v4/developer/sdks/gecko_sdk_suite/v2.3//platform/radio/rail_lib/autogen/librail_release/librail_efr32xg1_gcc_release.a(rail_ieee802154_rf_hal.o)
                              C:/SiliconLabs/SimplicityStudio/v4/developer/sdks/gecko_sdk_suite/v2.3//platform/radio/rail_lib/autogen/librail_release/librail_efr32xg1_gcc_release.a(rail_ieee802154.o) (RFHAL_IEEE802154Disable)
C:/SiliconLabs/SimplicityStudio/v4/developer/sdks/gecko_sdk_suite/v2.3//platform/radio/rail_lib/autogen/librail_release/librail_efr32xg1_gcc_release.a(ieee802154_efr32xg1_configurator_out.o)
[...]
Memory Configuration

Name             Origin             Length             Attributes
FLASH            0x00000000         0x00040000         xr
RAM              0x20000000         0x00007c00         xrw
*default*        0x00000000         0xffffffff

Linker script and memory map

LOAD c:/siliconlabs/simplicitystudio/v4/developer/toolchains/gnu_arm/7.2_2017q4/bin/../lib/gcc/arm-none-eabi/7.2.1/thumb/v7e-m/fpv4-sp/softfp/crti.o
LOAD c:/siliconlabs/simplicitystudio/v4/developer/toolchains/gnu_arm/7.2_2017q4/bin/../lib/gcc/arm-none-eabi/7.2.1/thumb/v7e-m/fpv4-sp/softfp/crtbegin.o
LOAD c:/siliconlabs/simplicitystudio/v4/developer/toolchains/gnu_arm/7.2_2017q4/bin/../lib/gcc/arm-none-eabi/7.2.1/../../../../arm-none-eabi/lib/thumb/v7e-m/fpv4-sp/softfp/crt0.o
                0x00040000                FLASH_SIZE = 0x40000
                0x00008000                RAM_SIZE = 0x8000
                0x00000000                SIMEEPROM_SIZE = 0x0
                0x00000001                NULL_BTL = 0x1
START GROUP
LOAD ./.metadata/.plugins/org.eclipse.cdt.make.core/specs.o
LOAD ./app_hal.o
LOAD ./app_main.o
LOAD ./rail_config.o
LOAD ./buffer-pool-memory-manager/buffer_pool_allocator.o
LOAD ./circular-queue/circular_queue.o
LOAD ./command-interpreter-rail/command_interpreter.o
LOAD ./emdrv/dmadrv.o
LOAD ./emdrv/gpiointerrupt.o
LOAD ./emdrv/rtcdriver.o
LOAD ./emdrv/sleep.o
LOAD ./emdrv/tempdrv.o
LOAD ./emdrv/uartdrv.o
LOAD ./emdrv/ustimer.o
LOAD ./emlib/em_adc.o
LOAD ./emlib/em_cmu.o
LOAD ./emlib/em_core.o
LOAD ./emlib/em_emu.o
LOAD ./emlib/em_gpio.o
LOAD ./emlib/em_i2c.o
LOAD ./emlib/em_ldma.o
LOAD ./emlib/em_leuart.o
LOAD ./emlib/em_mpu.o
LOAD ./emlib/em_msc.o
LOAD ./emlib/em_prs.o
LOAD ./emlib/em_rmu.o
LOAD ./emlib/em_rtcc.o
LOAD ./emlib/em_system.o
LOAD ./emlib/em_timer.o
LOAD ./emlib/em_usart.o
LOAD ./emlib/em_wdog.o
LOAD ./emlib/system_efr32fg1p.o
LOAD ./hal-efr32/bsp_init.o
LOAD ./hal-efr32/bsp_stk.o
LOAD ./hal-efr32/bsp_stk_leds.o
LOAD ./hal-efr32/dmactrl.o
LOAD ./hal-efr32/em_assert.o
LOAD ./hal-efr32/em_rtc.o
LOAD ./hal-efr32/hal_common.o
LOAD ./hal-efr32/hal_efr.o
LOAD ./hal-efr32/i2cspm.o
LOAD ./hal-efr32/retargetio.o
LOAD ./hal-efr32/retargetserial.o
LOAD ./hal-efr32/udelay.o
LOAD ./pa-conversions/pa_conversions_efr32.o
LOAD ./rail-app-config/EFR32_F_1_1_P/gcc/startup_efr32fg1p.o
LOAD ./response-printf/response_print.o
LOAD ./user_data/user_data.o
LOAD ./yes/my_uart.o
LOAD ./yes/parameter_ci.o
LOAD ./yes/yes_radio.o
LOAD C:/SiliconLabs/SimplicityStudio/v4/developer/sdks/gecko_sdk_suite/v2.3//platform/radio/rail_lib/autogen/librail_release/librail_efr32xg1_gcc_release.a
LOAD c:/siliconlabs/simplicitystudio/v4/developer/toolchains/gnu_arm/7.2_2017q4/bin/../lib/gcc/arm-none-eabi/7.2.1/../../../../arm-none-eabi/lib/thumb/v7e-m/fpv4-sp/softfp\libm.a
END GROUP
START GROUP
LOAD c:/siliconlabs/simplicitystudio/v4/developer/toolchains/gnu_arm/7.2_2017q4/bin/../lib/gcc/arm-none-eabi/7.2.1/thumb/v7e-m/fpv4-sp/softfp\libgcc.a
LOAD c:/siliconlabs/simplicitystudio/v4/developer/toolchains/gnu_arm/7.2_2017q4/bin/../lib/gcc/arm-none-eabi/7.2.1/../../../../arm-none-eabi/lib/thumb/v7e-m/fpv4-sp/softfp\libc_nano.a
LOAD c:/siliconlabs/simplicitystudio/v4/developer/toolchains/gnu_arm/7.2_2017q4/bin/../lib/gcc/arm-none-eabi/7.2.1/../../../../arm-none-eabi/lib/thumb/v7e-m/fpv4-sp/softfp\libnosys.a
END GROUP
START GROUP
LOAD c:/siliconlabs/simplicitystudio/v4/developer/toolchains/gnu_arm/7.2_2017q4/bin/../lib/gcc/arm-none-eabi/7.2.1/thumb/v7e-m/fpv4-sp/softfp\libgcc.a
LOAD c:/siliconlabs/simplicitystudio/v4/developer/toolchains/gnu_arm/7.2_2017q4/bin/../lib/gcc/arm-none-eabi/7.2.1/../../../../arm-none-eabi/lib/thumb/v7e-m/fpv4-sp/softfp\libg_nano.a
LOAD c:/siliconlabs/simplicitystudio/v4/developer/toolchains/gnu_arm/7.2_2017q4/bin/../lib/gcc/arm-none-eabi/7.2.1/../../../../arm-none-eabi/lib/thumb/v7e-m/fpv4-sp/softfp\libc_nano.a
END GROUP
START GROUP
LOAD c:/siliconlabs/simplicitystudio/v4/developer/toolchains/gnu_arm/7.2_2017q4/bin/../lib/gcc/arm-none-eabi/7.2.1/thumb/v7e-m/fpv4-sp/softfp\libgcc.a
LOAD c:/siliconlabs/simplicitystudio/v4/developer/toolchains/gnu_arm/7.2_2017q4/bin/../lib/gcc/arm-none-eabi/7.2.1/../../../../arm-none-eabi/lib/thumb/v7e-m/fpv4-sp/softfp\libc_nano.a
END GROUP
LOAD c:/siliconlabs/simplicitystudio/v4/developer/toolchains/gnu_arm/7.2_2017q4/bin/../lib/gcc/arm-none-eabi/7.2.1/thumb/v7e-m/fpv4-sp/softfp/crtend.o
LOAD c:/siliconlabs/simplicitystudio/v4/developer/toolchains/gnu_arm/7.2_2017q4/bin/../lib/gcc/arm-none-eabi/7.2.1/thumb/v7e-m/fpv4-sp/softfp/crtn.o

.text           0x00000000     0xb058
 *(.vectors)
 .vectors       0x00000000       0xc8 ./rail-app-config/EFR32_F_1_1_P/gcc/startup_efr32fg1p.o
                0x00000000                __Vectors
                0x000000c8                __Vectors_End = .
                0x000000c8                __Vectors_Size = (__Vectors_End - __Vectors)
                0x000000c8                __end__ = .
 *(.text*)
 .text          0x000000c8       0x40 c:/siliconlabs/simplicitystudio/v4/developer/toolchains/gnu_arm/7.2_2017q4/bin/../lib/gcc/arm-none-eabi/7.2.1/thumb/v7e-m/fpv4-sp/softfp/crtbegin.o
 .text          0x00000108       0x74 c:/siliconlabs/simplicitystudio/v4/developer/toolchains/gnu_arm/7.2_2017q4/bin/../lib/gcc/arm-none-eabi/7.2.1/../../../../arm-none-eabi/lib/thumb/v7e-m/fpv4-sp/softfp/crt0.o
                0x00000108                _start
                0x00000108                _mainCRTStartup
 .text.appHalInit
                0x0000017c       0x18 ./app_hal.o
                0x0000017c                appHalInit
 .text.Init_TimerExpired
                0x00000194       0x14 ./app_main.o
                0x00000194                Init_TimerExpired
 .text.one_sec_Timer_Trigger_on
                0x000001a8       0x44 ./app_main.o
                0x000001a8                one_sec_Timer_Trigger_on
 .text.one_sec_Timer_Start
                0x000001ec       0x2c ./app_main.o
                0x000001ec                one_sec_Timer_Start
 .text.processInputCharacters
                0x00000218       0x70 ./app_main.o
                0x00000218                processInputCharacters
 .text.changeChannel2p4
                0x00000288       0x24 ./app_main.o
                0x00000288                changeChannel2p4
 .text.startup.main
                0x000002ac      0x188 ./app_main.o
                0x000002ac                main
 .text.RAILCb_CalcBitRate
                0x00000434        0x4 ./rail_config.o
                0x00000434                RAILCb_CalcBitRate
 .text.RAILCb_ConfigFrameTypeLength
                0x00000438        0x2 ./rail_config.o
                0x00000438                RAILCb_ConfigFrameTypeLength
 *fill*         0x0000043a        0x2 
 .text.memoryAllocate
                0x0000043c       0x44 ./buffer-pool-memory-manager/buffer_pool_allocator.o
                0x0000043c                memoryAllocate
 .text.memoryPtrFromHandle
                0x00000480       0x30 ./buffer-pool-memory-manager/buffer_pool_allocator.o
                0x00000480                memoryPtrFromHandle
 .text.memoryFree
                0x000004b0       0x30 ./buffer-pool-memory-manager/buffer_pool_allocator.o
                0x000004b0                memoryFree
 .text.memoryTakeReference
                0x000004e0       0x30 ./buffer-pool-memory-manager/buffer_pool_allocator.o
                0x000004e0                memoryTakeReference
 .text.queueInit
                0x00000510       0x22 ./circular-queue/circular_queue.o
                0x00000510                queueInit
 .text.queueAdd
                0x00000532       0x48 ./circular-queue/circular_queue.o
                0x00000532                queueAdd
 .text.queueRemove
                0x0000057a       0x38 ./circular-queue/circular_queue.o
                0x0000057a                queueRemove
 .text.queueIsEmpty
                0x000005b2       0x1e ./circular-queue/circular_queue.o
                0x000005b2                queueIsEmpty
 .text.validateInteger
                0x000005d0       0x58 ./command-interpreter-rail/command_interpreter.o
 .text.ciErrorCallback
                0x00000628       0x2c ./command-interpreter-rail/command_interpreter.o
                0x00000628                ciErrorCallback
 .text.ciPrintHelp
                0x00000654       0xb4 ./command-interpreter-rail/command_interpreter.o
                0x00000654                ciPrintHelp
 .text.ciInitState
                0x00000708       0x18 ./command-interpreter-rail/command_interpreter.o
                0x00000708                ciInitState
 .text.ciProcessInput
                0x00000720      0x274 ./command-interpreter-rail/command_interpreter.o
                0x00000720                ciProcessInput
 .text.ciGetUnsigned
                0x00000994        0x8 ./command-interpreter-rail/command_interpreter.o
                0x00000994                ciGetUnsigned
 .text.ciGetSigned
                0x0000099c        0x8 ./command-interpreter-rail/command_interpreter.o
                0x0000099c                ciGetSigned
 .text.LDMA_IRQHandler
                0x000009a4       0x70 ./emdrv/dmadrv.o
                0x000009a4                LDMA_IRQHandler
 .text.GPIOINT_IRQDispatcher
                0x00000a14       0x2c ./emdrv/gpiointerrupt.o
 .text.GPIO_EVEN_IRQHandler
                0x00000a40       0x24 ./emdrv/gpiointerrupt.o
                0x00000a40                GPIO_EVEN_IRQHandler
 .text.GPIO_ODD_IRQHandler
                0x00000a64       0x24 ./emdrv/gpiointerrupt.o
                0x00000a64                GPIO_ODD_IRQHandler
 .text.checkAllTimers
                0x00000a88       0xac ./emdrv/rtcdriver.o
 .text.executeTimerCallbacks
                0x00000b34       0x24 ./emdrv/rtcdriver.o
 .text.rescheduleRtc
                0x00000b58       0x78 ./emdrv/rtcdriver.o
 .text.RTCDRV_AllocateTimer
                0x00000bd0       0x40 ./emdrv/rtcdriver.o
                0x00000bd0                RTCDRV_AllocateTimer
 .text.RTCDRV_Init
                0x00000c10       0xbc ./emdrv/rtcdriver.o
                0x00000c10                RTCDRV_Init
 .text.RTCDRV_StartTimer
                0x00000ccc      0x18c ./emdrv/rtcdriver.o
                0x00000ccc                RTCDRV_StartTimer
 .text.RTCC_IRQHandler
                0x00000e58       0x94 ./emdrv/rtcdriver.o
                0x00000e58                RTCC_IRQHandler
 .text.updateInterrupts
                0x00000eec       0xd0 ./emdrv/tempdrv.o
 .text.TEMPDRV_GetTemp
                0x00000fbc       0x28 ./emdrv/tempdrv.o
                0x00000fbc                TEMPDRV_GetTemp
 .text.TEMPDRV_IRQHandler
                0x00000fe4       0x60 ./emdrv/tempdrv.o
                0x00000fe4                TEMPDRV_IRQHandler
 .text.EMU_IRQHandler
                0x00001044        0x4 ./emdrv/tempdrv.o
                0x00001044                EMU_IRQHandler
 .text.TIMER0_IRQHandler
                0x00001048       0x1c ./emdrv/ustimer.o
                0x00001048                TIMER0_IRQHandler
 .text.setHfLeConfig
                0x00001064       0x44 ./emlib/em_cmu.o
 .text.flashWaitStateControl.isra.0
                0x000010a8       0x38 ./emlib/em_cmu.o
 .text.flashWaitStateMax
                0x000010e0       0x20 ./emlib/em_cmu.o
 .text.syncReg  0x00001100       0x18 ./emlib/em_cmu.o
 .text.CMU_OscillatorTuningSet.part.3
                0x00001118       0x3c ./emlib/em_cmu.o
 .text.CMU_UpdateWaitStates
                0x00001154       0x1c ./emlib/em_cmu.o
                0x00001154                CMU_UpdateWaitStates
 .text.CMU_ClockEnable
                0x00001170       0x7c ./emlib/em_cmu.o
                0x00001170                CMU_ClockEnable
 .text.CMU_ClockSelectGet
                0x000011ec       0xbc ./emlib/em_cmu.o
                0x000011ec                CMU_ClockSelectGet
 .text.lfClkGet
                0x000012a8       0x88 ./emlib/em_cmu.o
 .text.CMU_ClockFreqGet
                0x00001330      0x134 ./emlib/em_cmu.o
                0x00001330                CMU_ClockFreqGet
 .text.CMU_OscillatorTuningWait
                0x00001464       0x44 ./emlib/em_cmu.o
                0x00001464                CMU_OscillatorTuningWait
 .text.CMU_OscillatorTuningOptimize
                0x000014a8       0x24 ./emlib/em_cmu.o
                0x000014a8                CMU_OscillatorTuningOptimize
 .text.CMU_OscillatorEnable
                0x000014cc       0xe8 ./emlib/em_cmu.o
                0x000014cc                CMU_OscillatorEnable
 .text.CMU_ClockSelectSet
                0x000015b4      0x15c ./emlib/em_cmu.o
                0x000015b4                CMU_ClockSelectSet
 .text.CMU_HFXOInit
                0x00001710       0x88 ./emlib/em_cmu.o
                0x00001710                CMU_HFXOInit
 .text.CORE_EnterCritical
                0x00001798        0x8 ./emlib/em_core.o
                0x00001798                CORE_EnterCritical
 .text.CORE_ExitCritical
                0x000017a0        0x6 ./emlib/em_core.o
                0x000017a0                CORE_ExitCritical
 .text.CORE_EnterAtomic
                0x000017a6        0x8 ./emlib/em_core.o
                0x000017a6                CORE_EnterAtomic
 .text.CORE_ExitAtomic
                0x000017ae        0x4 ./emlib/em_core.o
                0x000017ae                CORE_ExitAtomic
 *fill*         0x000017b2        0x2 
 .text.currentLimitersUpdate
                0x000017b4       0x70 ./emlib/em_emu.o
 .text.EMU_DCDCModeSet
                0x00001824       0x5c ./emlib/em_emu.o
                0x00001824                EMU_DCDCModeSet
 .text.EMU_DCDCOutputVoltageSet
                0x00001880      0x19c ./emlib/em_emu.o
                0x00001880                EMU_DCDCOutputVoltageSet
 .text.EMU_DCDCOptimizeSlice
                0x00001a1c       0x6c ./emlib/em_emu.o
                0x00001a1c                EMU_DCDCOptimizeSlice
 .text.EMU_DCDCLnRcoBandSet
                0x00001a88       0x24 ./emlib/em_emu.o
                0x00001a88                EMU_DCDCLnRcoBandSet
 .text.EMU_DCDCInit
                0x00001aac      0x19c ./emlib/em_emu.o
                0x00001aac                EMU_DCDCInit
 .text.GPIO_PinModeSet
                0x00001c48       0x84 ./emlib/em_gpio.o
                0x00001c48                GPIO_PinModeSet
 .text.MSC_Init
                0x00001ccc       0x18 ./emlib/em_msc.o
                0x00001ccc                MSC_Init
 .text.MSC_Deinit
                0x00001ce4       0x14 ./emlib/em_msc.o
                0x00001ce4                MSC_Deinit
 .text.RTCC_ChannelInit
                0x00001cf8       0x34 ./emlib/em_rtcc.o
                0x00001cf8                RTCC_ChannelInit
 .text.RTCC_Init
                0x00001d2c       0x68 ./emlib/em_rtcc.o
                0x00001d2c                RTCC_Init
 .text.SYSTEM_ChipRevisionGet
                0x00001d94       0x34 ./emlib/em_system.o
                0x00001d94                SYSTEM_ChipRevisionGet
 .text.USART_BaudrateAsyncSet
                0x00001dc8       0x64 ./emlib/em_usart.o
                0x00001dc8                USART_BaudrateAsyncSet
 .text.USART_BaudrateSyncSet
                0x00001e2c       0x24 ./emlib/em_usart.o
                0x00001e2c                USART_BaudrateSyncSet
 .text.USART_Enable
                0x00001e50        0xe ./emlib/em_usart.o
                0x00001e50                USART_Enable
 *fill*         0x00001e5e        0x2 
 .text.USART_Reset
                0x00001e60       0x44 ./emlib/em_usart.o
                0x00001e60                USART_Reset
 .text.USART_InitAsync
                0x00001ea4       0x70 ./emlib/em_usart.o
                0x00001ea4                USART_InitAsync
 .text.USART_InitSync
                0x00001f14       0x82 ./emlib/em_usart.o
                0x00001f14                USART_InitSync
 .text.USART_Rx
                0x00001f96        0xc ./emlib/em_usart.o
                0x00001f96                USART_Rx
 .text.USART_Tx
                0x00001fa2        0xa ./emlib/em_usart.o
                0x00001fa2                USART_Tx
 .text.SystemMaxCoreClockGet
                0x00001fac        0x8 ./emlib/system_efr32fg1p.o
                0x00001fac                SystemMaxCoreClockGet
 .text.SystemHFClockGet
                0x00001fb4       0x48 ./emlib/system_efr32fg1p.o
                0x00001fb4                SystemHFClockGet
 .text.SystemCoreClockGet
                0x00001ffc       0x24 ./emlib/system_efr32fg1p.o
                0x00001ffc                SystemCoreClockGet
 .text.SystemHFXOClockGet
                0x00002020        0xc ./emlib/system_efr32fg1p.o
                0x00002020                SystemHFXOClockGet
 .text.SystemHFXOClockSet
                0x0000202c       0x20 ./emlib/system_efr32fg1p.o
                0x0000202c                SystemHFXOClockSet
 .text.SystemInit
                0x0000204c       0x44 ./emlib/system_efr32fg1p.o
                0x0000204c                SystemInit
 .text.SystemLFRCOClockGet
                0x00002090        0x6 ./emlib/system_efr32fg1p.o
                0x00002090                SystemLFRCOClockGet
 .text.SystemULFRCOClockGet
                0x00002096        0x6 ./emlib/system_efr32fg1p.o
                0x00002096                SystemULFRCOClockGet
 .text.SystemLFXOClockGet
                0x0000209c        0xc ./emlib/system_efr32fg1p.o
                0x0000209c                SystemLFXOClockGet
 .text.BSP_initDcdc
                0x000020a8       0x2c ./hal-efr32/bsp_init.o
                0x000020a8                BSP_initDcdc
 .text.BSP_initClocks
                0x000020d4       0x80 ./hal-efr32/bsp_init.o
                0x000020d4                BSP_initClocks
 .text.BSP_initDevice
                0x00002154       0x88 ./hal-efr32/bsp_init.o
                0x00002154                BSP_initDevice
 .text.BSP_initBoard
                0x000021dc       0x1c ./hal-efr32/bsp_init.o
                0x000021dc                BSP_initBoard
 .text.BSP_Init
                0x000021f8        0x4 ./hal-efr32/bsp_stk.o
                0x000021f8                BSP_Init
 .text.BSP_LedsInit
                0x000021fc       0x44 ./hal-efr32/bsp_stk_leds.o
                0x000021fc                BSP_LedsInit
 .text.BSP_LedClear
                0x00002240       0x30 ./hal-efr32/bsp_stk_leds.o
                0x00002240                BSP_LedClear
 .text.BSP_LedSet
                0x00002270       0x30 ./hal-efr32/bsp_stk_leds.o
                0x00002270                BSP_LedSet
 .text.halInit  0x000022a0        0x8 ./hal-efr32/hal_common.o
                0x000022a0                halInit
 .text.usecDelay
                0x000022a8       0x24 ./hal-efr32/hal_efr.o
 .text.halInitChipSpecific
                0x000022cc      0x15c ./hal-efr32/hal_efr.o
                0x000022cc                halInitChipSpecific
 .text._close   0x00002428        0x4 ./hal-efr32/retargetio.o
                0x00002428                _close
 .text._exit    0x0000242c        0x2 ./hal-efr32/retargetio.o
                0x0000242c                _exit
 .text._fstat   0x0000242e        0xa ./hal-efr32/retargetio.o
                0x0000242e                _fstat
 .text._getpid  0x00002438        0x4 ./hal-efr32/retargetio.o
                0x00002438                _getpid
 .text._isatty  0x0000243c        0x4 ./hal-efr32/retargetio.o
                0x0000243c                _isatty
 .text._kill    0x00002440        0x6 ./hal-efr32/retargetio.o
                0x00002440                _kill
 .text._lseek   0x00002446        0x4 ./hal-efr32/retargetio.o
                0x00002446                _lseek
 .text._read    0x0000244a       0x2a ./hal-efr32/retargetio.o
                0x0000244a                _read
 .text._sbrk    0x00002474       0x1c ./hal-efr32/retargetio.o
                0x00002474                _sbrk
 .text._write   0x00002490       0x1c ./hal-efr32/retargetio.o
                0x00002490                _write
 .text.USART0_RX_IRQHandler
                0x000024ac       0x50 ./hal-efr32/retargetserial.o
                0x000024ac                USART0_RX_IRQHandler
 .text.RETARGET_SerialInit
                0x000024fc       0xc8 ./hal-efr32/retargetserial.o
                0x000024fc                RETARGET_SerialInit
 .text.RETARGET_ReadChar
                0x000025c4       0x64 ./hal-efr32/retargetserial.o
                0x000025c4                RETARGET_ReadChar
 .text.RETARGET_WriteChar
                0x00002628       0x48 ./hal-efr32/retargetserial.o
                0x00002628                RETARGET_WriteChar
 .text.RAIL_GetTxPowerCurve
                0x00002670       0x14 ./pa-conversions/pa_conversions_efr32.o
                0x00002670                RAIL_GetTxPowerCurve
 .text.RAIL_InitTxPowerCurves
                0x00002684       0x2c ./pa-conversions/pa_conversions_efr32.o
                0x00002684                RAIL_InitTxPowerCurves
 .text.RAIL_ConvertDbmToRaw
                0x000026b0       0xd8 ./pa-conversions/pa_conversions_efr32.o
                0x000026b0                RAIL_ConvertDbmToRaw
 .text.RAIL_ConvertRawToDbm
                0x00002788       0xb8 ./pa-conversions/pa_conversions_efr32.o
                0x00002788                RAIL_ConvertRawToDbm
 .text          0x00002840       0x30 ./rail-app-config/EFR32_F_1_1_P/gcc/startup_efr32fg1p.o
                0x00002840                Reset_Handler
                0x0000286c                USART0_TX_IRQHandler
                0x0000286c                I2C0_IRQHandler
                0x0000286c                HardFault_Handler
                0x0000286c                SysTick_Handler
                0x0000286c                USART1_RX_IRQHandler
                0x0000286c                PendSV_Handler
                0x0000286c                NMI_Handler
                0x0000286c                WDOG0_IRQHandler
                0x0000286c                USART1_TX_IRQHandler
                0x0000286c                MSC_IRQHandler
                0x0000286c                ADC0_IRQHandler
                0x0000286c                UsageFault_Handler
                0x0000286c                LEUART0_IRQHandler
                0x0000286c                FPUEH_IRQHandler
                0x0000286c                DebugMon_Handler
                0x0000286c                LETIMER0_IRQHandler
                0x0000286c                TIMER1_IRQHandler
                0x0000286c                Default_Handler
                0x0000286c                CRYOTIMER_IRQHandler
                0x0000286c                PCNT0_IRQHandler
                0x0000286c                ACMP0_IRQHandler
                0x0000286c                MemManage_Handler
                0x0000286c                SVC_Handler
                0x0000286c                CRYPTO_IRQHandler
                0x0000286c                CMU_IRQHandler
                0x0000286c                BusFault_Handler
                0x0000286c                IDAC0_IRQHandler
 .text.responsePrintInternal
                0x00002870      0x12c ./response-printf/response_print.o
 .text.responsePrintStart
                0x0000299c       0x1c ./response-printf/response_print.o
                0x0000299c                responsePrintStart
 .text.responsePrint
                0x000029b8       0x34 ./response-printf/response_print.o
                0x000029b8                responsePrint
 .text.responsePrintError
                0x000029ec       0x60 ./response-printf/response_print.o
                0x000029ec                responsePrintError
 .text.InitUserDataInfo
                0x00002a4c      0x10c ./user_data/user_data.o
                0x00002a4c                InitUserDataInfo
 .text.User_page_update
                0x00002b58       0x90 ./user_data/user_data.o
                0x00002b58                User_page_update
 .text.resetChip
                0x00002be8       0x24 ./yes/parameter_ci.o
                0x00002be8                resetChip
 .text.getNodeId
                0x00002c0c       0x18 ./yes/parameter_ci.o
                0x00002c0c                getNodeId
 .text.setNodeId
                0x00002c24       0x30 ./yes/parameter_ci.o
                0x00002c24                setNodeId
 .text.getChannel
                0x00002c54       0x40 ./yes/parameter_ci.o
                0x00002c54                getChannel
 .text.setChannel
                0x00002c94       0x44 ./yes/parameter_ci.o
                0x00002c94                setChannel
 .text.getChannelSubG
                0x00002cd8       0x40 ./yes/parameter_ci.o
                0x00002cd8                getChannelSubG
 .text.setChannelSubG
                0x00002d18       0x44 ./yes/parameter_ci.o
                0x00002d18                setChannelSubG
 .text.getPower
                0x00002d5c       0x2c ./yes/parameter_ci.o
                0x00002d5c                getPower
 .text.setPower
                0x00002d88       0x80 ./yes/parameter_ci.o
                0x00002d88                setPower
 .text.getPowerSubG
                0x00002e08       0x2c ./yes/parameter_ci.o
                0x00002e08                getPowerSubG
 .text.setPowerSubG
                0x00002e34       0x88 ./yes/parameter_ci.o
                0x00002e34                setPowerSubG
 .text.getRetxCount802154
                0x00002ebc       0x18 ./yes/parameter_ci.o
                0x00002ebc                getRetxCount802154
 .text.setRetxCount802154
                0x00002ed4       0x28 ./yes/parameter_ci.o
                0x00002ed4                setRetxCount802154
 .text.getRetxCountSubG
                0x00002efc       0x18 ./yes/parameter_ci.o
                0x00002efc                getRetxCountSubG
 .text.setRetxCountSubG
                0x00002f14       0x28 ./yes/parameter_ci.o
                0x00002f14                setRetxCountSubG
 .text.lightOff
                0x00002f3c        0xc ./yes/parameter_ci.o
                0x00002f3c                lightOff
 .text.lightON  0x00002f48        0xc ./yes/parameter_ci.o
                0x00002f48                lightON
 .text.Stop     0x00002f54        0xc ./yes/parameter_ci.o
                0x00002f54                Stop
 .text.rgbTest  0x00002f60       0x2c ./yes/parameter_ci.o
                0x00002f60                rgbTest
 .text.RAILCb_RfReady2p4
                0x00002f8c        0xc ./yes/yes_radio.o
 .text.ReTxSubG_TimerExpired
                0x00002f98       0x94 ./yes/yes_radio.o
                0x00002f98                ReTxSubG_TimerExpired
 .text.ReTx_TimerExpired
                0x0000302c       0x74 ./yes/yes_radio.o
                0x0000302c                ReTx_TimerExpired
 .text.RAILCb_Generic2p4
                0x000030a0       0x50 ./yes/yes_radio.o
                0x000030a0                RAILCb_Generic2p4
 .text.QueueInit
                0x000030f0       0x34 ./yes/yes_radio.o
                0x000030f0                QueueInit
 .text.SendMessageSubGiga
                0x00003124      0x128 ./yes/yes_radio.o
                0x00003124                SendMessageSubGiga
 .text.RgbTest_TimerExpired
                0x0000324c       0x48 ./yes/yes_radio.o
                0x0000324c                RgbTest_TimerExpired
 .text.SendMessageIEEE802154
                0x00003294       0xe0 ./yes/yes_radio.o
                0x00003294                SendMessageIEEE802154
 .text.Tx2p4GPending
                0x00003374       0x5c ./yes/yes_radio.o
                0x00003374                Tx2p4GPending
 .text.initRadio802154
                0x000033d0       0xc8 ./yes/yes_radio.o
                0x000033d0                initRadio802154
 .text.changeNodeId
                0x00003498       0x14 ./yes/yes_radio.o
                0x00003498                changeNodeId
 .text.changeChannel
                0x000034ac       0x2c ./yes/yes_radio.o
                0x000034ac                changeChannel
 .text.changeChannelSubG
                0x000034d8       0x2c ./yes/yes_radio.o
                0x000034d8                changeChannelSubG
 .text.changePowerSubG
                0x00003504       0x14 ./yes/yes_radio.o
                0x00003504                changePowerSubG
 .text.changeRetxCount802154
                0x00003518       0x14 ./yes/yes_radio.o
                0x00003518                changeRetxCount802154
 .text.changeRetxCountSubG
                0x0000352c       0x14 ./yes/yes_radio.o
                0x0000352c                changeRetxCountSubG
 .text.setRgbTest
                0x00003540       0x24 ./yes/yes_radio.o
                0x00003540                setRgbTest
 .text.setMultiTimer
                0x00003564        0x4 C:/SiliconLabs/SimplicityStudio/v4/developer/sdks/gecko_sdk_suite/v2.3//platform/radio/rail_lib/autogen/librail_release/librail_efr32xg1_gcc_release.a(rail_singleprotocol.o)
 .text.cancelMultiTimer
                0x00003568        0x4 C:/SiliconLabs/SimplicityStudio/v4/developer/sdks/gecko_sdk_suite/v2.3//platform/radio/rail_lib/autogen/librail_release/librail_efr32xg1_gcc_release.a(rail_singleprotocol.o)
 .text.isMultiTimerExpired
                0x0000356c        0x4 C:/SiliconLabs/SimplicityStudio/v4/developer/sdks/gecko_sdk_suite/v2.3//platform/radio/rail_lib/autogen/librail_release/librail_efr32xg1_gcc_release.a(rail_singleprotocol.o)
 .text.getMultiTimer
                0x00003570        0x4 C:/SiliconLabs/SimplicityStudio/v4/developer/sdks/gecko_sdk_suite/v2.3//platform/radio/rail_lib/autogen/librail_release/librail_efr32xg1_gcc_release.a(rail_singleprotocol.o)
 .text.getActiveTimerCb
                0x00003574       0x18 C:/SiliconLabs/SimplicityStudio/v4/developer/sdks/gecko_sdk_suite/v2.3//platform/radio/rail_lib/autogen/librail_release/librail_efr32xg1_gcc_release.a(rail_singleprotocol.o)
 .text.isMultiTimerRunning
                0x0000358c        0x4 C:/SiliconLabs/SimplicityStudio/v4/developer/sdks/gecko_sdk_suite/v2.3//platform/radio/rail_lib/autogen/librail_release/librail_efr32xg1_gcc_release.a(rail_singleprotocol.o)
 .text.RAIL_Init
                0x00003590       0x20 C:/SiliconLabs/SimplicityStudio/v4/developer/sdks/gecko_sdk_suite/v2.3//platform/radio/rail_lib/autogen/librail_release/librail_efr32xg1_gcc_release.a(rail_singleprotocol.o)
                0x00003590                RAIL_Init
 .text.RAIL_SetTimer
                0x000035b0       0x1c C:/SiliconLabs/SimplicityStudio/v4/developer/sdks/gecko_sdk_suite/v2.3//platform/radio/rail_lib/autogen/librail_release/librail_efr32xg1_gcc_release.a(rail_singleprotocol.o)
                0x000035b0                RAIL_SetTimer
 .text.RAIL_CancelTimer
                0x000035cc        0xe C:/SiliconLabs/SimplicityStudio/v4/developer/sdks/gecko_sdk_suite/v2.3//platform/radio/rail_lib/autogen/librail_release/librail_efr32xg1_gcc_release.a(rail_singleprotocol.o)
                0x000035cc                RAIL_CancelTimer
 .text.RAIL_StartCcaCsmaTx
                0x000035da        0x6 C:/SiliconLabs/SimplicityStudio/v4/developer/sdks/gecko_sdk_suite/v2.3//platform/radio/rail_lib/autogen/librail_release/librail_efr32xg1_gcc_release.a(rail_singleprotocol.o)
                0x000035da                RAIL_StartCcaCsmaTx
 .text.RAIL_StartRx
                0x000035e0        0x6 C:/SiliconLabs/SimplicityStudio/v4/developer/sdks/gecko_sdk_suite/v2.3//platform/radio/rail_lib/autogen/librail_release/librail_efr32xg1_gcc_release.a(rail_singleprotocol.o)
                0x000035e0                RAIL_StartRx
 .text.radioConfigChangedDefault
                0x000035e6        0x2 C:/SiliconLabs/SimplicityStudio/v4/developer/sdks/gecko_sdk_suite/v2.3//platform/radio/rail_lib/autogen/librail_release/librail_efr32xg1_gcc_release.a(rail_rf.o)
 .text.isTransitionState
                0x000035e8       0x12 C:/SiliconLabs/SimplicityStudio/v4/developer/sdks/gecko_sdk_suite/v2.3//platform/radio/rail_lib/autogen/librail_release/librail_efr32xg1_gcc_release.a(rail_rf.o)
 .text.RAILCore_Init
                0x000035fa       0x12 C:/SiliconLabs/SimplicityStudio/v4/developer/sdks/gecko_sdk_suite/v2.3//platform/radio/rail_lib/autogen/librail_release/librail_efr32xg1_gcc_release.a(rail_rf.o)
                0x000035fa                RAILCore_Init
 .text.RAILInt_SetCallbackConfig
                0x0000360c       0x20 C:/SiliconLabs/SimplicityStudio/v4/developer/sdks/gecko_sdk_suite/v2.3//platform/radio/rail_lib/autogen/librail_release/librail_efr32xg1_gcc_release.a(rail_rf.o)
                0x0000360c                RAILInt_SetCallbackConfig
 .text.RAILCore_Idle
                0x0000362c       0x14 C:/SiliconLabs/SimplicityStudio/v4/developer/sdks/gecko_sdk_suite/v2.3//platform/radio/rail_lib/autogen/librail_release/librail_efr32xg1_gcc_release.a(rail_rf.o)
                0x0000362c                RAILCore_Idle
 .text.RAIL_IsValidChannel
                0x00003640       0x2c C:/SiliconLabs/SimplicityStudio/v4/developer/sdks/gecko_sdk_suite/v2.3//platform/radio/rail_lib/autogen/librail_release/librail_efr32xg1_gcc_release.a(rail_rf.o)
                0x00003640                RAIL_IsValidChannel
 .text.RAILInt_IsPowerInRange
                0x0000366c       0x3c C:/SiliconLabs/SimplicityStudio/v4/developer/sdks/gecko_sdk_suite/v2.3//platform/radio/rail_lib/autogen/librail_release/librail_efr32xg1_gcc_release.a(rail_rf.o)
                0x0000366c                RAILInt_IsPowerInRange
 .text.RAILInt_SetChannel
                0x000036a8      0x1c0 C:/SiliconLabs/SimplicityStudio/v4/developer/sdks/gecko_sdk_suite/v2.3//platform/radio/rail_lib/autogen/librail_release/librail_efr32xg1_gcc_release.a(rail_rf.o)
                0x000036a8                RAILInt_SetChannel
 .text.RAILCore_ConfigChannels
                0x00003868       0x60 C:/SiliconLabs/SimplicityStudio/v4/developer/sdks/gecko_sdk_suite/v2.3//platform/radio/rail_lib/autogen/librail_release/librail_efr32xg1_gcc_release.a(rail_rf.o)
                0x00003868                RAILCore_ConfigChannels
 .text.RAILInt_GetChannel
                0x000038c8        0x4 C:/SiliconLabs/SimplicityStudio/v4/developer/sdks/gecko_sdk_suite/v2.3//platform/radio/rail_lib/autogen/librail_release/librail_efr32xg1_gcc_release.a(rail_rf.o)
                0x000038c8                RAILInt_GetChannel
 .text.RAIL_GetDebugMode
                0x000038cc        0x4 C:/SiliconLabs/SimplicityStudio/v4/developer/sdks/gecko_sdk_suite/v2.3//platform/radio/rail_lib/autogen/librail_release/librail_efr32xg1_gcc_release.a(rail_rf.o)
                0x000038cc                RAIL_GetDebugMode
 .text.RAILCore_SetTxTransitions
                0x000038d0       0x3c C:/SiliconLabs/SimplicityStudio/v4/developer/sdks/gecko_sdk_suite/v2.3//platform/radio/rail_lib/autogen/librail_release/librail_efr32xg1_gcc_release.a(rail_rf.o)
                0x000038d0                RAILCore_SetTxTransitions
 .text.RAILCore_SetRxTransitions
                0x0000390c       0x38 C:/SiliconLabs/SimplicityStudio/v4/developer/sdks/gecko_sdk_suite/v2.3//platform/radio/rail_lib/autogen/librail_release/librail_efr32xg1_gcc_release.a(rail_rf.o)
                0x0000390c                RAILCore_SetRxTransitions
 .text.RAIL_ConfigEvents
                0x00003944        0x6 C:/SiliconLabs/SimplicityStudio/v4/developer/sdks/gecko_sdk_suite/v2.3//platform/radio/rail_lib/autogen/librail_release/librail_efr32xg1_gcc_release.a(rail_rf.o)
                0x00003944                RAIL_ConfigEvents
 .text.RAILCore_StartRx
                0x0000394a       0x1a C:/SiliconLabs/SimplicityStudio/v4/developer/sdks/gecko_sdk_suite/v2.3//platform/radio/rail_lib/autogen/librail_release/librail_efr32xg1_gcc_release.a(rail_rx.o)
                0x0000394a                RAILCore_StartRx
 .text.RAIL_SetTxPower
                0x00003964        0x6 C:/SiliconLabs/SimplicityStudio/v4/developer/sdks/gecko_sdk_suite/v2.3//platform/radio/rail_lib/autogen/librail_release/librail_efr32xg1_gcc_release.a(rail_tx.o)
                0x00003964                RAIL_SetTxPower
 .text.RAIL_GetTxPower
                0x0000396a        0x6 C:/SiliconLabs/SimplicityStudio/v4/developer/sdks/gecko_sdk_suite/v2.3//platform/radio/rail_lib/autogen/librail_release/librail_efr32xg1_gcc_release.a(rail_tx.o)
                0x0000396a                RAIL_GetTxPower
 .text.RAIL_ConfigTxPower
                0x00003970       0x1c C:/SiliconLabs/SimplicityStudio/v4/developer/sdks/gecko_sdk_suite/v2.3//platform/radio/rail_lib/autogen/librail_release/librail_efr32xg1_gcc_release.a(rail_tx.o)
                0x00003970                RAIL_ConfigTxPower
 .text.RAIL_GetTxPowerConfig
                0x0000398c        0x6 C:/SiliconLabs/SimplicityStudio/v4/developer/sdks/gecko_sdk_suite/v2.3//platform/radio/rail_lib/autogen/librail_release/librail_efr32xg1_gcc_release.a(rail_tx.o)
                0x0000398c                RAIL_GetTxPowerConfig
 .text.RAIL_SetTxPowerDbm
                0x00003992       0x28 C:/SiliconLabs/SimplicityStudio/v4/developer/sdks/gecko_sdk_suite/v2.3//platform/radio/rail_lib/autogen/librail_release/librail_efr32xg1_gcc_release.a(rail_tx.o)
                0x00003992                RAIL_SetTxPowerDbm
 .text.RAIL_GetTxPowerDbm
                0x000039ba       0x24 C:/SiliconLabs/SimplicityStudio/v4/developer/sdks/gecko_sdk_suite/v2.3//platform/radio/rail_lib/autogen/librail_release/librail_efr32xg1_gcc_release.a(rail_tx.o)
                0x000039ba                RAIL_GetTxPowerDbm
 .text.RAILInt_EnableCal
                0x000039de       0x18 C:/SiliconLabs/SimplicityStudio/v4/developer/sdks/gecko_sdk_suite/v2.3//platform/radio/rail_lib/autogen/librail_release/librail_efr32xg1_gcc_release.a(rail_calibration.o)
                0x000039de                RAILInt_EnableCal
 .text.RAILInt_PendCal
                0x000039f6       0x24 C:/SiliconLabs/SimplicityStudio/v4/developer/sdks/gecko_sdk_suite/v2.3//platform/radio/rail_lib/autogen/librail_release/librail_efr32xg1_gcc_release.a(rail_calibration.o)
                0x000039f6                RAILInt_PendCal
 .text.RAIL_ConfigCal
                0x00003a1a       0x10 C:/SiliconLabs/SimplicityStudio/v4/developer/sdks/gecko_sdk_suite/v2.3//platform/radio/rail_lib/autogen/librail_release/librail_efr32xg1_gcc_release.a(rail_calibration.o)
                0x00003a1a                RAIL_ConfigCal
 .text.RAIL_ConfigData
                0x00003a2a        0x6 C:/SiliconLabs/SimplicityStudio/v4/developer/sdks/gecko_sdk_suite/v2.3//platform/radio/rail_lib/autogen/librail_release/librail_efr32xg1_gcc_release.a(rail_data.o)
                0x00003a2a                RAIL_ConfigData
 .text.RAIL_SetTxFifo
                0x00003a30        0x6 C:/SiliconLabs/SimplicityStudio/v4/developer/sdks/gecko_sdk_suite/v2.3//platform/radio/rail_lib/autogen/librail_release/librail_efr32xg1_gcc_release.a(rail_data.o)
                0x00003a30                RAIL_SetTxFifo
 .text.RAIL_SetRxFifo
                0x00003a36        0x6 C:/SiliconLabs/SimplicityStudio/v4/developer/sdks/gecko_sdk_suite/v2.3//platform/radio/rail_lib/autogen/librail_release/librail_efr32xg1_gcc_release.a(rail_data.o)
                0x00003a36                RAIL_SetRxFifo
 .text.RAILCb_SetupRxFifo
                0x00003a3c       0x30 C:/SiliconLabs/SimplicityStudio/v4/developer/sdks/gecko_sdk_suite/v2.3//platform/radio/rail_lib/autogen/librail_release/librail_efr32xg1_gcc_release.a(rail_data.o)
                0x00003a3c                RAILCb_SetupRxFifo
 .text.RAILCb_AssertFailed
                0x00003a6c       0x14 C:/SiliconLabs/SimplicityStudio/v4/developer/sdks/gecko_sdk_suite/v2.3//platform/radio/rail_lib/autogen/librail_release/librail_efr32xg1_gcc_release.a(rail_assert.o)
                0x00003a6c                RAILCb_AssertFailed
 .text.RAILInt_Assert
                0x00003a80       0x1c C:/SiliconLabs/SimplicityStudio/v4/developer/sdks/gecko_sdk_suite/v2.3//platform/radio/rail_lib/autogen/librail_release/librail_efr32xg1_gcc_release.a(rail_assert.o)
                0x00003a80                RAILInt_Assert
 .text.RAIL_ConfigPti
                0x00003a9c        0x6 C:/SiliconLabs/SimplicityStudio/v4/developer/sdks/gecko_sdk_suite/v2.3//platform/radio/rail_lib/autogen/librail_release/librail_efr32xg1_gcc_release.a(rail_pti.o)
                0x00003a9c                RAIL_ConfigPti
 .text.RAILCore_IEEE802154_SetAddresses
                0x00003aa2       0x66 C:/SiliconLabs/SimplicityStudio/v4/developer/sdks/gecko_sdk_suite/v2.3//platform/radio/rail_lib/autogen/librail_release/librail_efr32xg1_gcc_release.a(rail_ieee802154.o)
 .text.RAIL_IEEE802154_Init
                0x00003b08       0x64 C:/SiliconLabs/SimplicityStudio/v4/developer/sdks/gecko_sdk_suite/v2.3//platform/radio/rail_lib/autogen/librail_release/librail_efr32xg1_gcc_release.a(rail_ieee802154.o)
                0x00003b08                RAIL_IEEE802154_Init
 .text.RAIL_IEEE802154_Config2p4GHzRadio
                0x00003b6c        0x6 C:/SiliconLabs/SimplicityStudio/v4/developer/sdks/gecko_sdk_suite/v2.3//platform/radio/rail_lib/autogen/librail_release/librail_efr32xg1_gcc_release.a(rail_ieee802154.o)
                0x00003b6c                RAIL_IEEE802154_Config2p4GHzRadio
 .text.eventDefault
                0x00003b72        0x2 C:/SiliconLabs/SimplicityStudio/v4/developer/sdks/gecko_sdk_suite/v2.3//platform/radio/rail_lib/autogen/librail_release/librail_efr32xg1_gcc_release.a(rail_rf_hal.o)
 .text.setRssiPeriod
                0x00003b74       0x18 C:/SiliconLabs/SimplicityStudio/v4/developer/sdks/gecko_sdk_suite/v2.3//platform/radio/rail_lib/autogen/librail_release/librail_efr32xg1_gcc_release.a(rail_rf_hal.o)
 .text.RFHAL_NotifyUserOfIrCal
                0x00003b8c       0x78 C:/SiliconLabs/SimplicityStudio/v4/developer/sdks/gecko_sdk_suite/v2.3//platform/radio/rail_lib/autogen/librail_release/librail_efr32xg1_gcc_release.a(rail_rf_hal.o)
 *fill*         0x00003c04        0x4 
 .text.GENERIC_PHY_EventCallback
                0x00003c08      0x19c C:/SiliconLabs/SimplicityStudio/v4/developer/sdks/gecko_sdk_suite/v2.3//platform/radio/rail_lib/autogen/librail_release/librail_efr32xg1_gcc_release.a(rail_rf_hal.o)
                0x00003c08                GENERIC_PHY_EventCallback
 .text.RFHAL_IntEnable
                0x00003da4       0x58 C:/SiliconLabs/SimplicityStudio/v4/developer/sdks/gecko_sdk_suite/v2.3//platform/radio/rail_lib/autogen/librail_release/librail_efr32xg1_gcc_release.a(rail_rf_hal.o)
                0x00003da4                RFHAL_IntEnable
 .text.RFHAL_SetEventCallback
                0x00003dfc       0x18 C:/SiliconLabs/SimplicityStudio/v4/developer/sdks/gecko_sdk_suite/v2.3//platform/radio/rail_lib/autogen/librail_release/librail_efr32xg1_gcc_release.a(rail_rf_hal.o)
                0x00003dfc                RFHAL_SetEventCallback
 .text.RFHAL_SetPtiRadioConfig
                0x00003e14        0xc C:/SiliconLabs/SimplicityStudio/v4/developer/sdks/gecko_sdk_suite/v2.3//platform/radio/rail_lib/autogen/librail_release/librail_efr32xg1_gcc_release.a(rail_rf_hal.o)
                0x00003e14                RFHAL_SetPtiRadioConfig
 .text.RFHAL_Idle
                0x00003e20       0x40 C:/SiliconLabs/SimplicityStudio/v4/developer/sdks/gecko_sdk_suite/v2.3//platform/radio/rail_lib/autogen/librail_release/librail_efr32xg1_gcc_release.a(rail_rf_hal.o)
                0x00003e20                RFHAL_Idle
 .text.RFHAL_GetRadioState
                0x00003e60       0x48 C:/SiliconLabs/SimplicityStudio/v4/developer/sdks/gecko_sdk_suite/v2.3//platform/radio/rail_lib/autogen/librail_release/librail_efr32xg1_gcc_release.a(rail_rf_hal.o)
                0x00003e60                RFHAL_GetRadioState
 .text.RFHAL_OkToTransmit
                0x00003ea8       0x18 C:/SiliconLabs/SimplicityStudio/v4/developer/sdks/gecko_sdk_suite/v2.3//platform/radio/rail_lib/autogen/librail_release/librail_efr32xg1_gcc_release.a(rail_rf_hal.o)
                0x00003ea8                RFHAL_OkToTransmit
 .text.RFHAL_StartRx
                0x00003ec0        0xc C:/SiliconLabs/SimplicityStudio/v4/developer/sdks/gecko_sdk_suite/v2.3//platform/radio/rail_lib/autogen/librail_release/librail_efr32xg1_gcc_release.a(rail_rf_hal.o)
                0x00003ec0                RFHAL_StartRx
 .text.RFHAL_EnableRxRawCapture
                0x00003ecc       0x58 C:/SiliconLabs/SimplicityStudio/v4/developer/sdks/gecko_sdk_suite/v2.3//platform/radio/rail_lib/autogen/librail_release/librail_efr32xg1_gcc_release.a(rail_rf_hal.o)
                0x00003ecc                RFHAL_EnableRxRawCapture
 .text.RFHAL_DisableRxRawCapture
                0x00003f24       0x50 C:/SiliconLabs/SimplicityStudio/v4/developer/sdks/gecko_sdk_suite/v2.3//platform/radio/rail_lib/autogen/librail_release/librail_efr32xg1_gcc_release.a(rail_rf_hal.o)
                0x00003f24                RFHAL_DisableRxRawCapture
 .text.RFHAL_AcceptCrcErrors
                0x00003f74       0x18 C:/SiliconLabs/SimplicityStudio/v4/developer/sdks/gecko_sdk_suite/v2.3//platform/radio/rail_lib/autogen/librail_release/librail_efr32xg1_gcc_release.a(rail_rf_hal.o)
                0x00003f74                RFHAL_AcceptCrcErrors
 .text.RFHAL_ConfigRxOptions
                0x00003f8c       0xe0 C:/SiliconLabs/SimplicityStudio/v4/developer/sdks/gecko_sdk_suite/v2.3//platform/radio/rail_lib/autogen/librail_release/librail_efr32xg1_gcc_release.a(rail_rf_hal.o)
                0x00003f8c                RFHAL_ConfigRxOptions
 .text.RFHAL_GetTimer
                0x0000406c        0x6 C:/SiliconLabs/SimplicityStudio/v4/developer/sdks/gecko_sdk_suite/v2.3//platform/radio/rail_lib/autogen/librail_release/librail_efr32xg1_gcc_release.a(rail_rf_hal.o)
                0x0000406c                RFHAL_GetTimer
 *fill*         0x00004072        0x2 
 .text.RFHAL_CancelTimer
                0x00004074       0x28 C:/SiliconLabs/SimplicityStudio/v4/developer/sdks/gecko_sdk_suite/v2.3//platform/radio/rail_lib/autogen/librail_release/librail_efr32xg1_gcc_release.a(rail_rf_hal.o)
                0x00004074                RFHAL_CancelTimer
 .text.RFHAL_SetTimer
                0x0000409c       0x7c C:/SiliconLabs/SimplicityStudio/v4/developer/sdks/gecko_sdk_suite/v2.3//platform/radio/rail_lib/autogen/librail_release/librail_efr32xg1_gcc_release.a(rail_rf_hal.o)
                0x0000409c                RFHAL_SetTimer
 .text.RFHAL_IsTimerExpired
                0x00004118       0x1c C:/SiliconLabs/SimplicityStudio/v4/developer/sdks/gecko_sdk_suite/v2.3//platform/radio/rail_lib/autogen/librail_release/librail_efr32xg1_gcc_release.a(rail_rf_hal.o)
                0x00004118                RFHAL_IsTimerExpired
 .text.RFHAL_IsTimerRunning
                0x00004134        0x6 C:/SiliconLabs/SimplicityStudio/v4/developer/sdks/gecko_sdk_suite/v2.3//platform/radio/rail_lib/autogen/librail_release/librail_efr32xg1_gcc_release.a(rail_rf_hal.o)
                0x00004134                RFHAL_IsTimerRunning
 .text.RFHAL_GetBitRate
                0x0000413a       0x22 C:/SiliconLabs/SimplicityStudio/v4/developer/sdks/gecko_sdk_suite/v2.3//platform/radio/rail_lib/autogen/librail_release/librail_efr32xg1_gcc_release.a(rail_rf_hal.o)
                0x0000413a                RFHAL_GetBitRate
 .text.RFHAL_SetTxTransitions
                0x0000415c       0x20 C:/SiliconLabs/SimplicityStudio/v4/developer/sdks/gecko_sdk_suite/v2.3//platform/radio/rail_lib/autogen/librail_release/librail_efr32xg1_gcc_release.a(rail_rf_hal.o)
                0x0000415c                RFHAL_SetTxTransitions
 .text.RFHAL_SetRxTransitions
                0x0000417c       0x1c C:/SiliconLabs/SimplicityStudio/v4/developer/sdks/gecko_sdk_suite/v2.3//platform/radio/rail_lib/autogen/librail_release/librail_efr32xg1_gcc_release.a(rail_rf_hal.o)
                0x0000417c                RFHAL_SetRxTransitions
 .text.RFHAL_ConfigTxPower
                0x00004198        0xc C:/SiliconLabs/SimplicityStudio/v4/developer/sdks/gecko_sdk_suite/v2.3//platform/radio/rail_lib/autogen/librail_release/librail_efr32xg1_gcc_release.a(rail_rf_hal.o)
                0x00004198                RFHAL_ConfigTxPower
 .text.RFHAL_SetTxPowerUnchecked
                0x000041a4       0x18 C:/SiliconLabs/SimplicityStudio/v4/developer/sdks/gecko_sdk_suite/v2.3//platform/radio/rail_lib/autogen/librail_release/librail_efr32xg1_gcc_release.a(rail_rf_hal.o)
                0x000041a4                RFHAL_SetTxPowerUnchecked
 .text.RFHAL_SetTxPower
                0x000041bc       0x40 C:/SiliconLabs/SimplicityStudio/v4/developer/sdks/gecko_sdk_suite/v2.3//platform/radio/rail_lib/autogen/librail_release/librail_efr32xg1_gcc_release.a(rail_rf_hal.o)
                0x000041bc                RFHAL_SetTxPower
 .text.RFHAL_GetTxPowerConfig
                0x000041fc        0xc C:/SiliconLabs/SimplicityStudio/v4/developer/sdks/gecko_sdk_suite/v2.3//platform/radio/rail_lib/autogen/librail_release/librail_efr32xg1_gcc_release.a(rail_rf_hal.o)
                0x000041fc                RFHAL_GetTxPowerConfig
 .text.RFHAL_GetTxPower
                0x00004208        0x4 C:/SiliconLabs/SimplicityStudio/v4/developer/sdks/gecko_sdk_suite/v2.3//platform/radio/rail_lib/autogen/librail_release/librail_efr32xg1_gcc_release.a(rail_rf_hal.o)
                0x00004208                RFHAL_GetTxPower
 .text.RFHAL_SetChannel
                0x0000420c       0xc4 C:/SiliconLabs/SimplicityStudio/v4/developer/sdks/gecko_sdk_suite/v2.3//platform/radio/rail_lib/autogen/librail_release/librail_efr32xg1_gcc_release.a(rail_rf_hal.o)
                0x0000420c                RFHAL_SetChannel
 .text.RFHAL_EnableAutoAck
                0x000042d0       0x12 C:/SiliconLabs/SimplicityStudio/v4/developer/sdks/gecko_sdk_suite/v2.3//platform/radio/rail_lib/autogen/librail_release/librail_efr32xg1_gcc_release.a(rail_rf_hal.o)
                0x000042d0                RFHAL_EnableAutoAck
 .text.RFHAL_IsAutoAckEnabled
                0x000042e2        0x6 C:/SiliconLabs/SimplicityStudio/v4/developer/sdks/gecko_sdk_suite/v2.3//platform/radio/rail_lib/autogen/librail_release/librail_efr32xg1_gcc_release.a(rail_rf_hal.o)
                0x000042e2                RFHAL_IsAutoAckEnabled
 .text.RFHAL_SetAutoAckTimeout
                0x000042e8       0x18 C:/SiliconLabs/SimplicityStudio/v4/developer/sdks/gecko_sdk_suite/v2.3//platform/radio/rail_lib/autogen/librail_release/librail_efr32xg1_gcc_release.a(rail_rf_hal.o)
                0x000042e8                RFHAL_SetAutoAckTimeout
 .text.RFHAL_WriteAutoAckFifo
                0x00004300       0x58 C:/SiliconLabs/SimplicityStudio/v4/developer/sdks/gecko_sdk_suite/v2.3//platform/radio/rail_lib/autogen/librail_release/librail_efr32xg1_gcc_release.a(rail_rf_hal.o)
                0x00004300                RFHAL_WriteAutoAckFifo
 .text.RFHAL_PauseRxAutoAck
                0x00004358        0x8 C:/SiliconLabs/SimplicityStudio/v4/developer/sdks/gecko_sdk_suite/v2.3//platform/radio/rail_lib/autogen/librail_release/librail_efr32xg1_gcc_release.a(rail_rf_hal.o)
                0x00004358                RFHAL_PauseRxAutoAck
 .text.RFHAL_PauseTxAutoAck
                0x00004360        0xa C:/SiliconLabs/SimplicityStudio/v4/developer/sdks/gecko_sdk_suite/v2.3//platform/radio/rail_lib/autogen/librail_release/librail_efr32xg1_gcc_release.a(rail_rf_hal.o)
                0x00004360                RFHAL_PauseTxAutoAck
 *fill*         0x0000436a        0x2 
 .text.RFHAL_AutoAckWaitForAck
                0x0000436c       0x18 C:/SiliconLabs/SimplicityStudio/v4/developer/sdks/gecko_sdk_suite/v2.3//platform/radio/rail_lib/autogen/librail_release/librail_efr32xg1_gcc_release.a(rail_rf_hal.o)
                0x0000436c                RFHAL_AutoAckWaitForAck
 .text.preTxOps
                0x00004384       0xd0 C:/SiliconLabs/SimplicityStudio/v4/developer/sdks/gecko_sdk_suite/v2.3//platform/radio/rail_lib/autogen/librail_release/librail_efr32xg1_gcc_release.a(rail_rf_hal.o)
 .text.RFHAL_StartCcaCsmaTx
                0x00004454      0x194 C:/SiliconLabs/SimplicityStudio/v4/developer/sdks/gecko_sdk_suite/v2.3//platform/radio/rail_lib/autogen/librail_release/librail_efr32xg1_gcc_release.a(rail_rf_hal.o)
                0x00004454                RFHAL_StartCcaCsmaTx
 .text.RFHAL_SetTxBuffer
                0x000045e8       0x34 C:/SiliconLabs/SimplicityStudio/v4/developer/sdks/gecko_sdk_suite/v2.3//platform/radio/rail_lib/autogen/librail_release/librail_efr32xg1_gcc_release.a(rail_rf_hal.o)
                0x000045e8                RFHAL_SetTxBuffer
 .text.RFHAL_SetRxBuffer
                0x0000461c       0x2c C:/SiliconLabs/SimplicityStudio/v4/developer/sdks/gecko_sdk_suite/v2.3//platform/radio/rail_lib/autogen/librail_release/librail_efr32xg1_gcc_release.a(rail_rf_hal.o)
                0x0000461c                RFHAL_SetRxBuffer
 .text.RFHAL_ResetTxFifo
                0x00004648       0x2c C:/SiliconLabs/SimplicityStudio/v4/developer/sdks/gecko_sdk_suite/v2.3//platform/radio/rail_lib/autogen/librail_release/librail_efr32xg1_gcc_release.a(rail_rf_hal.o)
                0x00004648                RFHAL_ResetTxFifo
 .text.RFHAL_ResetRxFifo
                0x00004674       0x40 C:/SiliconLabs/SimplicityStudio/v4/developer/sdks/gecko_sdk_suite/v2.3//platform/radio/rail_lib/autogen/librail_release/librail_efr32xg1_gcc_release.a(rail_rf_hal.o)
                0x00004674                RFHAL_ResetRxFifo
 .text.RFHAL_ConfigData
                0x000046b4       0x7c C:/SiliconLabs/SimplicityStudio/v4/developer/sdks/gecko_sdk_suite/v2.3//platform/radio/rail_lib/autogen/librail_release/librail_efr32xg1_gcc_release.a(rail_rf_hal.o)
                0x000046b4                RFHAL_ConfigData
 .text.RFHAL_ConfigRadio
                0x00004730       0xbc C:/SiliconLabs/SimplicityStudio/v4/developer/sdks/gecko_sdk_suite/v2.3//platform/radio/rail_lib/autogen/librail_release/librail_efr32xg1_gcc_release.a(rail_rf_hal.o)
                0x00004730                RFHAL_ConfigRadio
 .text.RFHAL_ResetAddressFilter
                0x000047ec       0x10 C:/SiliconLabs/SimplicityStudio/v4/developer/sdks/gecko_sdk_suite/v2.3//platform/radio/rail_lib/autogen/librail_release/librail_efr32xg1_gcc_release.a(rail_rf_hal.o)
                0x000047ec                RFHAL_ResetAddressFilter
 .text.RFHAL_Init
                0x000047fc       0x98 C:/SiliconLabs/SimplicityStudio/v4/developer/sdks/gecko_sdk_suite/v2.3//platform/radio/rail_lib/autogen/librail_release/librail_efr32xg1_gcc_release.a(rail_rf_hal.o)
                0x000047fc                RFHAL_Init
 .text.RFHAL_ConfigAddressFilter
                0x00004894       0x3c C:/SiliconLabs/SimplicityStudio/v4/developer/sdks/gecko_sdk_suite/v2.3//platform/radio/rail_lib/autogen/librail_release/librail_efr32xg1_gcc_release.a(rail_rf_hal.o)
                0x00004894                RFHAL_ConfigAddressFilter
 .text.RFHAL_EnableAddressFilterAddress
                0x000048d0       0x34 C:/SiliconLabs/SimplicityStudio/v4/developer/sdks/gecko_sdk_suite/v2.3//platform/radio/rail_lib/autogen/librail_release/librail_efr32xg1_gcc_release.a(rail_rf_hal.o)
                0x000048d0                RFHAL_EnableAddressFilterAddress
 .text.RFHAL_SetStateTiming
                0x00004904       0x56 C:/SiliconLabs/SimplicityStudio/v4/developer/sdks/gecko_sdk_suite/v2.3//platform/radio/rail_lib/autogen/librail_release/librail_efr32xg1_gcc_release.a(rail_rf_hal.o)
                0x00004904                RFHAL_SetStateTiming
 .text.RFHAL_ConfigPti
                0x0000495a        0x4 C:/SiliconLabs/SimplicityStudio/v4/developer/sdks/gecko_sdk_suite/v2.3//platform/radio/rail_lib/autogen/librail_release/librail_efr32xg1_gcc_release.a(rail_rf_hal.o)
                0x0000495a                RFHAL_ConfigPti
 .text.RFHAL_IEEE802154IsEnabled
                0x0000495e        0x6 C:/SiliconLabs/SimplicityStudio/v4/developer/sdks/gecko_sdk_suite/v2.3//platform/radio/rail_lib/autogen/librail_release/librail_efr32xg1_gcc_release.a(rail_ieee802154_rf_hal.o)
                0x0000495e                RFHAL_IEEE802154IsEnabled
 .text.RFHAL_IEEE802154RadioConfig2p4GHz
                0x00004964       0x28 C:/SiliconLabs/SimplicityStudio/v4/developer/sdks/gecko_sdk_suite/v2.3//platform/radio/rail_lib/autogen/librail_release/librail_efr32xg1_gcc_release.a(rail_ieee802154_rf_hal.o)
                0x00004964                RFHAL_IEEE802154RadioConfig2p4GHz
 .text.RFHAL_IEEE802154SetPanId
                0x0000498c       0x28 C:/SiliconLabs/SimplicityStudio/v4/developer/sdks/gecko_sdk_suite/v2.3//platform/radio/rail_lib/autogen/librail_release/librail_efr32xg1_gcc_release.a(rail_ieee802154_rf_hal.o)
                0x0000498c                RFHAL_IEEE802154SetPanId
 .text.RFHAL_IEEE802154SetShortAddress
                0x000049b4       0x2a C:/SiliconLabs/SimplicityStudio/v4/developer/sdks/gecko_sdk_suite/v2.3//platform/radio/rail_lib/autogen/librail_release/librail_efr32xg1_gcc_release.a(rail_ieee802154_rf_hal.o)
                0x000049b4                RFHAL_IEEE802154SetShortAddress
 .text.RFHAL_IEEE802154SetLongAddress
                0x000049de       0x1e C:/SiliconLabs/SimplicityStudio/v4/developer/sdks/gecko_sdk_suite/v2.3//platform/radio/rail_lib/autogen/librail_release/librail_efr32xg1_gcc_release.a(rail_ieee802154_rf_hal.o)
                0x000049de                RFHAL_IEEE802154SetLongAddress
 .text.RFHAL_IEEE802154SetBroadcastAddresses
                0x000049fc       0x30 C:/SiliconLabs/SimplicityStudio/v4/developer/sdks/gecko_sdk_suite/v2.3//platform/radio/rail_lib/autogen/librail_release/librail_efr32xg1_gcc_release.a(rail_ieee802154_rf_hal.o)
                0x000049fc                RFHAL_IEEE802154SetBroadcastAddresses
 .text.RFHAL_IEEE802154SetFeatures
                0x00004a2c       0x24 C:/SiliconLabs/SimplicityStudio/v4/developer/sdks/gecko_sdk_suite/v2.3//platform/radio/rail_lib/autogen/librail_release/librail_efr32xg1_gcc_release.a(rail_ieee802154_rf_hal.o)
                0x00004a2c                RFHAL_IEEE802154SetFeatures
 .text.RFHAL_IEEE802154LoadAck
                0x00004a50       0x2e C:/SiliconLabs/SimplicityStudio/v4/developer/sdks/gecko_sdk_suite/v2.3//platform/radio/rail_lib/autogen/librail_release/librail_efr32xg1_gcc_release.a(rail_ieee802154_rf_hal.o)
                0x00004a50                RFHAL_IEEE802154LoadAck
 .text.RAILCore_ConfigAutoAck
                0x00004a7e       0x86 C:/SiliconLabs/SimplicityStudio/v4/developer/sdks/gecko_sdk_suite/v2.3//platform/radio/rail_lib/autogen/librail_release/librail_efr32xg1_gcc_release.a(rail_autoack.o)
                0x00004a7e                RAILCore_ConfigAutoAck
 .text.checkAndAddRxLenOverflowEntry.part.0
                0x00004b04       0x2c C:/SiliconLabs/SimplicityStudio/v4/developer/sdks/gecko_sdk_suite/v2.3//platform/radio/rail_lib/autogen/librail_release/librail_efr32xg1_gcc_release.a(bufc.o)
 .text.BUFC_SetTxBuffer
                0x00004b30       0x38 C:/SiliconLabs/SimplicityStudio/v4/developer/sdks/gecko_sdk_suite/v2.3//platform/radio/rail_lib/autogen/librail_release/librail_efr32xg1_gcc_release.a(bufc.o)
                0x00004b30                BUFC_SetTxBuffer
 .text.BUFC_SetRxBuffer
                0x00004b68       0x1c C:/SiliconLabs/SimplicityStudio/v4/developer/sdks/gecko_sdk_suite/v2.3//platform/radio/rail_lib/autogen/librail_release/librail_efr32xg1_gcc_release.a(bufc.o)
                0x00004b68                BUFC_SetRxBuffer
 .text.BUFC_WriteBuffer
                0x00004b84       0xb0 C:/SiliconLabs/SimplicityStudio/v4/developer/sdks/gecko_sdk_suite/v2.3//platform/radio/rail_lib/autogen/librail_release/librail_efr32xg1_gcc_release.a(bufc.o)
                0x00004b84                BUFC_WriteBuffer
 .text.BUFC_PeekByte
                0x00004c34       0x46 C:/SiliconLabs/SimplicityStudio/v4/developer/sdks/gecko_sdk_suite/v2.3//platform/radio/rail_lib/autogen/librail_release/librail_efr32xg1_gcc_release.a(bufc.o)
                0x00004c34                BUFC_PeekByte
 .text.BUFC_GetBytesAvailable
                0x00004c7a       0x14 C:/SiliconLabs/SimplicityStudio/v4/developer/sdks/gecko_sdk_suite/v2.3//platform/radio/rail_lib/autogen/librail_release/librail_efr32xg1_gcc_release.a(bufc.o)
                0x00004c7a                BUFC_GetBytesAvailable
 *fill*         0x00004c8e        0x2 
 .text.BUFC_TxAckBufferSet
                0x00004c90       0x2c C:/SiliconLabs/SimplicityStudio/v4/developer/sdks/gecko_sdk_suite/v2.3//platform/radio/rail_lib/autogen/librail_release/librail_efr32xg1_gcc_release.a(bufc.o)
                0x00004c90                BUFC_TxAckBufferSet
 .text.BUFC_RxBufferReset
                0x00004cbc       0x5c C:/SiliconLabs/SimplicityStudio/v4/developer/sdks/gecko_sdk_suite/v2.3//platform/radio/rail_lib/autogen/librail_release/librail_efr32xg1_gcc_release.a(bufc.o)
                0x00004cbc                BUFC_RxBufferReset
 .text.BUFC_Init
                0x00004d18       0x50 C:/SiliconLabs/SimplicityStudio/v4/developer/sdks/gecko_sdk_suite/v2.3//platform/radio/rail_lib/autogen/librail_release/librail_efr32xg1_gcc_release.a(bufc.o)
                0x00004d18                BUFC_Init
 .text.BUFC_ReleaseRxPacket
                0x00004d68      0x118 C:/SiliconLabs/SimplicityStudio/v4/developer/sdks/gecko_sdk_suite/v2.3//platform/radio/rail_lib/autogen/librail_release/librail_efr32xg1_gcc_release.a(bufc.o)
                0x00004d68                BUFC_ReleaseRxPacket
 .text.BUFC_StartRxLenThrEvent
                0x00004e80       0x98 C:/SiliconLabs/SimplicityStudio/v4/developer/sdks/gecko_sdk_suite/v2.3//platform/radio/rail_lib/autogen/librail_release/librail_efr32xg1_gcc_release.a(bufc.o)
                0x00004e80                BUFC_StartRxLenThrEvent
 .text.BUFC_EndRxLenThrEvent
                0x00004f18       0x1c C:/SiliconLabs/SimplicityStudio/v4/developer/sdks/gecko_sdk_suite/v2.3//platform/radio/rail_lib/autogen/librail_release/librail_efr32xg1_gcc_release.a(bufc.o)
                0x00004f18                BUFC_EndRxLenThrEvent
 .text.BUFC_HandleRxLenOvfEvent
                0x00004f34       0x30 C:/SiliconLabs/SimplicityStudio/v4/developer/sdks/gecko_sdk_suite/v2.3//platform/radio/rail_lib/autogen/librail_release/librail_efr32xg1_gcc_release.a(bufc.o)
                0x00004f34                BUFC_HandleRxLenOvfEvent
 .text.IRCAL_Set
                0x00004f64       0x1c C:/SiliconLabs/SimplicityStudio/v4/developer/sdks/gecko_sdk_suite/v2.3//platform/radio/rail_lib/autogen/librail_release/librail_efr32xg1_gcc_release.a(ir_cal.o)
                0x00004f64                IRCAL_Set
 .text.getRampTimeFromLevelAndRate
                0x00004f80       0x20 C:/SiliconLabs/SimplicityStudio/v4/developer/sdks/gecko_sdk_suite/v2.3//platform/radio/rail_lib/autogen/librail_release/librail_efr32xg1_gcc_release.a(pa.o)
 .text.PA_ProtectPa
                0x00004fa0       0xa0 C:/SiliconLabs/SimplicityStudio/v4/developer/sdks/gecko_sdk_suite/v2.3//platform/radio/rail_lib/autogen/librail_release/librail_efr32xg1_gcc_release.a(pa.o)
 .text.PA_GetTxPowerConfig
                0x00005040       0x14 C:/SiliconLabs/SimplicityStudio/v4/developer/sdks/gecko_sdk_suite/v2.3//platform/radio/rail_lib/autogen/librail_release/librail_efr32xg1_gcc_release.a(pa.o)
                0x00005040                PA_GetTxPowerConfig
 .text.PA_GetPowerLevel
                0x00005054        0xc C:/SiliconLabs/SimplicityStudio/v4/developer/sdks/gecko_sdk_suite/v2.3//platform/radio/rail_lib/autogen/librail_release/librail_efr32xg1_gcc_release.a(pa.o)
                0x00005054                PA_GetPowerLevel
 .text.PA_SetPowerLevel
                0x00005060      0x15c C:/SiliconLabs/SimplicityStudio/v4/developer/sdks/gecko_sdk_suite/v2.3//platform/radio/rail_lib/autogen/librail_release/librail_efr32xg1_gcc_release.a(pa.o)
                0x00005060                PA_SetPowerLevel
 .text.PA_RunPeakDetectorHigh
                0x000051bc       0x40 C:/SiliconLabs/SimplicityStudio/v4/developer/sdks/gecko_sdk_suite/v2.3//platform/radio/rail_lib/autogen/librail_release/librail_efr32xg1_gcc_release.a(pa.o)
                0x000051bc                PA_RunPeakDetectorHigh
 .text.PA_RunPeakDetectorLow
                0x000051fc        0x2 C:/SiliconLabs/SimplicityStudio/v4/developer/sdks/gecko_sdk_suite/v2.3//platform/radio/rail_lib/autogen/librail_release/librail_efr32xg1_gcc_release.a(pa.o)
                0x000051fc                PA_RunPeakDetectorLow
 *fill*         0x000051fe        0x2 
 .text.PA_RunBatHigh
                0x00005200       0x2c C:/SiliconLabs/SimplicityStudio/v4/developer/sdks/gecko_sdk_suite/v2.3//platform/radio/rail_lib/autogen/librail_release/librail_efr32xg1_gcc_release.a(pa.o)
                0x00005200                PA_RunBatHigh
 .text.PA_GetRampTime
                0x0000522c        0xc C:/SiliconLabs/SimplicityStudio/v4/developer/sdks/gecko_sdk_suite/v2.3//platform/radio/rail_lib/autogen/librail_release/librail_efr32xg1_gcc_release.a(pa.o)
                0x0000522c                PA_GetRampTime
 .text.PA_CalcRampTime
                0x00005238       0x38 C:/SiliconLabs/SimplicityStudio/v4/developer/sdks/gecko_sdk_suite/v2.3//platform/radio/rail_lib/autogen/librail_release/librail_efr32xg1_gcc_release.a(pa.o)
                0x00005238                PA_CalcRampTime
 .text.PA_SetRampTime
                0x00005270      0x100 C:/SiliconLabs/SimplicityStudio/v4/developer/sdks/gecko_sdk_suite/v2.3//platform/radio/rail_lib/autogen/librail_release/librail_efr32xg1_gcc_release.a(pa.o)
                0x00005270                PA_SetRampTime
 .text.PA_SetCTune
                0x00005370       0x24 C:/SiliconLabs/SimplicityStudio/v4/developer/sdks/gecko_sdk_suite/v2.3//platform/radio/rail_lib/autogen/librail_release/librail_efr32xg1_gcc_release.a(pa.o)
                0x00005370                PA_SetCTune
 .text.PA_SelectBand
                0x00005394       0x38 C:/SiliconLabs/SimplicityStudio/v4/developer/sdks/gecko_sdk_suite/v2.3//platform/radio/rail_lib/autogen/librail_release/librail_efr32xg1_gcc_release.a(pa.o)
                0x00005394                PA_SelectBand
 .text.PA_Config
                0x000053cc      0x140 C:/SiliconLabs/SimplicityStudio/v4/developer/sdks/gecko_sdk_suite/v2.3//platform/radio/rail_lib/autogen/librail_release/librail_efr32xg1_gcc_release.a(pa.o)
                0x000053cc                PA_Config
 .text.PA_UpdateConfig
                0x0000550c       0x38 C:/SiliconLabs/SimplicityStudio/v4/developer/sdks/gecko_sdk_suite/v2.3//platform/radio/rail_lib/autogen/librail_release/librail_efr32xg1_gcc_release.a(pa.o)
                0x0000550c                PA_UpdateConfig
 .text.PROTIMER_Init
                0x00005544       0xd4 C:/SiliconLabs/SimplicityStudio/v4/developer/sdks/gecko_sdk_suite/v2.3//platform/radio/rail_lib/autogen/librail_release/librail_efr32xg1_gcc_release.a(protimer.o)
                0x00005544                PROTIMER_Init
 .text.PROTIMER_Start
                0x00005618       0x1c C:/SiliconLabs/SimplicityStudio/v4/developer/sdks/gecko_sdk_suite/v2.3//platform/radio/rail_lib/autogen/librail_release/librail_efr32xg1_gcc_release.a(protimer.o)
                0x00005618                PROTIMER_Start
 .text.PROTIMER_CCTimerStop
                0x00005634       0x20 C:/SiliconLabs/SimplicityStudio/v4/developer/sdks/gecko_sdk_suite/v2.3//platform/radio/rail_lib/autogen/librail_release/librail_efr32xg1_gcc_release.a(protimer.o)
                0x00005634                PROTIMER_CCTimerStop
 .text.PROTIMER_CCTimerIsEnabled
                0x00005654       0x10 C:/SiliconLabs/SimplicityStudio/v4/developer/sdks/gecko_sdk_suite/v2.3//platform/radio/rail_lib/autogen/librail_release/librail_efr32xg1_gcc_release.a(protimer.o)
                0x00005654                PROTIMER_CCTimerIsEnabled
 .text.PROTIMER_CCTimerCapture
                0x00005664       0x14 C:/SiliconLabs/SimplicityStudio/v4/developer/sdks/gecko_sdk_suite/v2.3//platform/radio/rail_lib/autogen/librail_release/librail_efr32xg1_gcc_release.a(protimer.o)
                0x00005664                PROTIMER_CCTimerCapture
 .text.PROTIMER_ClearRxEnable
                0x00005678       0x10 C:/SiliconLabs/SimplicityStudio/v4/developer/sdks/gecko_sdk_suite/v2.3//platform/radio/rail_lib/autogen/librail_release/librail_efr32xg1_gcc_release.a(protimer.o)
                0x00005678                PROTIMER_ClearRxEnable
 .text.PROTIMER_LBTUseLastConfig
                0x00005688       0x24 C:/SiliconLabs/SimplicityStudio/v4/developer/sdks/gecko_sdk_suite/v2.3//platform/radio/rail_lib/autogen/librail_release/librail_efr32xg1_gcc_release.a(protimer.o)
                0x00005688                PROTIMER_LBTUseLastConfig
 .text.PROTIMER_LBTStart
                0x000056ac       0x18 C:/SiliconLabs/SimplicityStudio/v4/developer/sdks/gecko_sdk_suite/v2.3//platform/radio/rail_lib/autogen/librail_release/librail_efr32xg1_gcc_release.a(protimer.o)
                0x000056ac                PROTIMER_LBTStart
 .text.PROTIMER_LBTStop
                0x000056c4       0x18 C:/SiliconLabs/SimplicityStudio/v4/developer/sdks/gecko_sdk_suite/v2.3//platform/radio/rail_lib/autogen/librail_release/librail_efr32xg1_gcc_release.a(protimer.o)
                0x000056c4                PROTIMER_LBTStop
 .text.PROTIMER_PrecntOverflowToUs
                0x000056dc       0x24 C:/SiliconLabs/SimplicityStudio/v4/developer/sdks/gecko_sdk_suite/v2.3//platform/radio/rail_lib/autogen/librail_release/librail_efr32xg1_gcc_release.a(protimer.o)
                0x000056dc                PROTIMER_PrecntOverflowToUs
 .text.PROTIMER_GetUsTime
                0x00005700        0xc C:/SiliconLabs/SimplicityStudio/v4/developer/sdks/gecko_sdk_suite/v2.3//platform/radio/rail_lib/autogen/librail_release/librail_efr32xg1_gcc_release.a(protimer.o)
                0x00005700                PROTIMER_GetUsTime
 .text.PROTIMER_GetCCTimeUs
                0x0000570c       0x12 C:/SiliconLabs/SimplicityStudio/v4/developer/sdks/gecko_sdk_suite/v2.3//platform/radio/rail_lib/autogen/librail_release/librail_efr32xg1_gcc_release.a(protimer.o)
                0x0000570c                PROTIMER_GetCCTimeUs
 *fill*         0x0000571e        0x2 
 .text.PROTIMER_UsToPrecntOverflow
                0x00005720       0x30 C:/SiliconLabs/SimplicityStudio/v4/developer/sdks/gecko_sdk_suite/v2.3//platform/radio/rail_lib/autogen/librail_release/librail_efr32xg1_gcc_release.a(protimer.o)
                0x00005720                PROTIMER_UsToPrecntOverflow
 .text.PROTIMER_CCTimerStart
                0x00005750      0x128 C:/SiliconLabs/SimplicityStudio/v4/developer/sdks/gecko_sdk_suite/v2.3//platform/radio/rail_lib/autogen/librail_release/librail_efr32xg1_gcc_release.a(protimer.o)
                0x00005750                PROTIMER_CCTimerStart
 .text.PROTIMER_LBTCfgSet
                0x00005878       0x60 C:/SiliconLabs/SimplicityStudio/v4/developer/sdks/gecko_sdk_suite/v2.3//platform/radio/rail_lib/autogen/librail_release/librail_efr32xg1_gcc_release.a(protimer.o)
                0x00005878                PROTIMER_LBTCfgSet
 .text.PROTIMER_DelayUs
                0x000058d8       0x16 C:/SiliconLabs/SimplicityStudio/v4/developer/sdks/gecko_sdk_suite/v2.3//platform/radio/rail_lib/autogen/librail_release/librail_efr32xg1_gcc_release.a(protimer.o)
                0x000058d8                PROTIMER_DelayUs
 *fill*         0x000058ee        0x2 
 .text.PROTIMER_CheckCcaReallyFailed
                0x000058f0       0xbc C:/SiliconLabs/SimplicityStudio/v4/developer/sdks/gecko_sdk_suite/v2.3//platform/radio/rail_lib/autogen/librail_release/librail_efr32xg1_gcc_release.a(protimer.o)
                0x000058f0                PROTIMER_CheckCcaReallyFailed
 .text.PTI_Config
                0x000059ac       0xc0 C:/SiliconLabs/SimplicityStudio/v4/developer/sdks/gecko_sdk_suite/v2.3//platform/radio/rail_lib/autogen/librail_release/librail_efr32xg1_gcc_release.a(pti.o)
                0x000059ac                PTI_Config
 .text.PTI_EnableAppendedInfo
                0x00005a6c       0x18 C:/SiliconLabs/SimplicityStudio/v4/developer/sdks/gecko_sdk_suite/v2.3//platform/radio/rail_lib/autogen/librail_release/librail_efr32xg1_gcc_release.a(pti.o)
                0x00005a6c                PTI_EnableAppendedInfo
 .text.PTI_Enable
                0x00005a84       0x50 C:/SiliconLabs/SimplicityStudio/v4/developer/sdks/gecko_sdk_suite/v2.3//platform/radio/rail_lib/autogen/librail_release/librail_efr32xg1_gcc_release.a(pti.o)
                0x00005a84                PTI_Enable
 .text.PTI_AuxdataOutput
                0x00005ad4       0x1c C:/SiliconLabs/SimplicityStudio/v4/developer/sdks/gecko_sdk_suite/v2.3//platform/radio/rail_lib/autogen/librail_release/librail_efr32xg1_gcc_release.a(pti.o)
                0x00005ad4                PTI_AuxdataOutput
 .text.RADIO_SetAndForgetWrite
                0x00005af0       0x8c C:/SiliconLabs/SimplicityStudio/v4/developer/sdks/gecko_sdk_suite/v2.3//platform/radio/rail_lib/autogen/librail_release/librail_efr32xg1_gcc_release.a(radio.o)
                0x00005af0                RADIO_SetAndForgetWrite
 .text.RADIO_Init
                0x00005b7c       0x54 C:/SiliconLabs/SimplicityStudio/v4/developer/sdks/gecko_sdk_suite/v2.3//platform/radio/rail_lib/autogen/librail_release/librail_efr32xg1_gcc_release.a(radio.o)
                0x00005b7c                RADIO_Init
 .text.RADIO_SeqInit
                0x00005bd0       0x64 C:/SiliconLabs/SimplicityStudio/v4/developer/sdks/gecko_sdk_suite/v2.3//platform/radio/rail_lib/autogen/librail_release/librail_efr32xg1_gcc_release.a(radio.o)
                0x00005bd0                RADIO_SeqInit
 .text.RADIO_ClockEnable
                0x00005c34       0x10 C:/SiliconLabs/SimplicityStudio/v4/developer/sdks/gecko_sdk_suite/v2.3//platform/radio/rail_lib/autogen/librail_release/librail_efr32xg1_gcc_release.a(radio.o)
                0x00005c34                RADIO_ClockEnable
 .text.RADIO_ClockPrescGet
                0x00005c44       0x10 C:/SiliconLabs/SimplicityStudio/v4/developer/sdks/gecko_sdk_suite/v2.3//platform/radio/rail_lib/autogen/librail_release/librail_efr32xg1_gcc_release.a(radio.o)
                0x00005c44                RADIO_ClockPrescGet
 .text.RADIO_ClockFreqGet
                0x00005c54       0x14 C:/SiliconLabs/SimplicityStudio/v4/developer/sdks/gecko_sdk_suite/v2.3//platform/radio/rail_lib/autogen/librail_release/librail_efr32xg1_gcc_release.a(radio.o)
                0x00005c54                RADIO_ClockFreqGet
 .text.RADIO_Config
                0x00005c68       0x9c C:/SiliconLabs/SimplicityStudio/v4/developer/sdks/gecko_sdk_suite/v2.3//platform/radio/rail_lib/autogen/librail_release/librail_efr32xg1_gcc_release.a(radio.o)
                0x00005c68                RADIO_Config
 .text.RADIO_IsRxOnForRssi
                0x00005d04       0x18 C:/SiliconLabs/SimplicityStudio/v4/developer/sdks/gecko_sdk_suite/v2.3//platform/radio/rail_lib/autogen/librail_release/librail_efr32xg1_gcc_release.a(radio.o)
                0x00005d04                RADIO_IsRxOnForRssi
 .text.RADIO_ComputeRxBaudrate
                0x00005d1c       0x4c C:/SiliconLabs/SimplicityStudio/v4/developer/sdks/gecko_sdk_suite/v2.3//platform/radio/rail_lib/autogen/librail_release/librail_efr32xg1_gcc_release.a(radio.o)
                0x00005d1c                RADIO_ComputeRxBaudrate
 .text.RADIO_GetRssi
                0x00005d68       0x64 C:/SiliconLabs/SimplicityStudio/v4/developer/sdks/gecko_sdk_suite/v2.3//platform/radio/rail_lib/autogen/librail_release/librail_efr32xg1_gcc_release.a(radio.o)
                0x00005d68                RADIO_GetRssi
 .text.RADIO_SetAgcCcaParams
                0x00005dcc       0x64 C:/SiliconLabs/SimplicityStudio/v4/developer/sdks/gecko_sdk_suite/v2.3//platform/radio/rail_lib/autogen/librail_release/librail_efr32xg1_gcc_release.a(radio.o)
                0x00005dcc                RADIO_SetAgcCcaParams
 .text.RADIO_RACClearRxOverflow
                0x00005e30       0x20 C:/SiliconLabs/SimplicityStudio/v4/developer/sdks/gecko_sdk_suite/v2.3//platform/radio/rail_lib/autogen/librail_release/librail_efr32xg1_gcc_release.a(radio.o)
                0x00005e30                RADIO_RACClearRxOverflow
 .text.RFSENSE_IRQHandler
                0x00005e50       0x10 C:/SiliconLabs/SimplicityStudio/v4/developer/sdks/gecko_sdk_suite/v2.3//platform/radio/rail_lib/autogen/librail_release/librail_efr32xg1_gcc_release.a(rfsense.o)
                0x00005e50                RFSENSE_IRQHandler
 .text.SYNTH_RfFreqGet
                0x00005e60        0xc C:/SiliconLabs/SimplicityStudio/v4/developer/sdks/gecko_sdk_suite/v2.3//platform/radio/rail_lib/autogen/librail_release/librail_efr32xg1_gcc_release.a(synth.o)
                0x00005e60                SYNTH_RfFreqGet
 .text.SYNTH_ChSpacingGet
                0x00005e6c        0xc C:/SiliconLabs/SimplicityStudio/v4/developer/sdks/gecko_sdk_suite/v2.3//platform/radio/rail_lib/autogen/librail_release/librail_efr32xg1_gcc_release.a(synth.o)
                0x00005e6c                SYNTH_ChSpacingGet
 .text.SYNTH_LoDivGet
                0x00005e78       0x20 C:/SiliconLabs/SimplicityStudio/v4/developer/sdks/gecko_sdk_suite/v2.3//platform/radio/rail_lib/autogen/librail_release/librail_efr32xg1_gcc_release.a(synth.o)
                0x00005e78                SYNTH_LoDivGet
 .text.SYNTH_Is2p4GHz
                0x00005e98       0x14 C:/SiliconLabs/SimplicityStudio/v4/developer/sdks/gecko_sdk_suite/v2.3//platform/radio/rail_lib/autogen/librail_release/librail_efr32xg1_gcc_release.a(synth.o)
                0x00005e98                SYNTH_Is2p4GHz
 .text.SYNTH_VcoRangeIsValid
                0x00005eac       0x30 C:/SiliconLabs/SimplicityStudio/v4/developer/sdks/gecko_sdk_suite/v2.3//platform/radio/rail_lib/autogen/librail_release/librail_efr32xg1_gcc_release.a(synth.o)
                0x00005eac                SYNTH_VcoRangeIsValid
 .text.SYNTH_RetimeLimitsConfig
                0x00005edc       0x64 C:/SiliconLabs/SimplicityStudio/v4/developer/sdks/gecko_sdk_suite/v2.3//platform/radio/rail_lib/autogen/librail_release/librail_efr32xg1_gcc_release.a(synth.o)
                0x00005edc                SYNTH_RetimeLimitsConfig
 .text.SYNTH_RetimeClkConfig
                0x00005f40       0xb4 C:/SiliconLabs/SimplicityStudio/v4/developer/sdks/gecko_sdk_suite/v2.3//platform/radio/rail_lib/autogen/librail_release/librail_efr32xg1_gcc_release.a(synth.o)
                0x00005f40                SYNTH_RetimeClkConfig
 .text.SYNTH_Config
                0x00005ff4      0x104 C:/SiliconLabs/SimplicityStudio/v4/developer/sdks/gecko_sdk_suite/v2.3//platform/radio/rail_lib/autogen/librail_release/librail_efr32xg1_gcc_release.a(synth.o)
                0x00005ff4                SYNTH_Config
 .text.SYNTH_ChannelSet
                0x000060f8       0x40 C:/SiliconLabs/SimplicityStudio/v4/developer/sdks/gecko_sdk_suite/v2.3//platform/radio/rail_lib/autogen/librail_release/librail_efr32xg1_gcc_release.a(synth.o)
                0x000060f8                SYNTH_ChannelSet
 .text.SYNTH_DCDCRetimeClkSet
                0x00006138       0x68 C:/SiliconLabs/SimplicityStudio/v4/developer/sdks/gecko_sdk_suite/v2.3//platform/radio/rail_lib/autogen/librail_release/librail_efr32xg1_gcc_release.a(synth.o)
                0x00006138                SYNTH_DCDCRetimeClkSet
 .text.SYNTH_DCDCRetimeEnable
                0x000061a0       0x18 C:/SiliconLabs/SimplicityStudio/v4/developer/sdks/gecko_sdk_suite/v2.3//platform/radio/rail_lib/autogen/librail_release/librail_efr32xg1_gcc_release.a(synth.o)
                0x000061a0                SYNTH_DCDCRetimeEnable
 .text.SYNTH_DCDCRetimeDisable
                0x000061b8       0x18 C:/SiliconLabs/SimplicityStudio/v4/developer/sdks/gecko_sdk_suite/v2.3//platform/radio/rail_lib/autogen/librail_release/librail_efr32xg1_gcc_release.a(synth.o)
                0x000061b8                SYNTH_DCDCRetimeDisable
 .text.SYNTH_KvnFreqCompensationEnable
                0x000061d0        0xc C:/SiliconLabs/SimplicityStudio/v4/developer/sdks/gecko_sdk_suite/v2.3//platform/radio/rail_lib/autogen/librail_release/librail_efr32xg1_gcc_release.a(synth.o)
                0x000061d0                SYNTH_KvnFreqCompensationEnable
 .text.TEMPCAL_Init
                0x000061dc       0x38 C:/SiliconLabs/SimplicityStudio/v4/developer/sdks/gecko_sdk_suite/v2.3//platform/radio/rail_lib/autogen/librail_release/librail_efr32xg1_gcc_release.a(tempcal.o)
                0x000061dc                TEMPCAL_Init
 .text.TIMING_NsToStimerTickCalc
                0x00006214       0x2c C:/SiliconLabs/SimplicityStudio/v4/developer/sdks/gecko_sdk_suite/v2.3//platform/radio/rail_lib/autogen/librail_release/librail_efr32xg1_gcc_release.a(timings.o)
 .text.TIMING_Recalculate
                0x00006240      0x17c C:/SiliconLabs/SimplicityStudio/v4/developer/sdks/gecko_sdk_suite/v2.3//platform/radio/rail_lib/autogen/librail_release/librail_efr32xg1_gcc_release.a(timings.o)
 .text.TIMING_InitStimer
                0x000063bc       0x5c C:/SiliconLabs/SimplicityStudio/v4/developer/sdks/gecko_sdk_suite/v2.3//platform/radio/rail_lib/autogen/librail_release/librail_efr32xg1_gcc_release.a(timings.o)
                0x000063bc                TIMING_InitStimer
 .text.TIMING_SeqTimingInit
                0x00006418        0x2 C:/SiliconLabs/SimplicityStudio/v4/developer/sdks/gecko_sdk_suite/v2.3//platform/radio/rail_lib/autogen/librail_release/librail_efr32xg1_gcc_release.a(timings.o)
                0x00006418                TIMING_SeqTimingInit
 .text.TIMING_SetTransitionTime
                0x0000641a       0x18 C:/SiliconLabs/SimplicityStudio/v4/developer/sdks/gecko_sdk_suite/v2.3//platform/radio/rail_lib/autogen/librail_release/librail_efr32xg1_gcc_release.a(timings.o)
                0x0000641a                TIMING_SetTransitionTime
 .text.TIMING_RxSearchTimeSet
                0x00006432       0x10 C:/SiliconLabs/SimplicityStudio/v4/developer/sdks/gecko_sdk_suite/v2.3//platform/radio/rail_lib/autogen/librail_release/librail_efr32xg1_gcc_release.a(timings.o)
                0x00006432                TIMING_RxSearchTimeSet
 .text.TIMING_TxToRxSearchTimeSet
                0x00006442       0x10 C:/SiliconLabs/SimplicityStudio/v4/developer/sdks/gecko_sdk_suite/v2.3//platform/radio/rail_lib/autogen/librail_release/librail_efr32xg1_gcc_release.a(timings.o)
                0x00006442                TIMING_TxToRxSearchTimeSet
 .text.TIMING_RecalculateAll
                0x00006452        0x6 C:/SiliconLabs/SimplicityStudio/v4/developer/sdks/gecko_sdk_suite/v2.3//platform/radio/rail_lib/autogen/librail_release/librail_efr32xg1_gcc_release.a(timings.o)
                0x00006452                TIMING_RecalculateAll
 .text.TIMING_RecalculatePaRampChanged
                0x00006458        0x6 C:/SiliconLabs/SimplicityStudio/v4/developer/sdks/gecko_sdk_suite/v2.3//platform/radio/rail_lib/autogen/librail_release/librail_efr32xg1_gcc_release.a(timings.o)
                0x00006458                TIMING_RecalculatePaRampChanged
 .text.TIMING_SetChainDelays
                0x0000645e        0x8 C:/SiliconLabs/SimplicityStudio/v4/developer/sdks/gecko_sdk_suite/v2.3//platform/radio/rail_lib/autogen/librail_release/librail_efr32xg1_gcc_release.a(timings.o)
                0x0000645e                TIMING_SetChainDelays
 .text.TIMING_SetRxDoneDelay
                0x00006466        0x6 C:/SiliconLabs/SimplicityStudio/v4/developer/sdks/gecko_sdk_suite/v2.3//platform/radio/rail_lib/autogen/librail_release/librail_efr32xg1_gcc_release.a(timings.o)
                0x00006466                TIMING_SetRxDoneDelay
 .text.RFRAND_GetRadioEntropy
                0x0000646c      0x100 C:/SiliconLabs/SimplicityStudio/v4/developer/sdks/gecko_sdk_suite/v2.3//platform/radio/rail_lib/autogen/librail_release/librail_efr32xg1_gcc_release.a(rf_rand.o)
                0x0000646c                RFRAND_GetRadioEntropy
 .text.RFRAND_SeedProtimerRandom
                0x0000656c       0x3c C:/SiliconLabs/SimplicityStudio/v4/developer/sdks/gecko_sdk_suite/v2.3//platform/radio/rail_lib/autogen/librail_release/librail_efr32xg1_gcc_release.a(rf_rand.o)
                0x0000656c                RFRAND_SeedProtimerRandom
 .text.RADIO_RACStateGet
                0x000065a8       0x10 C:/SiliconLabs/SimplicityStudio/v4/developer/sdks/gecko_sdk_suite/v2.3//platform/radio/rail_lib/autogen/librail_release/librail_efr32xg1_gcc_release.a(generic_phy.o)
 .text.GENERIC_PHY_EnableDisableInt
                0x000065b8       0x22 C:/SiliconLabs/SimplicityStudio/v4/developer/sdks/gecko_sdk_suite/v2.3//platform/radio/rail_lib/autogen/librail_release/librail_efr32xg1_gcc_release.a(generic_phy.o)
 *fill*         0x000065da        0x2 
 .text.GENERIC_PHY_DisableRadioIrqs
                0x000065dc       0x50 C:/SiliconLabs/SimplicityStudio/v4/developer/sdks/gecko_sdk_suite/v2.3//platform/radio/rail_lib/autogen/librail_release/librail_efr32xg1_gcc_release.a(generic_phy.o)
 .text.GENERIC_PHY_ConfigureRollbackReporting
                0x0000662c       0x68 C:/SiliconLabs/SimplicityStudio/v4/developer/sdks/gecko_sdk_suite/v2.3//platform/radio/rail_lib/autogen/librail_release/librail_efr32xg1_gcc_release.a(generic_phy.o)
 .text.GENERIC_PHY_ClearPendedRxWindowEnd
                0x00006694       0x1c C:/SiliconLabs/SimplicityStudio/v4/developer/sdks/gecko_sdk_suite/v2.3//platform/radio/rail_lib/autogen/librail_release/librail_efr32xg1_gcc_release.a(generic_phy.o)
 .text.RADIO_RACRxAbort
                0x000066b0       0x38 C:/SiliconLabs/SimplicityStudio/v4/developer/sdks/gecko_sdk_suite/v2.3//platform/radio/rail_lib/autogen/librail_release/librail_efr32xg1_gcc_release.a(generic_phy.o)
 .text.GENERIC_PHY_RxOverflowHook
                0x000066e8       0x34 C:/SiliconLabs/SimplicityStudio/v4/developer/sdks/gecko_sdk_suite/v2.3//platform/radio/rail_lib/autogen/librail_release/librail_efr32xg1_gcc_release.a(generic_phy.o)
 .text.GENERIC_PHY_CheckPendedRxWindowEnd
                0x0000671c       0x44 C:/SiliconLabs/SimplicityStudio/v4/developer/sdks/gecko_sdk_suite/v2.3//platform/radio/rail_lib/autogen/librail_release/librail_efr32xg1_gcc_release.a(generic_phy.o)
 .text.GENERIC_PHY_ConfigureEvents
                0x00006760      0x2b8 C:/SiliconLabs/SimplicityStudio/v4/developer/sdks/gecko_sdk_suite/v2.3//platform/radio/rail_lib/autogen/librail_release/librail_efr32xg1_gcc_release.a(generic_phy.o)
                0x00006760                GENERIC_PHY_ConfigureEvents
 .text.GENERIC_PHY_PacketTxCommon
                0x00006a18       0x38 C:/SiliconLabs/SimplicityStudio/v4/developer/sdks/gecko_sdk_suite/v2.3//platform/radio/rail_lib/autogen/librail_release/librail_efr32xg1_gcc_release.a(generic_phy.o)
                0x00006a18                GENERIC_PHY_PacketTxCommon
 .text.GENERIC_PHY_StartRx
                0x00006a50       0x30 C:/SiliconLabs/SimplicityStudio/v4/developer/sdks/gecko_sdk_suite/v2.3//platform/radio/rail_lib/autogen/librail_release/librail_efr32xg1_gcc_release.a(generic_phy.o)
                0x00006a50                GENERIC_PHY_StartRx
 .text.GENERIC_PHY_SeqAtomicLock
                0x00006a80       0x30 C:/SiliconLabs/SimplicityStudio/v4/developer/sdks/gecko_sdk_suite/v2.3//platform/radio/rail_lib/autogen/librail_release/librail_efr32xg1_gcc_release.a(generic_phy.o)
                0x00006a80                GENERIC_PHY_SeqAtomicLock
 .text.GENERIC_PHY_RACConfig
                0x00006ab0       0x78 C:/SiliconLabs/SimplicityStudio/v4/developer/sdks/gecko_sdk_suite/v2.3//platform/radio/rail_lib/autogen/librail_release/librail_efr32xg1_gcc_release.a(generic_phy.o)
                0x00006ab0                GENERIC_PHY_RACConfig
 .text.GENERIC_PHY_Init
                0x00006b28       0x70 C:/SiliconLabs/SimplicityStudio/v4/developer/sdks/gecko_sdk_suite/v2.3//platform/radio/rail_lib/autogen/librail_release/librail_efr32xg1_gcc_release.a(generic_phy.o)
                0x00006b28                GENERIC_PHY_Init
 .text.GENERIC_PHY_ResetRxFifo
                0x00006b98       0x30 C:/SiliconLabs/SimplicityStudio/v4/developer/sdks/gecko_sdk_suite/v2.3//platform/radio/rail_lib/autogen/librail_release/librail_efr32xg1_gcc_release.a(generic_phy.o)
                0x00006b98                GENERIC_PHY_ResetRxFifo
 .text.GENERIC_PHY_RadioIdle
                0x00006bc8      0x174 C:/SiliconLabs/SimplicityStudio/v4/developer/sdks/gecko_sdk_suite/v2.3//platform/radio/rail_lib/autogen/librail_release/librail_efr32xg1_gcc_release.a(generic_phy.o)
                0x00006bc8                GENERIC_PHY_RadioIdle
 .text.FRC_IRQHandler
                0x00006d3c      0x458 C:/SiliconLabs/SimplicityStudio/v4/developer/sdks/gecko_sdk_suite/v2.3//platform/radio/rail_lib/autogen/librail_release/librail_efr32xg1_gcc_release.a(generic_phy.o)
                0x00006d3c                FRC_IRQHandler
 .text.FRC_PRI_IRQHandler
                0x00007194        0x4 C:/SiliconLabs/SimplicityStudio/v4/developer/sdks/gecko_sdk_suite/v2.3//platform/radio/rail_lib/autogen/librail_release/librail_efr32xg1_gcc_release.a(generic_phy.o)
                0x00007194                FRC_PRI_IRQHandler
 .text.BUFC_IRQHandler
                0x00007198        0x4 C:/SiliconLabs/SimplicityStudio/v4/developer/sdks/gecko_sdk_suite/v2.3//platform/radio/rail_lib/autogen/librail_release/librail_efr32xg1_gcc_release.a(generic_phy.o)
                0x00007198                BUFC_IRQHandler
 .text.PROTIMER_IRQHandler
                0x0000719c        0x4 C:/SiliconLabs/SimplicityStudio/v4/developer/sdks/gecko_sdk_suite/v2.3//platform/radio/rail_lib/autogen/librail_release/librail_efr32xg1_gcc_release.a(generic_phy.o)
                0x0000719c                PROTIMER_IRQHandler
 .text.RAC_SEQ_IRQHandler
                0x000071a0        0x4 C:/SiliconLabs/SimplicityStudio/v4/developer/sdks/gecko_sdk_suite/v2.3//platform/radio/rail_lib/autogen/librail_release/librail_efr32xg1_gcc_release.a(generic_phy.o)
                0x000071a0                RAC_SEQ_IRQHandler
 .text.RAILCb_RadioStateChanged
                0x000071a4       0x14 C:/SiliconLabs/SimplicityStudio/v4/developer/sdks/gecko_sdk_suite/v2.3//platform/radio/rail_lib/autogen/librail_release/librail_efr32xg1_gcc_release.a(generic_phy.o)
                0x000071a4                RAILCb_RadioStateChanged
 .text.RAC_RSM_IRQHandler
                0x000071b8       0x48 C:/SiliconLabs/SimplicityStudio/v4/developer/sdks/gecko_sdk_suite/v2.3//platform/radio/rail_lib/autogen/librail_release/librail_efr32xg1_gcc_release.a(generic_phy.o)
                0x000071b8                RAC_RSM_IRQHandler
 .text.MODEM_IRQHandler
                0x00007200        0x4 C:/SiliconLabs/SimplicityStudio/v4/developer/sdks/gecko_sdk_suite/v2.3//platform/radio/rail_lib/autogen/librail_release/librail_efr32xg1_gcc_release.a(generic_phy.o)
                0x00007200                MODEM_IRQHandler
 .text.AGC_IRQHandler
                0x00007204       0x40 C:/SiliconLabs/SimplicityStudio/v4/developer/sdks/gecko_sdk_suite/v2.3//platform/radio/rail_lib/autogen/librail_release/librail_efr32xg1_gcc_release.a(generic_phy.o)
                0x00007204                AGC_IRQHandler
 .text.SYNTH_IRQHandler
                0x00007244       0x10 C:/SiliconLabs/SimplicityStudio/v4/developer/sdks/gecko_sdk_suite/v2.3//platform/radio/rail_lib/autogen/librail_release/librail_efr32xg1_gcc_release.a(generic_phy.o)
                0x00007244                SYNTH_IRQHandler
 .text.GENERIC_PHY_SetFeatures
                0x00007254       0x24 C:/SiliconLabs/SimplicityStudio/v4/developer/sdks/gecko_sdk_suite/v2.3//platform/radio/rail_lib/autogen/librail_release/librail_efr32xg1_gcc_release.a(generic_phy.o)
                0x00007254                GENERIC_PHY_SetFeatures
 .text.GENERIC_PHY_IsFeatureEnabled
                0x00007278       0x14 C:/SiliconLabs/SimplicityStudio/v4/developer/sdks/gecko_sdk_suite/v2.3//platform/radio/rail_lib/autogen/librail_release/librail_efr32xg1_gcc_release.a(generic_phy.o)
                0x00007278                GENERIC_PHY_IsFeatureEnabled
 .text.GENERIC_PHY_SetAddressData
                0x0000728c       0x70 C:/SiliconLabs/SimplicityStudio/v4/developer/sdks/gecko_sdk_suite/v2.3//platform/radio/rail_lib/autogen/librail_release/librail_efr32xg1_gcc_release.a(generic_phy.o)
                0x0000728c                GENERIC_PHY_SetAddressData
 .text          0x000072fc       0x30 c:/siliconlabs/simplicitystudio/v4/developer/toolchains/gnu_arm/7.2_2017q4/bin/../lib/gcc/arm-none-eabi/7.2.1/thumb/v7e-m/fpv4-sp/softfp\libgcc.a(_aeabi_uldivmod.o)
                0x000072fc                __aeabi_uldivmod
 .text          0x0000732c      0x2cc c:/siliconlabs/simplicitystudio/v4/developer/toolchains/gnu_arm/7.2_2017q4/bin/../lib/gcc/arm-none-eabi/7.2.1/thumb/v7e-m/fpv4-sp/softfp\libgcc.a(_udivmoddi4.o)
                0x0000732c                __udivmoddi4
 .text          0x000075f8        0x4 c:/siliconlabs/simplicitystudio/v4/developer/toolchains/gnu_arm/7.2_2017q4/bin/../lib/gcc/arm-none-eabi/7.2.1/thumb/v7e-m/fpv4-sp/softfp\libgcc.a(_dvmd_tls.o)
                0x000075f8                __aeabi_idiv0
                0x000075f8                __aeabi_ldiv0
 .text.__assert_func
                0x000075fc       0x3c c:/siliconlabs/simplicitystudio/v4/developer/toolchains/gnu_arm/7.2_2017q4/bin/../lib/gcc/arm-none-eabi/7.2.1/../../../../arm-none-eabi/lib/thumb/v7e-m/fpv4-sp/softfp\libc_nano.a(lib_a-assert.o)
                0x000075fc                __assert_func
 .text.__errno  0x00007638        0xc c:/siliconlabs/simplicitystudio/v4/developer/toolchains/gnu_arm/7.2_2017q4/bin/../lib/gcc/arm-none-eabi/7.2.1/../../../../arm-none-eabi/lib/thumb/v7e-m/fpv4-sp/softfp\libc_nano.a(lib_a-errno.o)
                0x00007638                __errno
 .text.exit     0x00007644       0x28 c:/siliconlabs/simplicitystudio/v4/developer/toolchains/gnu_arm/7.2_2017q4/bin/../lib/gcc/arm-none-eabi/7.2.1/../../../../arm-none-eabi/lib/thumb/v7e-m/fpv4-sp/softfp\libc_nano.a(lib_a-exit.o)
                0x00007644                exit
 .text.fprintf  0x0000766c       0x24 c:/siliconlabs/simplicitystudio/v4/developer/toolchains/gnu_arm/7.2_2017q4/bin/../lib/gcc/arm-none-eabi/7.2.1/../../../../arm-none-eabi/lib/thumb/v7e-m/fpv4-sp/softfp\libc_nano.a(lib_a-fprintf.o)
                0x0000766c                fiprintf
                0x0000766c                fprintf
 .text.getchar  0x00007690       0x24 c:/siliconlabs/simplicitystudio/v4/developer/toolchains/gnu_arm/7.2_2017q4/bin/../lib/gcc/arm-none-eabi/7.2.1/../../../../arm-none-eabi/lib/thumb/v7e-m/fpv4-sp/softfp\libc_nano.a(lib_a-getchar.o)
                0x00007690                getchar
 .text.__libc_init_array