Archive member included to satisfy reference by file (symbol)

C:/SiliconLabs/SimplicityStudio/v4/developer/sdks/gecko_sdk_suite/v2.3//platform/radio/rail_lib/autogen/librail_release/librail_efr32xg1_gcc_release.a(rail_singleprotocol.o)
                              ./yes/yes_radio.o (RAIL_Init)
C:/SiliconLabs/SimplicityStudio/v4/developer/sdks/gecko_sdk_suite/v2.3//platform/radio/rail_lib/autogen/librail_release/librail_efr32xg1_gcc_release.a(rail_rf.o)
                              C:/SiliconLabs/SimplicityStudio/v4/developer/sdks/gecko_sdk_suite/v2.3//platform/radio/rail_lib/autogen/librail_release/librail_efr32xg1_gcc_release.a(rail_singleprotocol.o) (RAILCore_Init)
C:/SiliconLabs/SimplicityStudio/v4/developer/sdks/gecko_sdk_suite/v2.3//platform/radio/rail_lib/autogen/librail_release/librail_efr32xg1_gcc_release.a(rail_rx.o)
                              C:/SiliconLabs/SimplicityStudio/v4/developer/sdks/gecko_sdk_suite/v2.3//platform/radio/rail_lib/autogen/librail_release/librail_efr32xg1_gcc_release.a(rail_singleprotocol.o) (RAILCore_StartRx)
C:/SiliconLabs/SimplicityStudio/v4/developer/sdks/gecko_sdk_suite/v2.3//platform/radio/rail_lib/autogen/librail_release/librail_efr32xg1_gcc_release.a(rail_tx.o)
                              C:/SiliconLabs/SimplicityStudio/v4/developer/sdks/gecko_sdk_suite/v2.3//platform/radio/rail_lib/autogen/librail_release/librail_efr32xg1_gcc_release.a(rail_singleprotocol.o) (RAILCore_StartTxStream)
C:/SiliconLabs/SimplicityStudio/v4/developer/sdks/gecko_sdk_suite/v2.3//platform/radio/rail_lib/autogen/librail_release/librail_efr32xg1_gcc_release.a(rail_calibration.o)
                              ./yes/yes_radio.o (RAIL_ConfigCal)
C:/SiliconLabs/SimplicityStudio/v4/developer/sdks/gecko_sdk_suite/v2.3//platform/radio/rail_lib/autogen/librail_release/librail_efr32xg1_gcc_release.a(rail_data.o)
                              ./yes/yes_radio.o (RAIL_ConfigData)
C:/SiliconLabs/SimplicityStudio/v4/developer/sdks/gecko_sdk_suite/v2.3//platform/radio/rail_lib/autogen/librail_release/librail_efr32xg1_gcc_release.a(rail_assert.o)
                              ./pa-conversions/pa_conversions_efr32.o (RAILCb_AssertFailed)
C:/SiliconLabs/SimplicityStudio/v4/developer/sdks/gecko_sdk_suite/v2.3//platform/radio/rail_lib/autogen/librail_release/librail_efr32xg1_gcc_release.a(rail_pti.o)
                              ./hal-efr32/hal_efr.o (RAIL_ConfigPti)
C:/SiliconLabs/SimplicityStudio/v4/developer/sdks/gecko_sdk_suite/v2.3//platform/radio/rail_lib/autogen/librail_release/librail_efr32xg1_gcc_release.a(rail_rssi.o)
                              C:/SiliconLabs/SimplicityStudio/v4/developer/sdks/gecko_sdk_suite/v2.3//platform/radio/rail_lib/autogen/librail_release/librail_efr32xg1_gcc_release.a(rail_singleprotocol.o) (RAILCore_GetRssi)
C:/SiliconLabs/SimplicityStudio/v4/developer/sdks/gecko_sdk_suite/v2.3//platform/radio/rail_lib/autogen/librail_release/librail_efr32xg1_gcc_release.a(rail_timer.o)
                              ./app_hal.o (RAIL_GetTime)
C:/SiliconLabs/SimplicityStudio/v4/developer/sdks/gecko_sdk_suite/v2.3//platform/radio/rail_lib/autogen/librail_release/librail_efr32xg1_gcc_release.a(tmrdrv.o)
                              C:/SiliconLabs/SimplicityStudio/v4/developer/sdks/gecko_sdk_suite/v2.3//platform/radio/rail_lib/autogen/librail_release/librail_efr32xg1_gcc_release.a(rail_timer.o) (TMRDRV_SetupTimer)
C:/SiliconLabs/SimplicityStudio/v4/developer/sdks/gecko_sdk_suite/v2.3//platform/radio/rail_lib/autogen/librail_release/librail_efr32xg1_gcc_release.a(tmrdrv_config.o)
                              C:/SiliconLabs/SimplicityStudio/v4/developer/sdks/gecko_sdk_suite/v2.3//platform/radio/rail_lib/autogen/librail_release/librail_efr32xg1_gcc_release.a(tmrdrv.o) (TMRDRV_GetHwTime)
C:/SiliconLabs/SimplicityStudio/v4/developer/sdks/gecko_sdk_suite/v2.3//platform/radio/rail_lib/autogen/librail_release/librail_efr32xg1_gcc_release.a(rail_ieee802154.o)
                              ./yes/yes_radio.o (RAIL_IEEE802154_Init)
C:/SiliconLabs/SimplicityStudio/v4/developer/sdks/gecko_sdk_suite/v2.3//platform/radio/rail_lib/autogen/librail_release/librail_efr32xg1_gcc_release.a(rail_rf_hal.o)
                              C:/SiliconLabs/SimplicityStudio/v4/developer/sdks/gecko_sdk_suite/v2.3//platform/radio/rail_lib/autogen/librail_release/librail_efr32xg1_gcc_release.a(rail_rf.o) (RFHAL_SetFixedLength)
C:/SiliconLabs/SimplicityStudio/v4/developer/sdks/gecko_sdk_suite/v2.3//platform/radio/rail_lib/autogen/librail_release/librail_efr32xg1_gcc_release.a(rail_ieee802154_rf_hal.o)
                              C:/SiliconLabs/SimplicityStudio/v4/developer/sdks/gecko_sdk_suite/v2.3//platform/radio/rail_lib/autogen/librail_release/librail_efr32xg1_gcc_release.a(rail_ieee802154.o) (RFHAL_IEEE802154Disable)
C:/SiliconLabs/SimplicityStudio/v4/developer/sdks/gecko_sdk_suite/v2.3//platform/radio/rail_lib/autogen/librail_release/librail_efr32xg1_gcc_release.a(ieee802154_efr32xg1_configurator_out.o)
[...]
Memory Configuration

Name             Origin             Length             Attributes
FLASH            0x00000000         0x00040000         xr
RAM              0x20000000         0x00007c00         xrw
*default*        0x00000000         0xffffffff

Linker script and memory map

LOAD c:/siliconlabs/simplicitystudio/v4/developer/toolchains/gnu_arm/7.2_2017q4/bin/../lib/gcc/arm-none-eabi/7.2.1/thumb/v7e-m/fpv4-sp/softfp/crti.o
LOAD c:/siliconlabs/simplicitystudio/v4/developer/toolchains/gnu_arm/7.2_2017q4/bin/../lib/gcc/arm-none-eabi/7.2.1/thumb/v7e-m/fpv4-sp/softfp/crtbegin.o
LOAD c:/siliconlabs/simplicitystudio/v4/developer/toolchains/gnu_arm/7.2_2017q4/bin/../lib/gcc/arm-none-eabi/7.2.1/../../../../arm-none-eabi/lib/thumb/v7e-m/fpv4-sp/softfp/crt0.o
                0x00040000                FLASH_SIZE = 0x40000
                0x00008000                RAM_SIZE = 0x8000
                0x00000000                SIMEEPROM_SIZE = 0x0
                0x00000001                NULL_BTL = 0x1
START GROUP
LOAD ./.metadata/.plugins/org.eclipse.cdt.make.core/specs.o
LOAD ./app_hal.o
LOAD ./app_main.o
LOAD ./rail_config.o
LOAD ./buffer-pool-memory-manager/buffer_pool_allocator.o
LOAD ./circular-queue/circular_queue.o
LOAD ./command-interpreter-rail/command_interpreter.o
LOAD ./emdrv/dmadrv.o
LOAD ./emdrv/gpiointerrupt.o
LOAD ./emdrv/rtcdriver.o
LOAD ./emdrv/sleep.o
LOAD ./emdrv/tempdrv.o
LOAD ./emdrv/uartdrv.o
LOAD ./emdrv/ustimer.o
LOAD ./emlib/em_adc.o
LOAD ./emlib/em_cmu.o
LOAD ./emlib/em_core.o
LOAD ./emlib/em_emu.o
LOAD ./emlib/em_gpio.o
LOAD ./emlib/em_i2c.o
LOAD ./emlib/em_ldma.o
LOAD ./emlib/em_leuart.o
LOAD ./emlib/em_mpu.o
LOAD ./emlib/em_msc.o
LOAD ./emlib/em_prs.o
LOAD ./emlib/em_rmu.o
LOAD ./emlib/em_rtcc.o
LOAD ./emlib/em_system.o
LOAD ./emlib/em_timer.o
LOAD ./emlib/em_usart.o
LOAD ./emlib/em_wdog.o
LOAD ./emlib/system_efr32fg1p.o
LOAD ./hal-efr32/bsp_init.o
LOAD ./hal-efr32/bsp_stk.o
LOAD ./hal-efr32/bsp_stk_leds.o
LOAD ./hal-efr32/dmactrl.o
LOAD ./hal-efr32/em_assert.o
LOAD ./hal-efr32/em_rtc.o
LOAD ./hal-efr32/hal_common.o
LOAD ./hal-efr32/hal_efr.o
LOAD ./hal-efr32/i2cspm.o
LOAD ./hal-efr32/retargetio.o
LOAD ./hal-efr32/retargetserial.o
LOAD ./hal-efr32/udelay.o
LOAD ./pa-conversions/pa_conversions_efr32.o
LOAD ./rail-app-config/EFR32_F_1_1_P/gcc/startup_efr32fg1p.o
LOAD ./response-printf/response_print.o
LOAD ./user_data/user_data.o
LOAD ./yes/my_uart.o
LOAD ./yes/parameter_ci.o
LOAD ./yes/yes_radio.o
LOAD C:/SiliconLabs/SimplicityStudio/v4/developer/sdks/gecko_sdk_suite/v2.3//platform/radio/rail_lib/autogen/librail_release/librail_efr32xg1_gcc_release.a
LOAD c:/siliconlabs/simplicitystudio/v4/developer/toolchains/gnu_arm/7.2_2017q4/bin/../lib/gcc/arm-none-eabi/7.2.1/../../../../arm-none-eabi/lib/thumb/v7e-m/fpv4-sp/softfp\libm.a
END GROUP
START GROUP
LOAD c:/siliconlabs/simplicitystudio/v4/developer/toolchains/gnu_arm/7.2_2017q4/bin/../lib/gcc/arm-none-eabi/7.2.1/thumb/v7e-m/fpv4-sp/softfp\libgcc.a
LOAD c:/siliconlabs/simplicitystudio/v4/developer/toolchains/gnu_arm/7.2_2017q4/bin/../lib/gcc/arm-none-eabi/7.2.1/../../../../arm-none-eabi/lib/thumb/v7e-m/fpv4-sp/softfp\libc_nano.a
LOAD c:/siliconlabs/simplicitystudio/v4/developer/toolchains/gnu_arm/7.2_2017q4/bin/../lib/gcc/arm-none-eabi/7.2.1/../../../../arm-none-eabi/lib/thumb/v7e-m/fpv4-sp/softfp\libnosys.a
END GROUP
START GROUP
LOAD c:/siliconlabs/simplicitystudio/v4/developer/toolchains/gnu_arm/7.2_2017q4/bin/../lib/gcc/arm-none-eabi/7.2.1/thumb/v7e-m/fpv4-sp/softfp\libgcc.a
LOAD c:/siliconlabs/simplicitystudio/v4/developer/toolchains/gnu_arm/7.2_2017q4/bin/../lib/gcc/arm-none-eabi/7.2.1/../../../../arm-none-eabi/lib/thumb/v7e-m/fpv4-sp/softfp\libg_nano.a
LOAD c:/siliconlabs/simplicitystudio/v4/developer/toolchains/gnu_arm/7.2_2017q4/bin/../lib/gcc/arm-none-eabi/7.2.1/../../../../arm-none-eabi/lib/thumb/v7e-m/fpv4-sp/softfp\libc_nano.a
END GROUP
START GROUP
LOAD c:/siliconlabs/simplicitystudio/v4/developer/toolchains/gnu_arm/7.2_2017q4/bin/../lib/gcc/arm-none-eabi/7.2.1/thumb/v7e-m/fpv4-sp/softfp\libgcc.a
LOAD c:/siliconlabs/simplicitystudio/v4/developer/toolchains/gnu_arm/7.2_2017q4/bin/../lib/gcc/arm-none-eabi/7.2.1/../../../../arm-none-eabi/lib/thumb/v7e-m/fpv4-sp/softfp\libc_nano.a
END GROUP
LOAD c:/siliconlabs/simplicitystudio/v4/developer/toolchains/gnu_arm/7.2_2017q4/bin/../lib/gcc/arm-none-eabi/7.2.1/thumb/v7e-m/fpv4-sp/softfp/crtend.o
LOAD c:/siliconlabs/simplicitystudio/v4/developer/toolchains/gnu_arm/7.2_2017q4/bin/../lib/gcc/arm-none-eabi/7.2.1/thumb/v7e-m/fpv4-sp/softfp/crtn.o

.text           0x00000000     0xa44c
 *(.vectors)
 .vectors       0x00000000       0xc8 ./rail-app-config/EFR32_F_1_1_P/gcc/startup_efr32fg1p.o
                0x00000000                __Vectors
                0x000000c8                __Vectors_End = .
                0x000000c8                __Vectors_Size = (__Vectors_End - __Vectors)
                0x000000c8                __end__ = .
 *(.text*)
 .text          0x000000c8       0x40 c:/siliconlabs/simplicitystudio/v4/developer/toolchains/gnu_arm/7.2_2017q4/bin/../lib/gcc/arm-none-eabi/7.2.1/thumb/v7e-m/fpv4-sp/softfp/crtbegin.o
 .text          0x00000108       0x74 c:/siliconlabs/simplicitystudio/v4/developer/toolchains/gnu_arm/7.2_2017q4/bin/../lib/gcc/arm-none-eabi/7.2.1/../../../../arm-none-eabi/lib/thumb/v7e-m/fpv4-sp/softfp/crt0.o
                0x00000108                _start
                0x00000108                _mainCRTStartup
 .text.appHalInit
                0x0000017c       0x18 ./app_hal.o
                0x0000017c                appHalInit
 .text.Init_TimerExpired
                0x00000194       0x24 ./app_main.o
                0x00000194                Init_TimerExpired
 .text.changeChannel2p4
                0x000001b8       0x24 ./app_main.o
                0x000001b8                changeChannel2p4
 .text.startup.main
                0x000001dc      0x170 ./app_main.o
                0x000001dc                main
 .text.RAILCb_CalcBitRate
                0x0000034c        0x4 ./rail_config.o
                0x0000034c                RAILCb_CalcBitRate
 .text.RAILCb_ConfigFrameTypeLength
                0x00000350        0x2 ./rail_config.o
                0x00000350                RAILCb_ConfigFrameTypeLength
 *fill*         0x00000352        0x2 
 .text.memoryAllocate
                0x00000354       0x44 ./buffer-pool-memory-manager/buffer_pool_allocator.o
                0x00000354                memoryAllocate
 .text.memoryPtrFromHandle
                0x00000398       0x30 ./buffer-pool-memory-manager/buffer_pool_allocator.o
                0x00000398                memoryPtrFromHandle
 .text.memoryFree
                0x000003c8       0x30 ./buffer-pool-memory-manager/buffer_pool_allocator.o
                0x000003c8                memoryFree
 .text.memoryTakeReference
                0x000003f8       0x30 ./buffer-pool-memory-manager/buffer_pool_allocator.o
                0x000003f8                memoryTakeReference
 .text.queueInit
                0x00000428       0x22 ./circular-queue/circular_queue.o
                0x00000428                queueInit
 .text.queueAdd
                0x0000044a       0x48 ./circular-queue/circular_queue.o
                0x0000044a                queueAdd
 .text.queueRemove
                0x00000492       0x38 ./circular-queue/circular_queue.o
                0x00000492                queueRemove
 *fill*         0x000004ca        0x2 
 .text.StartTransfer
                0x000004cc      0x180 ./emdrv/dmadrv.o
 .text.DMADRV_AllocateChannel
                0x0000064c       0x58 ./emdrv/dmadrv.o
                0x0000064c                DMADRV_AllocateChannel
 .text.DMADRV_Init
                0x000006a4       0x6c ./emdrv/dmadrv.o
                0x000006a4                DMADRV_Init
 .text.DMADRV_PeripheralMemory
                0x00000710       0x34 ./emdrv/dmadrv.o
                0x00000710                DMADRV_PeripheralMemory
 .text.DMADRV_PauseTransfer
                0x00000744       0x40 ./emdrv/dmadrv.o
                0x00000744                DMADRV_PauseTransfer
 .text.DMADRV_ResumeTransfer
                0x00000784       0x40 ./emdrv/dmadrv.o
                0x00000784                DMADRV_ResumeTransfer
 .text.DMADRV_TransferActive
                0x000007c4       0x50 ./emdrv/dmadrv.o
                0x000007c4                DMADRV_TransferActive
 .text.LDMA_IRQHandler
                0x00000814       0x70 ./emdrv/dmadrv.o
                0x00000814                LDMA_IRQHandler
 .text.GPIOINT_IRQDispatcher
                0x00000884       0x2c ./emdrv/gpiointerrupt.o
 .text.GPIOINT_Init
                0x000008b0       0x1c ./emdrv/gpiointerrupt.o
                0x000008b0                GPIOINT_Init
 .text.GPIOINT_CallbackRegister
                0x000008cc       0x1c ./emdrv/gpiointerrupt.o
                0x000008cc                GPIOINT_CallbackRegister
 .text.GPIO_EVEN_IRQHandler
                0x000008e8       0x24 ./emdrv/gpiointerrupt.o
                0x000008e8                GPIO_EVEN_IRQHandler
 .text.GPIO_ODD_IRQHandler
                0x0000090c       0x24 ./emdrv/gpiointerrupt.o
                0x0000090c                GPIO_ODD_IRQHandler
 .text.checkAllTimers
                0x00000930       0xac ./emdrv/rtcdriver.o
 .text.executeTimerCallbacks
                0x000009dc       0x24 ./emdrv/rtcdriver.o
 .text.rescheduleRtc
                0x00000a00       0x78 ./emdrv/rtcdriver.o
 .text.RTCC_IRQHandler
                0x00000a78       0x94 ./emdrv/rtcdriver.o
                0x00000a78                RTCC_IRQHandler
 .text.updateInterrupts
                0x00000b0c       0xd0 ./emdrv/tempdrv.o
 .text.TEMPDRV_GetTemp
                0x00000bdc       0x28 ./emdrv/tempdrv.o
                0x00000bdc                TEMPDRV_GetTemp
 .text.TEMPDRV_IRQHandler
                0x00000c04       0x60 ./emdrv/tempdrv.o
                0x00000c04                TEMPDRV_IRQHandler
 .text.EMU_IRQHandler
                0x00000c64        0x4 ./emdrv/tempdrv.o
                0x00000c64                EMU_IRQHandler
 .text.CheckParams
                0x00000c68       0x24 ./emdrv/uartdrv.o
 .text.SetHandleIndex
                0x00000c8c       0x44 ./emdrv/uartdrv.o
 .text.GetTailBuffer
                0x00000cd0       0x34 ./emdrv/uartdrv.o
 .text.DequeueBuffer
                0x00000d04       0x4c ./emdrv/uartdrv.o
 .text.StartReceiveDma
                0x00000d50       0x44 ./emdrv/uartdrv.o
 .text.HwFcGetClearToSendPin.part.0
                0x00000d94       0x1c ./emdrv/uartdrv.o
 .text.HwFcManageClearToSend
                0x00000db0       0x7c ./emdrv/uartdrv.o
 .text.EnableReceiver
                0x00000e2c       0x3c ./emdrv/uartdrv.o
 .text.DisableReceiver
                0x00000e68       0x30 ./emdrv/uartdrv.o
 .text.InitializeDma
                0x00000e98       0x2c ./emdrv/uartdrv.o
 .text.EnqueueBuffer.constprop.8
                0x00000ec4       0x7c ./emdrv/uartdrv.o
 .text.ConfigGpio
                0x00000f40       0xce ./emdrv/uartdrv.o
 .text.UARTDRV_ForceTransmit
                0x0000100e       0xfa ./emdrv/uartdrv.o
                0x0000100e                UARTDRV_ForceTransmit
 .text.UARTDRV_PauseTransmit
                0x00001108       0x3c ./emdrv/uartdrv.o
                0x00001108                UARTDRV_PauseTransmit
 .text.UARTDRV_ResumeTransmit
                0x00001144       0x4c ./emdrv/uartdrv.o
                0x00001144                UARTDRV_ResumeTransmit
 .text.FcApplyState
                0x00001190       0x6c ./emdrv/uartdrv.o
 .text.UARTDRV_Receive
                0x000011fc       0x58 ./emdrv/uartdrv.o
                0x000011fc                UARTDRV_Receive
 .text.ReceiveDmaComplete
                0x00001254       0xe8 ./emdrv/uartdrv.o
 .text.UARTDRV_InitUart
                0x0000133c      0x4a4 ./emdrv/uartdrv.o
                0x0000133c                UARTDRV_InitUart
 .text.TIMER0_IRQHandler
                0x000017e0       0x1c ./emdrv/ustimer.o
                0x000017e0                TIMER0_IRQHandler
 .text.setHfLeConfig
                0x000017fc       0x44 ./emlib/em_cmu.o
 .text.flashWaitStateControl.isra.0
                0x00001840       0x38 ./emlib/em_cmu.o
 .text.flashWaitStateMax
                0x00001878       0x20 ./emlib/em_cmu.o
 .text.syncReg  0x00001898       0x18 ./emlib/em_cmu.o
 .text.CMU_OscillatorTuningSet.part.3
                0x000018b0       0x3c ./emlib/em_cmu.o
 .text.CMU_UpdateWaitStates
                0x000018ec       0x1c ./emlib/em_cmu.o
                0x000018ec                CMU_UpdateWaitStates
 .text.CMU_ClockEnable
                0x00001908       0x7c ./emlib/em_cmu.o
                0x00001908                CMU_ClockEnable
 .text.CMU_ClockSelectGet
                0x00001984       0xbc ./emlib/em_cmu.o
                0x00001984                CMU_ClockSelectGet
 .text.lfClkGet
                0x00001a40       0x88 ./emlib/em_cmu.o
 .text.CMU_ClockFreqGet
                0x00001ac8      0x134 ./emlib/em_cmu.o
                0x00001ac8                CMU_ClockFreqGet
 .text.CMU_OscillatorTuningWait
                0x00001bfc       0x44 ./emlib/em_cmu.o
                0x00001bfc                CMU_OscillatorTuningWait
 .text.CMU_OscillatorTuningOptimize
                0x00001c40       0x24 ./emlib/em_cmu.o
                0x00001c40                CMU_OscillatorTuningOptimize
 .text.CMU_OscillatorEnable
                0x00001c64       0xe8 ./emlib/em_cmu.o
                0x00001c64                CMU_OscillatorEnable
 .text.CMU_ClockSelectSet
                0x00001d4c      0x15c ./emlib/em_cmu.o
                0x00001d4c                CMU_ClockSelectSet
 .text.CMU_HFXOInit
                0x00001ea8       0x88 ./emlib/em_cmu.o
                0x00001ea8                CMU_HFXOInit
 .text.CORE_EnterCritical
                0x00001f30        0x8 ./emlib/em_core.o
                0x00001f30                CORE_EnterCritical
 .text.CORE_ExitCritical
                0x00001f38        0x6 ./emlib/em_core.o
                0x00001f38                CORE_ExitCritical
 .text.CORE_EnterAtomic
                0x00001f3e        0x8 ./emlib/em_core.o
                0x00001f3e                CORE_EnterAtomic
 .text.CORE_ExitAtomic
                0x00001f46        0x4 ./emlib/em_core.o
                0x00001f46                CORE_ExitAtomic
 *fill*         0x00001f4a        0x2 
 .text.CORE_NvicIRQDisabled
                0x00001f4c       0x1c ./emlib/em_core.o
                0x00001f4c                CORE_NvicIRQDisabled
 .text.CORE_IrqIsBlocked
                0x00001f68       0x80 ./emlib/em_core.o
                0x00001f68                CORE_IrqIsBlocked
 .text.currentLimitersUpdate
                0x00001fe8       0x70 ./emlib/em_emu.o
 .text.EMU_DCDCModeSet
                0x00002058       0x5c ./emlib/em_emu.o
                0x00002058                EMU_DCDCModeSet
 .text.EMU_DCDCOutputVoltageSet
                0x000020b4      0x19c ./emlib/em_emu.o
                0x000020b4                EMU_DCDCOutputVoltageSet
 .text.EMU_DCDCOptimizeSlice
                0x00002250       0x6c ./emlib/em_emu.o
                0x00002250                EMU_DCDCOptimizeSlice
 .text.EMU_DCDCLnRcoBandSet
                0x000022bc       0x24 ./emlib/em_emu.o
                0x000022bc                EMU_DCDCLnRcoBandSet
 .text.EMU_DCDCInit
                0x000022e0      0x19c ./emlib/em_emu.o
                0x000022e0                EMU_DCDCInit
 .text.GPIO_ExtIntConfig
                0x0000247c       0x98 ./emlib/em_gpio.o
                0x0000247c                GPIO_ExtIntConfig
 .text.GPIO_PinModeSet
                0x00002514       0x84 ./emlib/em_gpio.o
                0x00002514                GPIO_PinModeSet
 .text.LDMA_EnableChannelRequest
                0x00002598       0x14 ./emlib/em_ldma.o
                0x00002598                LDMA_EnableChannelRequest
 .text.LDMA_Init
                0x000025ac       0x58 ./emlib/em_ldma.o
                0x000025ac                LDMA_Init
 .text.LDMA_StartTransfer
                0x00002604       0xa4 ./emlib/em_ldma.o
                0x00002604                LDMA_StartTransfer
 .text.LEUART_Sync
                0x000026a8        0xe ./emlib/em_leuart.o
 .text.LEUART_Tx
                0x000026b6       0x18 ./emlib/em_leuart.o
                0x000026b6                LEUART_Tx
 *fill*         0x000026ce        0x2 
 .text.SYSTEM_ChipRevisionGet
                0x000026d0       0x34 ./emlib/em_system.o
                0x000026d0                SYSTEM_ChipRevisionGet
 .text.USART_BaudrateAsyncSet
                0x00002704       0x64 ./emlib/em_usart.o
                0x00002704                USART_BaudrateAsyncSet
 .text.USART_BaudrateSyncSet
                0x00002768       0x24 ./emlib/em_usart.o
                0x00002768                USART_BaudrateSyncSet
 .text.USART_Enable
                0x0000278c        0xe ./emlib/em_usart.o
                0x0000278c                USART_Enable
 *fill*         0x0000279a        0x2 
 .text.USART_Reset
                0x0000279c       0x44 ./emlib/em_usart.o
                0x0000279c                USART_Reset
 .text.USART_InitAsync
                0x000027e0       0x70 ./emlib/em_usart.o
                0x000027e0                USART_InitAsync
 .text.USART_InitSync
                0x00002850       0x82 ./emlib/em_usart.o
                0x00002850                USART_InitSync
 .text.USART_Rx
                0x000028d2        0xc ./emlib/em_usart.o
                0x000028d2                USART_Rx
 .text.USART_Tx
                0x000028de        0xa ./emlib/em_usart.o
                0x000028de                USART_Tx
 .text.SystemMaxCoreClockGet
                0x000028e8        0x8 ./emlib/system_efr32fg1p.o
                0x000028e8                SystemMaxCoreClockGet
 .text.SystemHFClockGet
                0x000028f0       0x48 ./emlib/system_efr32fg1p.o
                0x000028f0                SystemHFClockGet
 .text.SystemCoreClockGet
                0x00002938       0x24 ./emlib/system_efr32fg1p.o
                0x00002938                SystemCoreClockGet
 .text.SystemHFXOClockGet
                0x0000295c        0xc ./emlib/system_efr32fg1p.o
                0x0000295c                SystemHFXOClockGet
 .text.SystemHFXOClockSet
                0x00002968       0x20 ./emlib/system_efr32fg1p.o
                0x00002968                SystemHFXOClockSet
 .text.SystemInit
                0x00002988       0x44 ./emlib/system_efr32fg1p.o
                0x00002988                SystemInit
 .text.SystemLFRCOClockGet
                0x000029cc        0x6 ./emlib/system_efr32fg1p.o
                0x000029cc                SystemLFRCOClockGet
 .text.SystemULFRCOClockGet
                0x000029d2        0x6 ./emlib/system_efr32fg1p.o
                0x000029d2                SystemULFRCOClockGet
 .text.SystemLFXOClockGet
                0x000029d8        0xc ./emlib/system_efr32fg1p.o
                0x000029d8                SystemLFXOClockGet
 .text.BSP_initDcdc
                0x000029e4       0x2c ./hal-efr32/bsp_init.o
                0x000029e4                BSP_initDcdc
 .text.BSP_initClocks
                0x00002a10       0x80 ./hal-efr32/bsp_init.o
                0x00002a10                BSP_initClocks
 .text.BSP_initDevice
                0x00002a90       0x88 ./hal-efr32/bsp_init.o
                0x00002a90                BSP_initDevice
 .text.BSP_initBoard
                0x00002b18       0x1c ./hal-efr32/bsp_init.o
                0x00002b18                BSP_initBoard
 .text.BSP_Init
                0x00002b34        0x4 ./hal-efr32/bsp_stk.o
                0x00002b34                BSP_Init
 .text.BSP_LedsInit
                0x00002b38       0x44 ./hal-efr32/bsp_stk_leds.o
                0x00002b38                BSP_LedsInit
 .text.BSP_LedSet
                0x00002b7c       0x30 ./hal-efr32/bsp_stk_leds.o
                0x00002b7c                BSP_LedSet
 .text.halInit  0x00002bac        0x8 ./hal-efr32/hal_common.o
                0x00002bac                halInit
 .text.usecDelay
                0x00002bb4       0x24 ./hal-efr32/hal_efr.o
 .text.halInitChipSpecific
                0x00002bd8      0x15c ./hal-efr32/hal_efr.o
                0x00002bd8                halInitChipSpecific
 .text._close   0x00002d34        0x4 ./hal-efr32/retargetio.o
                0x00002d34                _close
 .text._exit    0x00002d38        0x2 ./hal-efr32/retargetio.o
                0x00002d38                _exit
 .text._fstat   0x00002d3a        0xa ./hal-efr32/retargetio.o
                0x00002d3a                _fstat
 .text._getpid  0x00002d44        0x4 ./hal-efr32/retargetio.o
                0x00002d44                _getpid
 .text._isatty  0x00002d48        0x4 ./hal-efr32/retargetio.o
                0x00002d48                _isatty
 .text._kill    0x00002d4c        0x6 ./hal-efr32/retargetio.o
                0x00002d4c                _kill
 .text._lseek   0x00002d52        0x4 ./hal-efr32/retargetio.o
                0x00002d52                _lseek
 .text._read    0x00002d56       0x2a ./hal-efr32/retargetio.o
                0x00002d56                _read
 .text._sbrk    0x00002d80       0x1c ./hal-efr32/retargetio.o
                0x00002d80                _sbrk
 .text._write   0x00002d9c       0x1c ./hal-efr32/retargetio.o
                0x00002d9c                _write
 .text.USART0_RX_IRQHandler
                0x00002db8       0x50 ./hal-efr32/retargetserial.o
                0x00002db8                USART0_RX_IRQHandler
 .text.RETARGET_SerialInit
                0x00002e08       0xc8 ./hal-efr32/retargetserial.o
                0x00002e08                RETARGET_SerialInit
 .text.RETARGET_ReadChar
                0x00002ed0       0x64 ./hal-efr32/retargetserial.o
                0x00002ed0                RETARGET_ReadChar
 .text.RETARGET_WriteChar
                0x00002f34       0x48 ./hal-efr32/retargetserial.o
                0x00002f34                RETARGET_WriteChar
 .text.RAIL_GetTxPowerCurve
                0x00002f7c       0x14 ./pa-conversions/pa_conversions_efr32.o
                0x00002f7c                RAIL_GetTxPowerCurve
 .text.RAIL_InitTxPowerCurves
                0x00002f90       0x2c ./pa-conversions/pa_conversions_efr32.o
                0x00002f90                RAIL_InitTxPowerCurves
 .text.RAIL_ConvertDbmToRaw
                0x00002fbc       0xd8 ./pa-conversions/pa_conversions_efr32.o
                0x00002fbc                RAIL_ConvertDbmToRaw
 .text          0x00003094       0x30 ./rail-app-config/EFR32_F_1_1_P/gcc/startup_efr32fg1p.o
                0x00003094                Reset_Handler
                0x000030c0                USART0_TX_IRQHandler
                0x000030c0                I2C0_IRQHandler
                0x000030c0                HardFault_Handler
                0x000030c0                SysTick_Handler
                0x000030c0                USART1_RX_IRQHandler
                0x000030c0                PendSV_Handler
                0x000030c0                NMI_Handler
                0x000030c0                WDOG0_IRQHandler
                0x000030c0                USART1_TX_IRQHandler
                0x000030c0                MSC_IRQHandler
                0x000030c0                ADC0_IRQHandler
                0x000030c0                UsageFault_Handler
                0x000030c0                LEUART0_IRQHandler
                0x000030c0                FPUEH_IRQHandler
                0x000030c0                DebugMon_Handler
                0x000030c0                LETIMER0_IRQHandler
                0x000030c0                TIMER1_IRQHandler
                0x000030c0                Default_Handler
                0x000030c0                CRYOTIMER_IRQHandler
                0x000030c0                PCNT0_IRQHandler
                0x000030c0                ACMP0_IRQHandler
                0x000030c0                MemManage_Handler
                0x000030c0                SVC_Handler
                0x000030c0                CRYPTO_IRQHandler
                0x000030c0                CMU_IRQHandler
                0x000030c0                BusFault_Handler
                0x000030c0                IDAC0_IRQHandler
 .text.InitUserDataInfo
                0x000030c4      0x10c ./user_data/user_data.o
                0x000030c4                InitUserDataInfo
 .text.UART_Rx_cb
                0x000031d0       0x40 ./yes/my_uart.o
                0x000031d0                UART_Rx_cb
 .text.B2B_UART_Rx_cb
                0x00003210       0x40 ./yes/my_uart.o
                0x00003210                B2B_UART_Rx_cb
 .text.initUart
                0x00003250       0x4c ./yes/my_uart.o
                0x00003250                initUart
 .text.initB2BUart
                0x0000329c       0x4c ./yes/my_uart.o
                0x0000329c                initB2BUart
 .text.UART_process
                0x000032e8      0x1a4 ./yes/my_uart.o
                0x000032e8                UART_process
 .text.RAILCb_RfReady2p4
                0x0000348c        0xc ./yes/yes_radio.o
 .text.ReTx_TimerExpired
                0x00003498       0x68 ./yes/yes_radio.o
                0x00003498                ReTx_TimerExpired
 .text.RAILCb_Generic2p4
                0x00003500       0x50 ./yes/yes_radio.o
                0x00003500                RAILCb_Generic2p4
 .text.QueueInit
                0x00003550       0x34 ./yes/yes_radio.o
                0x00003550                QueueInit
 .text.SendMessageIEEE802154
                0x00003584       0xe4 ./yes/yes_radio.o
                0x00003584                SendMessageIEEE802154
 .text.Tx2p4GPending
                0x00003668       0x4c ./yes/yes_radio.o
                0x00003668                Tx2p4GPending
 .text.initRadio802154
                0x000036b4       0xc8 ./yes/yes_radio.o
                0x000036b4                initRadio802154
 .text.setMultiTimer
                0x0000377c        0x4 C:/SiliconLabs/SimplicityStudio/v4/developer/sdks/gecko_sdk_suite/v2.3//platform/radio/rail_lib/autogen/librail_release/librail_efr32xg1_gcc_release.a(rail_singleprotocol.o)
 .text.cancelMultiTimer
                0x00003780        0x4 C:/SiliconLabs/SimplicityStudio/v4/developer/sdks/gecko_sdk_suite/v2.3//platform/radio/rail_lib/autogen/librail_release/librail_efr32xg1_gcc_release.a(rail_singleprotocol.o)
 .text.isMultiTimerExpired
                0x00003784        0x4 C:/SiliconLabs/SimplicityStudio/v4/developer/sdks/gecko_sdk_suite/v2.3//platform/radio/rail_lib/autogen/librail_release/librail_efr32xg1_gcc_release.a(rail_singleprotocol.o)
 .text.getMultiTimer
                0x00003788        0x4 C:/SiliconLabs/SimplicityStudio/v4/developer/sdks/gecko_sdk_suite/v2.3//platform/radio/rail_lib/autogen/librail_release/librail_efr32xg1_gcc_release.a(rail_singleprotocol.o)
 .text.getActiveTimerCb
                0x0000378c       0x18 C:/SiliconLabs/SimplicityStudio/v4/developer/sdks/gecko_sdk_suite/v2.3//platform/radio/rail_lib/autogen/librail_release/librail_efr32xg1_gcc_release.a(rail_singleprotocol.o)
 .text.isMultiTimerRunning
                0x000037a4        0x4 C:/SiliconLabs/SimplicityStudio/v4/developer/sdks/gecko_sdk_suite/v2.3//platform/radio/rail_lib/autogen/librail_release/librail_efr32xg1_gcc_release.a(rail_singleprotocol.o)
 .text.RAIL_Init
                0x000037a8       0x20 C:/SiliconLabs/SimplicityStudio/v4/developer/sdks/gecko_sdk_suite/v2.3//platform/radio/rail_lib/autogen/librail_release/librail_efr32xg1_gcc_release.a(rail_singleprotocol.o)
                0x000037a8                RAIL_Init
 .text.RAIL_SetTimer
                0x000037c8       0x1c C:/SiliconLabs/SimplicityStudio/v4/developer/sdks/gecko_sdk_suite/v2.3//platform/radio/rail_lib/autogen/librail_release/librail_efr32xg1_gcc_release.a(rail_singleprotocol.o)
                0x000037c8                RAIL_SetTimer
 .text.RAIL_StartCcaCsmaTx
                0x000037e4        0x6 C:/SiliconLabs/SimplicityStudio/v4/developer/sdks/gecko_sdk_suite/v2.3//platform/radio/rail_lib/autogen/librail_release/librail_efr32xg1_gcc_release.a(rail_singleprotocol.o)
                0x000037e4                RAIL_StartCcaCsmaTx
 .text.RAIL_StartRx
                0x000037ea        0x6 C:/SiliconLabs/SimplicityStudio/v4/developer/sdks/gecko_sdk_suite/v2.3//platform/radio/rail_lib/autogen/librail_release/librail_efr32xg1_gcc_release.a(rail_singleprotocol.o)
                0x000037ea                RAIL_StartRx
 .text.radioConfigChangedDefault
                0x000037f0        0x2 C:/SiliconLabs/SimplicityStudio/v4/developer/sdks/gecko_sdk_suite/v2.3//platform/radio/rail_lib/autogen/librail_release/librail_efr32xg1_gcc_release.a(rail_rf.o)
 .text.isTransitionState
                0x000037f2       0x12 C:/SiliconLabs/SimplicityStudio/v4/developer/sdks/gecko_sdk_suite/v2.3//platform/radio/rail_lib/autogen/librail_release/librail_efr32xg1_gcc_release.a(rail_rf.o)
 .text.RAILCore_Init
                0x00003804       0x12 C:/SiliconLabs/SimplicityStudio/v4/developer/sdks/gecko_sdk_suite/v2.3//platform/radio/rail_lib/autogen/librail_release/librail_efr32xg1_gcc_release.a(rail_rf.o)
                0x00003804                RAILCore_Init
 *fill*         0x00003816        0x2 
 .text.RAILInt_SetCallbackConfig
                0x00003818       0x20 C:/SiliconLabs/SimplicityStudio/v4/developer/sdks/gecko_sdk_suite/v2.3//platform/radio/rail_lib/autogen/librail_release/librail_efr32xg1_gcc_release.a(rail_rf.o)
                0x00003818                RAILInt_SetCallbackConfig
 .text.RAILCore_Idle
                0x00003838       0x14 C:/SiliconLabs/SimplicityStudio/v4/developer/sdks/gecko_sdk_suite/v2.3//platform/radio/rail_lib/autogen/librail_release/librail_efr32xg1_gcc_release.a(rail_rf.o)
                0x00003838                RAILCore_Idle
 .text.RAILInt_IsPowerInRange
                0x0000384c       0x3c C:/SiliconLabs/SimplicityStudio/v4/developer/sdks/gecko_sdk_suite/v2.3//platform/radio/rail_lib/autogen/librail_release/librail_efr32xg1_gcc_release.a(rail_rf.o)
                0x0000384c                RAILInt_IsPowerInRange
 .text.RAILInt_SetChannel
                0x00003888      0x1c0 C:/SiliconLabs/SimplicityStudio/v4/developer/sdks/gecko_sdk_suite/v2.3//platform/radio/rail_lib/autogen/librail_release/librail_efr32xg1_gcc_release.a(rail_rf.o)
                0x00003888                RAILInt_SetChannel
 .text.RAILCore_ConfigChannels
                0x00003a48       0x60 C:/SiliconLabs/SimplicityStudio/v4/developer/sdks/gecko_sdk_suite/v2.3//platform/radio/rail_lib/autogen/librail_release/librail_efr32xg1_gcc_release.a(rail_rf.o)
                0x00003a48                RAILCore_ConfigChannels
 .text.RAILInt_GetChannel
                0x00003aa8        0x4 C:/SiliconLabs/SimplicityStudio/v4/developer/sdks/gecko_sdk_suite/v2.3//platform/radio/rail_lib/autogen/librail_release/librail_efr32xg1_gcc_release.a(rail_rf.o)
                0x00003aa8                RAILInt_GetChannel
 .text.RAILCore_SetTxTransitions
                0x00003aac       0x3c C:/SiliconLabs/SimplicityStudio/v4/developer/sdks/gecko_sdk_suite/v2.3//platform/radio/rail_lib/autogen/librail_release/librail_efr32xg1_gcc_release.a(rail_rf.o)
                0x00003aac                RAILCore_SetTxTransitions
 .text.RAILCore_SetRxTransitions
                0x00003ae8       0x38 C:/SiliconLabs/SimplicityStudio/v4/developer/sdks/gecko_sdk_suite/v2.3//platform/radio/rail_lib/autogen/librail_release/librail_efr32xg1_gcc_release.a(rail_rf.o)
                0x00003ae8                RAILCore_SetRxTransitions
 .text.RAIL_ConfigEvents
                0x00003b20        0x6 C:/SiliconLabs/SimplicityStudio/v4/developer/sdks/gecko_sdk_suite/v2.3//platform/radio/rail_lib/autogen/librail_release/librail_efr32xg1_gcc_release.a(rail_rf.o)
                0x00003b20                RAIL_ConfigEvents
 .text.RAILCore_StartRx
                0x00003b26       0x1a C:/SiliconLabs/SimplicityStudio/v4/developer/sdks/gecko_sdk_suite/v2.3//platform/radio/rail_lib/autogen/librail_release/librail_efr32xg1_gcc_release.a(rail_rx.o)
                0x00003b26                RAILCore_StartRx
 .text.RAIL_SetTxPower
                0x00003b40        0x6 C:/SiliconLabs/SimplicityStudio/v4/developer/sdks/gecko_sdk_suite/v2.3//platform/radio/rail_lib/autogen/librail_release/librail_efr32xg1_gcc_release.a(rail_tx.o)
                0x00003b40                RAIL_SetTxPower
 .text.RAIL_ConfigTxPower
                0x00003b46       0x1c C:/SiliconLabs/SimplicityStudio/v4/developer/sdks/gecko_sdk_suite/v2.3//platform/radio/rail_lib/autogen/librail_release/librail_efr32xg1_gcc_release.a(rail_tx.o)
                0x00003b46                RAIL_ConfigTxPower
 .text.RAILInt_EnableCal
                0x00003b62       0x18 C:/SiliconLabs/SimplicityStudio/v4/developer/sdks/gecko_sdk_suite/v2.3//platform/radio/rail_lib/autogen/librail_release/librail_efr32xg1_gcc_release.a(rail_calibration.o)
                0x00003b62                RAILInt_EnableCal
 .text.RAILInt_PendCal
                0x00003b7a       0x24 C:/SiliconLabs/SimplicityStudio/v4/developer/sdks/gecko_sdk_suite/v2.3//platform/radio/rail_lib/autogen/librail_release/librail_efr32xg1_gcc_release.a(rail_calibration.o)
                0x00003b7a                RAILInt_PendCal
 .text.RAIL_ConfigCal
                0x00003b9e       0x10 C:/SiliconLabs/SimplicityStudio/v4/developer/sdks/gecko_sdk_suite/v2.3//platform/radio/rail_lib/autogen/librail_release/librail_efr32xg1_gcc_release.a(rail_calibration.o)
                0x00003b9e                RAIL_ConfigCal
 .text.RAIL_ConfigData
                0x00003bae        0x6 C:/SiliconLabs/SimplicityStudio/v4/developer/sdks/gecko_sdk_suite/v2.3//platform/radio/rail_lib/autogen/librail_release/librail_efr32xg1_gcc_release.a(rail_data.o)
                0x00003bae                RAIL_ConfigData
 .text.RAIL_SetTxFifo
                0x00003bb4        0x6 C:/SiliconLabs/SimplicityStudio/v4/developer/sdks/gecko_sdk_suite/v2.3//platform/radio/rail_lib/autogen/librail_release/librail_efr32xg1_gcc_release.a(rail_data.o)
                0x00003bb4                RAIL_SetTxFifo
 .text.RAIL_SetRxFifo
                0x00003bba        0x6 C:/SiliconLabs/SimplicityStudio/v4/developer/sdks/gecko_sdk_suite/v2.3//platform/radio/rail_lib/autogen/librail_release/librail_efr32xg1_gcc_release.a(rail_data.o)
                0x00003bba                RAIL_SetRxFifo
 .text.RAILCb_SetupRxFifo
                0x00003bc0       0x30 C:/SiliconLabs/SimplicityStudio/v4/developer/sdks/gecko_sdk_suite/v2.3//platform/radio/rail_lib/autogen/librail_release/librail_efr32xg1_gcc_release.a(rail_data.o)
                0x00003bc0                RAILCb_SetupRxFifo
 .text.RAILCb_AssertFailed
                0x00003bf0       0x14 C:/SiliconLabs/SimplicityStudio/v4/developer/sdks/gecko_sdk_suite/v2.3//platform/radio/rail_lib/autogen/librail_release/librail_efr32xg1_gcc_release.a(rail_assert.o)
                0x00003bf0                RAILCb_AssertFailed
 .text.RAILInt_Assert
                0x00003c04       0x1c C:/SiliconLabs/SimplicityStudio/v4/developer/sdks/gecko_sdk_suite/v2.3//platform/radio/rail_lib/autogen/librail_release/librail_efr32xg1_gcc_release.a(rail_assert.o)
                0x00003c04                RAILInt_Assert
 .text.RAIL_ConfigPti
                0x00003c20        0x6 C:/SiliconLabs/SimplicityStudio/v4/developer/sdks/gecko_sdk_suite/v2.3//platform/radio/rail_lib/autogen/librail_release/librail_efr32xg1_gcc_release.a(rail_pti.o)
                0x00003c20                RAIL_ConfigPti
 .text.RAILCore_IEEE802154_SetAddresses
                0x00003c26       0x66 C:/SiliconLabs/SimplicityStudio/v4/developer/sdks/gecko_sdk_suite/v2.3//platform/radio/rail_lib/autogen/librail_release/librail_efr32xg1_gcc_release.a(rail_ieee802154.o)
 .text.RAIL_IEEE802154_Init
                0x00003c8c       0x64 C:/SiliconLabs/SimplicityStudio/v4/developer/sdks/gecko_sdk_suite/v2.3//platform/radio/rail_lib/autogen/librail_release/librail_efr32xg1_gcc_release.a(rail_ieee802154.o)
                0x00003c8c                RAIL_IEEE802154_Init
 .text.RAIL_IEEE802154_Config2p4GHzRadio
                0x00003cf0        0x6 C:/SiliconLabs/SimplicityStudio/v4/developer/sdks/gecko_sdk_suite/v2.3//platform/radio/rail_lib/autogen/librail_release/librail_efr32xg1_gcc_release.a(rail_ieee802154.o)
                0x00003cf0                RAIL_IEEE802154_Config2p4GHzRadio
 .text.eventDefault
                0x00003cf6        0x2 C:/SiliconLabs/SimplicityStudio/v4/developer/sdks/gecko_sdk_suite/v2.3//platform/radio/rail_lib/autogen/librail_release/librail_efr32xg1_gcc_release.a(rail_rf_hal.o)
 .text.setRssiPeriod
                0x00003cf8       0x18 C:/SiliconLabs/SimplicityStudio/v4/developer/sdks/gecko_sdk_suite/v2.3//platform/radio/rail_lib/autogen/librail_release/librail_efr32xg1_gcc_release.a(rail_rf_hal.o)
 .text.RFHAL_NotifyUserOfIrCal
                0x00003d10       0x78 C:/SiliconLabs/SimplicityStudio/v4/developer/sdks/gecko_sdk_suite/v2.3//platform/radio/rail_lib/autogen/librail_release/librail_efr32xg1_gcc_release.a(rail_rf_hal.o)
 .text.GENERIC_PHY_EventCallback
                0x00003d88      0x19c C:/SiliconLabs/SimplicityStudio/v4/developer/sdks/gecko_sdk_suite/v2.3//platform/radio/rail_lib/autogen/librail_release/librail_efr32xg1_gcc_release.a(rail_rf_hal.o)
                0x00003d88                GENERIC_PHY_EventCallback
 .text.RFHAL_IntEnable
                0x00003f24       0x58 C:/SiliconLabs/SimplicityStudio/v4/developer/sdks/gecko_sdk_suite/v2.3//platform/radio/rail_lib/autogen/librail_release/librail_efr32xg1_gcc_release.a(rail_rf_hal.o)
                0x00003f24                RFHAL_IntEnable
 .text.RFHAL_SetEventCallback
                0x00003f7c       0x18 C:/SiliconLabs/SimplicityStudio/v4/developer/sdks/gecko_sdk_suite/v2.3//platform/radio/rail_lib/autogen/librail_release/librail_efr32xg1_gcc_release.a(rail_rf_hal.o)
                0x00003f7c                RFHAL_SetEventCallback
 .text.RFHAL_SetPtiRadioConfig
                0x00003f94        0xc C:/SiliconLabs/SimplicityStudio/v4/developer/sdks/gecko_sdk_suite/v2.3//platform/radio/rail_lib/autogen/librail_release/librail_efr32xg1_gcc_release.a(rail_rf_hal.o)
                0x00003f94                RFHAL_SetPtiRadioConfig
 .text.RFHAL_Idle
                0x00003fa0       0x40 C:/SiliconLabs/SimplicityStudio/v4/developer/sdks/gecko_sdk_suite/v2.3//platform/radio/rail_lib/autogen/librail_release/librail_efr32xg1_gcc_release.a(rail_rf_hal.o)
                0x00003fa0                RFHAL_Idle
 .text.RFHAL_GetRadioState
                0x00003fe0       0x48 C:/SiliconLabs/SimplicityStudio/v4/developer/sdks/gecko_sdk_suite/v2.3//platform/radio/rail_lib/autogen/librail_release/librail_efr32xg1_gcc_release.a(rail_rf_hal.o)
                0x00003fe0                RFHAL_GetRadioState
 .text.RFHAL_OkToTransmit
                0x00004028       0x18 C:/SiliconLabs/SimplicityStudio/v4/developer/sdks/gecko_sdk_suite/v2.3//platform/radio/rail_lib/autogen/librail_release/librail_efr32xg1_gcc_release.a(rail_rf_hal.o)
                0x00004028                RFHAL_OkToTransmit
 .text.RFHAL_StartRx
                0x00004040        0xc C:/SiliconLabs/SimplicityStudio/v4/developer/sdks/gecko_sdk_suite/v2.3//platform/radio/rail_lib/autogen/librail_release/librail_efr32xg1_gcc_release.a(rail_rf_hal.o)
                0x00004040                RFHAL_StartRx
 .text.RFHAL_EnableRxRawCapture
                0x0000404c       0x58 C:/SiliconLabs/SimplicityStudio/v4/developer/sdks/gecko_sdk_suite/v2.3//platform/radio/rail_lib/autogen/librail_release/librail_efr32xg1_gcc_release.a(rail_rf_hal.o)
                0x0000404c                RFHAL_EnableRxRawCapture
 .text.RFHAL_DisableRxRawCapture
                0x000040a4       0x50 C:/SiliconLabs/SimplicityStudio/v4/developer/sdks/gecko_sdk_suite/v2.3//platform/radio/rail_lib/autogen/librail_release/librail_efr32xg1_gcc_release.a(rail_rf_hal.o)
                0x000040a4                RFHAL_DisableRxRawCapture
 .text.RFHAL_AcceptCrcErrors
                0x000040f4       0x18 C:/SiliconLabs/SimplicityStudio/v4/developer/sdks/gecko_sdk_suite/v2.3//platform/radio/rail_lib/autogen/librail_release/librail_efr32xg1_gcc_release.a(rail_rf_hal.o)
                0x000040f4                RFHAL_AcceptCrcErrors
 .text.RFHAL_ConfigRxOptions
                0x0000410c       0xe0 C:/SiliconLabs/SimplicityStudio/v4/developer/sdks/gecko_sdk_suite/v2.3//platform/radio/rail_lib/autogen/librail_release/librail_efr32xg1_gcc_release.a(rail_rf_hal.o)
                0x0000410c                RFHAL_ConfigRxOptions
 .text.RFHAL_GetTimer
                0x000041ec        0x6 C:/SiliconLabs/SimplicityStudio/v4/developer/sdks/gecko_sdk_suite/v2.3//platform/radio/rail_lib/autogen/librail_release/librail_efr32xg1_gcc_release.a(rail_rf_hal.o)
                0x000041ec                RFHAL_GetTimer
 *fill*         0x000041f2        0x2 
 .text.RFHAL_CancelTimer
                0x000041f4       0x28 C:/SiliconLabs/SimplicityStudio/v4/developer/sdks/gecko_sdk_suite/v2.3//platform/radio/rail_lib/autogen/librail_release/librail_efr32xg1_gcc_release.a(rail_rf_hal.o)
                0x000041f4                RFHAL_CancelTimer
 .text.RFHAL_SetTimer
                0x0000421c       0x7c C:/SiliconLabs/SimplicityStudio/v4/developer/sdks/gecko_sdk_suite/v2.3//platform/radio/rail_lib/autogen/librail_release/librail_efr32xg1_gcc_release.a(rail_rf_hal.o)
                0x0000421c                RFHAL_SetTimer
 .text.RFHAL_IsTimerExpired
                0x00004298       0x1c C:/SiliconLabs/SimplicityStudio/v4/developer/sdks/gecko_sdk_suite/v2.3//platform/radio/rail_lib/autogen/librail_release/librail_efr32xg1_gcc_release.a(rail_rf_hal.o)
                0x00004298                RFHAL_IsTimerExpired
 .text.RFHAL_IsTimerRunning
                0x000042b4        0x6 C:/SiliconLabs/SimplicityStudio/v4/developer/sdks/gecko_sdk_suite/v2.3//platform/radio/rail_lib/autogen/librail_release/librail_efr32xg1_gcc_release.a(rail_rf_hal.o)
                0x000042b4                RFHAL_IsTimerRunning
 .text.RFHAL_GetBitRate
                0x000042ba       0x22 C:/SiliconLabs/SimplicityStudio/v4/developer/sdks/gecko_sdk_suite/v2.3//platform/radio/rail_lib/autogen/librail_release/librail_efr32xg1_gcc_release.a(rail_rf_hal.o)
                0x000042ba                RFHAL_GetBitRate
 .text.RFHAL_SetTxTransitions
                0x000042dc       0x20 C:/SiliconLabs/SimplicityStudio/v4/developer/sdks/gecko_sdk_suite/v2.3//platform/radio/rail_lib/autogen/librail_release/librail_efr32xg1_gcc_release.a(rail_rf_hal.o)
                0x000042dc                RFHAL_SetTxTransitions
 .text.RFHAL_SetRxTransitions
                0x000042fc       0x1c C:/SiliconLabs/SimplicityStudio/v4/developer/sdks/gecko_sdk_suite/v2.3//platform/radio/rail_lib/autogen/librail_release/librail_efr32xg1_gcc_release.a(rail_rf_hal.o)
                0x000042fc                RFHAL_SetRxTransitions
 .text.RFHAL_ConfigTxPower
                0x00004318        0xc C:/SiliconLabs/SimplicityStudio/v4/developer/sdks/gecko_sdk_suite/v2.3//platform/radio/rail_lib/autogen/librail_release/librail_efr32xg1_gcc_release.a(rail_rf_hal.o)
                0x00004318                RFHAL_ConfigTxPower
 .text.RFHAL_SetTxPowerUnchecked
                0x00004324       0x18 C:/SiliconLabs/SimplicityStudio/v4/developer/sdks/gecko_sdk_suite/v2.3//platform/radio/rail_lib/autogen/librail_release/librail_efr32xg1_gcc_release.a(rail_rf_hal.o)
                0x00004324                RFHAL_SetTxPowerUnchecked
 .text.RFHAL_SetTxPower
                0x0000433c       0x40 C:/SiliconLabs/SimplicityStudio/v4/developer/sdks/gecko_sdk_suite/v2.3//platform/radio/rail_lib/autogen/librail_release/librail_efr32xg1_gcc_release.a(rail_rf_hal.o)
                0x0000433c                RFHAL_SetTxPower
 .text.RFHAL_GetTxPowerConfig
                0x0000437c        0xc C:/SiliconLabs/SimplicityStudio/v4/developer/sdks/gecko_sdk_suite/v2.3//platform/radio/rail_lib/autogen/librail_release/librail_efr32xg1_gcc_release.a(rail_rf_hal.o)
                0x0000437c                RFHAL_GetTxPowerConfig
 .text.RFHAL_GetTxPower
                0x00004388        0x4 C:/SiliconLabs/SimplicityStudio/v4/developer/sdks/gecko_sdk_suite/v2.3//platform/radio/rail_lib/autogen/librail_release/librail_efr32xg1_gcc_release.a(rail_rf_hal.o)
                0x00004388                RFHAL_GetTxPower
 .text.RFHAL_SetChannel
                0x0000438c       0xc4 C:/SiliconLabs/SimplicityStudio/v4/developer/sdks/gecko_sdk_suite/v2.3//platform/radio/rail_lib/autogen/librail_release/librail_efr32xg1_gcc_release.a(rail_rf_hal.o)
                0x0000438c                RFHAL_SetChannel
 .text.RFHAL_EnableAutoAck
                0x00004450       0x12 C:/SiliconLabs/SimplicityStudio/v4/developer/sdks/gecko_sdk_suite/v2.3//platform/radio/rail_lib/autogen/librail_release/librail_efr32xg1_gcc_release.a(rail_rf_hal.o)
                0x00004450                RFHAL_EnableAutoAck
 .text.RFHAL_IsAutoAckEnabled
                0x00004462        0x6 C:/SiliconLabs/SimplicityStudio/v4/developer/sdks/gecko_sdk_suite/v2.3//platform/radio/rail_lib/autogen/librail_release/librail_efr32xg1_gcc_release.a(rail_rf_hal.o)
                0x00004462                RFHAL_IsAutoAckEnabled
 .text.RFHAL_SetAutoAckTimeout
                0x00004468       0x18 C:/SiliconLabs/SimplicityStudio/v4/developer/sdks/gecko_sdk_suite/v2.3//platform/radio/rail_lib/autogen/librail_release/librail_efr32xg1_gcc_release.a(rail_rf_hal.o)
                0x00004468                RFHAL_SetAutoAckTimeout
 .text.RFHAL_WriteAutoAckFifo
                0x00004480       0x58 C:/SiliconLabs/SimplicityStudio/v4/developer/sdks/gecko_sdk_suite/v2.3//platform/radio/rail_lib/autogen/librail_release/librail_efr32xg1_gcc_release.a(rail_rf_hal.o)
                0x00004480                RFHAL_WriteAutoAckFifo
 .text.RFHAL_PauseRxAutoAck
                0x000044d8        0x8 C:/SiliconLabs/SimplicityStudio/v4/developer/sdks/gecko_sdk_suite/v2.3//platform/radio/rail_lib/autogen/librail_release/librail_efr32xg1_gcc_release.a(rail_rf_hal.o)
                0x000044d8                RFHAL_PauseRxAutoAck
 .text.RFHAL_PauseTxAutoAck
                0x000044e0        0xa C:/SiliconLabs/SimplicityStudio/v4/developer/sdks/gecko_sdk_suite/v2.3//platform/radio/rail_lib/autogen/librail_release/librail_efr32xg1_gcc_release.a(rail_rf_hal.o)
                0x000044e0                RFHAL_PauseTxAutoAck
 *fill*         0x000044ea        0x2 
 .text.RFHAL_AutoAckWaitForAck
                0x000044ec       0x18 C:/SiliconLabs/SimplicityStudio/v4/developer/sdks/gecko_sdk_suite/v2.3//platform/radio/rail_lib/autogen/librail_release/librail_efr32xg1_gcc_release.a(rail_rf_hal.o)
                0x000044ec                RFHAL_AutoAckWaitForAck
 .text.preTxOps
                0x00004504       0xd0 C:/SiliconLabs/SimplicityStudio/v4/developer/sdks/gecko_sdk_suite/v2.3//platform/radio/rail_lib/autogen/librail_release/librail_efr32xg1_gcc_release.a(rail_rf_hal.o)
 .text.RFHAL_StartCcaCsmaTx
                0x000045d4      0x194 C:/SiliconLabs/SimplicityStudio/v4/developer/sdks/gecko_sdk_suite/v2.3//platform/radio/rail_lib/autogen/librail_release/librail_efr32xg1_gcc_release.a(rail_rf_hal.o)
                0x000045d4                RFHAL_StartCcaCsmaTx
 .text.RFHAL_SetTxBuffer
                0x00004768       0x34 C:/SiliconLabs/SimplicityStudio/v4/developer/sdks/gecko_sdk_suite/v2.3//platform/radio/rail_lib/autogen/librail_release/librail_efr32xg1_gcc_release.a(rail_rf_hal.o)
                0x00004768                RFHAL_SetTxBuffer
 .text.RFHAL_SetRxBuffer
                0x0000479c       0x2c C:/SiliconLabs/SimplicityStudio/v4/developer/sdks/gecko_sdk_suite/v2.3//platform/radio/rail_lib/autogen/librail_release/librail_efr32xg1_gcc_release.a(rail_rf_hal.o)
                0x0000479c                RFHAL_SetRxBuffer
 .text.RFHAL_ResetTxFifo
                0x000047c8       0x2c C:/SiliconLabs/SimplicityStudio/v4/developer/sdks/gecko_sdk_suite/v2.3//platform/radio/rail_lib/autogen/librail_release/librail_efr32xg1_gcc_release.a(rail_rf_hal.o)
                0x000047c8                RFHAL_ResetTxFifo
 .text.RFHAL_ResetRxFifo
                0x000047f4       0x40 C:/SiliconLabs/SimplicityStudio/v4/developer/sdks/gecko_sdk_suite/v2.3//platform/radio/rail_lib/autogen/librail_release/librail_efr32xg1_gcc_release.a(rail_rf_hal.o)
                0x000047f4                RFHAL_ResetRxFifo
 .text.RFHAL_ConfigData
                0x00004834       0x7c C:/SiliconLabs/SimplicityStudio/v4/developer/sdks/gecko_sdk_suite/v2.3//platform/radio/rail_lib/autogen/librail_release/librail_efr32xg1_gcc_release.a(rail_rf_hal.o)
                0x00004834                RFHAL_ConfigData
 .text.RFHAL_ConfigRadio
                0x000048b0       0xbc C:/SiliconLabs/SimplicityStudio/v4/developer/sdks/gecko_sdk_suite/v2.3//platform/radio/rail_lib/autogen/librail_release/librail_efr32xg1_gcc_release.a(rail_rf_hal.o)
                0x000048b0                RFHAL_ConfigRadio
 .text.RFHAL_ResetAddressFilter
                0x0000496c       0x10 C:/SiliconLabs/SimplicityStudio/v4/developer/sdks/gecko_sdk_suite/v2.3//platform/radio/rail_lib/autogen/librail_release/librail_efr32xg1_gcc_release.a(rail_rf_hal.o)
                0x0000496c                RFHAL_ResetAddressFilter
 .text.RFHAL_Init
                0x0000497c       0x98 C:/SiliconLabs/SimplicityStudio/v4/developer/sdks/gecko_sdk_suite/v2.3//platform/radio/rail_lib/autogen/librail_release/librail_efr32xg1_gcc_release.a(rail_rf_hal.o)
                0x0000497c                RFHAL_Init
 .text.RFHAL_ConfigAddressFilter
                0x00004a14       0x3c C:/SiliconLabs/SimplicityStudio/v4/developer/sdks/gecko_sdk_suite/v2.3//platform/radio/rail_lib/autogen/librail_release/librail_efr32xg1_gcc_release.a(rail_rf_hal.o)
                0x00004a14                RFHAL_ConfigAddressFilter
 .text.RFHAL_EnableAddressFilterAddress
                0x00004a50       0x34 C:/SiliconLabs/SimplicityStudio/v4/developer/sdks/gecko_sdk_suite/v2.3//platform/radio/rail_lib/autogen/librail_release/librail_efr32xg1_gcc_release.a(rail_rf_hal.o)
                0x00004a50                RFHAL_EnableAddressFilterAddress
 .text.RFHAL_SetStateTiming
                0x00004a84       0x56 C:/SiliconLabs/SimplicityStudio/v4/developer/sdks/gecko_sdk_suite/v2.3//platform/radio/rail_lib/autogen/librail_release/librail_efr32xg1_gcc_release.a(rail_rf_hal.o)
                0x00004a84                RFHAL_SetStateTiming
 .text.RFHAL_ConfigPti
                0x00004ada        0x4 C:/SiliconLabs/SimplicityStudio/v4/developer/sdks/gecko_sdk_suite/v2.3//platform/radio/rail_lib/autogen/librail_release/librail_efr32xg1_gcc_release.a(rail_rf_hal.o)
                0x00004ada                RFHAL_ConfigPti
 .text.RFHAL_IEEE802154IsEnabled
                0x00004ade        0x6 C:/SiliconLabs/SimplicityStudio/v4/developer/sdks/gecko_sdk_suite/v2.3//platform/radio/rail_lib/autogen/librail_release/librail_efr32xg1_gcc_release.a(rail_ieee802154_rf_hal.o)
                0x00004ade                RFHAL_IEEE802154IsEnabled
 .text.RFHAL_IEEE802154RadioConfig2p4GHz
                0x00004ae4       0x28 C:/SiliconLabs/SimplicityStudio/v4/developer/sdks/gecko_sdk_suite/v2.3//platform/radio/rail_lib/autogen/librail_release/librail_efr32xg1_gcc_release.a(rail_ieee802154_rf_hal.o)
                0x00004ae4                RFHAL_IEEE802154RadioConfig2p4GHz
 .text.RFHAL_IEEE802154SetPanId
                0x00004b0c       0x28 C:/SiliconLabs/SimplicityStudio/v4/developer/sdks/gecko_sdk_suite/v2.3//platform/radio/rail_lib/autogen/librail_release/librail_efr32xg1_gcc_release.a(rail_ieee802154_rf_hal.o)
                0x00004b0c                RFHAL_IEEE802154SetPanId
 .text.RFHAL_IEEE802154SetShortAddress
                0x00004b34       0x2a C:/SiliconLabs/SimplicityStudio/v4/developer/sdks/gecko_sdk_suite/v2.3//platform/radio/rail_lib/autogen/librail_release/librail_efr32xg1_gcc_release.a(rail_ieee802154_rf_hal.o)
                0x00004b34                RFHAL_IEEE802154SetShortAddress
 .text.RFHAL_IEEE802154SetLongAddress
                0x00004b5e       0x1e C:/SiliconLabs/SimplicityStudio/v4/developer/sdks/gecko_sdk_suite/v2.3//platform/radio/rail_lib/autogen/librail_release/librail_efr32xg1_gcc_release.a(rail_ieee802154_rf_hal.o)
                0x00004b5e                RFHAL_IEEE802154SetLongAddress
 .text.RFHAL_IEEE802154SetBroadcastAddresses
                0x00004b7c       0x30 C:/SiliconLabs/SimplicityStudio/v4/developer/sdks/gecko_sdk_suite/v2.3//platform/radio/rail_lib/autogen/librail_release/librail_efr32xg1_gcc_release.a(rail_ieee802154_rf_hal.o)
                0x00004b7c                RFHAL_IEEE802154SetBroadcastAddresses
 .text.RFHAL_IEEE802154SetFeatures
                0x00004bac       0x24 C:/SiliconLabs/SimplicityStudio/v4/developer/sdks/gecko_sdk_suite/v2.3//platform/radio/rail_lib/autogen/librail_release/librail_efr32xg1_gcc_release.a(rail_ieee802154_rf_hal.o)
                0x00004bac                RFHAL_IEEE802154SetFeatures
 .text.RFHAL_IEEE802154LoadAck
                0x00004bd0       0x2e C:/SiliconLabs/SimplicityStudio/v4/developer/sdks/gecko_sdk_suite/v2.3//platform/radio/rail_lib/autogen/librail_release/librail_efr32xg1_gcc_release.a(rail_ieee802154_rf_hal.o)
                0x00004bd0                RFHAL_IEEE802154LoadAck
 .text.RAILCore_ConfigAutoAck
                0x00004bfe       0x86 C:/SiliconLabs/SimplicityStudio/v4/developer/sdks/gecko_sdk_suite/v2.3//platform/radio/rail_lib/autogen/librail_release/librail_efr32xg1_gcc_release.a(rail_autoack.o)
                0x00004bfe                RAILCore_ConfigAutoAck
 .text.checkAndAddRxLenOverflowEntry.part.0
                0x00004c84       0x2c C:/SiliconLabs/SimplicityStudio/v4/developer/sdks/gecko_sdk_suite/v2.3//platform/radio/rail_lib/autogen/librail_release/librail_efr32xg1_gcc_release.a(bufc.o)
 .text.BUFC_SetTxBuffer
                0x00004cb0       0x38 C:/SiliconLabs/SimplicityStudio/v4/developer/sdks/gecko_sdk_suite/v2.3//platform/radio/rail_lib/autogen/librail_release/librail_efr32xg1_gcc_release.a(bufc.o)
                0x00004cb0                BUFC_SetTxBuffer
 .text.BUFC_SetRxBuffer
                0x00004ce8       0x1c C:/SiliconLabs/SimplicityStudio/v4/developer/sdks/gecko_sdk_suite/v2.3//platform/radio/rail_lib/autogen/librail_release/librail_efr32xg1_gcc_release.a(bufc.o)
                0x00004ce8                BUFC_SetRxBuffer
 .text.BUFC_WriteBuffer
                0x00004d04       0xb0 C:/SiliconLabs/SimplicityStudio/v4/developer/sdks/gecko_sdk_suite/v2.3//platform/radio/rail_lib/autogen/librail_release/librail_efr32xg1_gcc_release.a(bufc.o)
                0x00004d04                BUFC_WriteBuffer
 .text.BUFC_PeekByte
                0x00004db4       0x46 C:/SiliconLabs/SimplicityStudio/v4/developer/sdks/gecko_sdk_suite/v2.3//platform/radio/rail_lib/autogen/librail_release/librail_efr32xg1_gcc_release.a(bufc.o)
                0x00004db4                BUFC_PeekByte
 .text.BUFC_GetBytesAvailable
                0x00004dfa       0x14 C:/SiliconLabs/SimplicityStudio/v4/developer/sdks/gecko_sdk_suite/v2.3//platform/radio/rail_lib/autogen/librail_release/librail_efr32xg1_gcc_release.a(bufc.o)
                0x00004dfa                BUFC_GetBytesAvailable
 *fill*         0x00004e0e        0x2 
 .text.BUFC_TxAckBufferSet
                0x00004e10       0x2c C:/SiliconLabs/SimplicityStudio/v4/developer/sdks/gecko_sdk_suite/v2.3//platform/radio/rail_lib/autogen/librail_release/librail_efr32xg1_gcc_release.a(bufc.o)
                0x00004e10                BUFC_TxAckBufferSet
 .text.BUFC_RxBufferReset
                0x00004e3c       0x5c C:/SiliconLabs/SimplicityStudio/v4/developer/sdks/gecko_sdk_suite/v2.3//platform/radio/rail_lib/autogen/librail_release/librail_efr32xg1_gcc_release.a(bufc.o)
                0x00004e3c                BUFC_RxBufferReset
 .text.BUFC_Init
                0x00004e98       0x50 C:/SiliconLabs/SimplicityStudio/v4/developer/sdks/gecko_sdk_suite/v2.3//platform/radio/rail_lib/autogen/librail_release/librail_efr32xg1_gcc_release.a(bufc.o)
                0x00004e98                BUFC_Init
 .text.BUFC_ReleaseRxPacket
                0x00004ee8      0x118 C:/SiliconLabs/SimplicityStudio/v4/developer/sdks/gecko_sdk_suite/v2.3//platform/radio/rail_lib/autogen/librail_release/librail_efr32xg1_gcc_release.a(bufc.o)
                0x00004ee8                BUFC_ReleaseRxPacket
 .text.BUFC_StartRxLenThrEvent
                0x00005000       0x98 C:/SiliconLabs/SimplicityStudio/v4/developer/sdks/gecko_sdk_suite/v2.3//platform/radio/rail_lib/autogen/librail_release/librail_efr32xg1_gcc_release.a(bufc.o)
                0x00005000                BUFC_StartRxLenThrEvent
 .text.BUFC_EndRxLenThrEvent
                0x00005098       0x1c C:/SiliconLabs/SimplicityStudio/v4/developer/sdks/gecko_sdk_suite/v2.3//platform/radio/rail_lib/autogen/librail_release/librail_efr32xg1_gcc_release.a(bufc.o)
                0x00005098                BUFC_EndRxLenThrEvent
 .text.BUFC_HandleRxLenOvfEvent
                0x000050b4       0x30 C:/SiliconLabs/SimplicityStudio/v4/developer/sdks/gecko_sdk_suite/v2.3//platform/radio/rail_lib/autogen/librail_release/librail_efr32xg1_gcc_release.a(bufc.o)
                0x000050b4                BUFC_HandleRxLenOvfEvent
 .text.IRCAL_Set
                0x000050e4       0x1c C:/SiliconLabs/SimplicityStudio/v4/developer/sdks/gecko_sdk_suite/v2.3//platform/radio/rail_lib/autogen/librail_release/librail_efr32xg1_gcc_release.a(ir_cal.o)
                0x000050e4                IRCAL_Set
 .text.getRampTimeFromLevelAndRate
                0x00005100       0x20 C:/SiliconLabs/SimplicityStudio/v4/developer/sdks/gecko_sdk_suite/v2.3//platform/radio/rail_lib/autogen/librail_release/librail_efr32xg1_gcc_release.a(pa.o)
 .text.PA_ProtectPa
                0x00005120       0xa0 C:/SiliconLabs/SimplicityStudio/v4/developer/sdks/gecko_sdk_suite/v2.3//platform/radio/rail_lib/autogen/librail_release/librail_efr32xg1_gcc_release.a(pa.o)
 .text.PA_GetTxPowerConfig
                0x000051c0       0x14 C:/SiliconLabs/SimplicityStudio/v4/developer/sdks/gecko_sdk_suite/v2.3//platform/radio/rail_lib/autogen/librail_release/librail_efr32xg1_gcc_release.a(pa.o)
                0x000051c0                PA_GetTxPowerConfig
 .text.PA_GetPowerLevel
                0x000051d4        0xc C:/SiliconLabs/SimplicityStudio/v4/developer/sdks/gecko_sdk_suite/v2.3//platform/radio/rail_lib/autogen/librail_release/librail_efr32xg1_gcc_release.a(pa.o)
                0x000051d4                PA_GetPowerLevel
 .text.PA_SetPowerLevel
                0x000051e0      0x15c C:/SiliconLabs/SimplicityStudio/v4/developer/sdks/gecko_sdk_suite/v2.3//platform/radio/rail_lib/autogen/librail_release/librail_efr32xg1_gcc_release.a(pa.o)
                0x000051e0                PA_SetPowerLevel
 .text.PA_RunPeakDetectorHigh
                0x0000533c       0x40 C:/SiliconLabs/SimplicityStudio/v4/developer/sdks/gecko_sdk_suite/v2.3//platform/radio/rail_lib/autogen/librail_release/librail_efr32xg1_gcc_release.a(pa.o)
                0x0000533c                PA_RunPeakDetectorHigh
 .text.PA_RunPeakDetectorLow
                0x0000537c        0x2 C:/SiliconLabs/SimplicityStudio/v4/developer/sdks/gecko_sdk_suite/v2.3//platform/radio/rail_lib/autogen/librail_release/librail_efr32xg1_gcc_release.a(pa.o)
                0x0000537c                PA_RunPeakDetectorLow
 *fill*         0x0000537e        0x2 
 .text.PA_RunBatHigh
                0x00005380       0x2c C:/SiliconLabs/SimplicityStudio/v4/developer/sdks/gecko_sdk_suite/v2.3//platform/radio/rail_lib/autogen/librail_release/librail_efr32xg1_gcc_release.a(pa.o)
                0x00005380                PA_RunBatHigh
 .text.PA_GetRampTime
                0x000053ac        0xc C:/SiliconLabs/SimplicityStudio/v4/developer/sdks/gecko_sdk_suite/v2.3//platform/radio/rail_lib/autogen/librail_release/librail_efr32xg1_gcc_release.a(pa.o)
                0x000053ac                PA_GetRampTime
 .text.PA_CalcRampTime
                0x000053b8       0x38 C:/SiliconLabs/SimplicityStudio/v4/developer/sdks/gecko_sdk_suite/v2.3//platform/radio/rail_lib/autogen/librail_release/librail_efr32xg1_gcc_release.a(pa.o)
                0x000053b8                PA_CalcRampTime
 .text.PA_SetRampTime
                0x000053f0      0x100 C:/SiliconLabs/SimplicityStudio/v4/developer/sdks/gecko_sdk_suite/v2.3//platform/radio/rail_lib/autogen/librail_release/librail_efr32xg1_gcc_release.a(pa.o)
                0x000053f0                PA_SetRampTime
 .text.PA_SetCTune
                0x000054f0       0x24 C:/SiliconLabs/SimplicityStudio/v4/developer/sdks/gecko_sdk_suite/v2.3//platform/radio/rail_lib/autogen/librail_release/librail_efr32xg1_gcc_release.a(pa.o)
                0x000054f0                PA_SetCTune
 .text.PA_SelectBand
                0x00005514       0x38 C:/SiliconLabs/SimplicityStudio/v4/developer/sdks/gecko_sdk_suite/v2.3//platform/radio/rail_lib/autogen/librail_release/librail_efr32xg1_gcc_release.a(pa.o)
                0x00005514                PA_SelectBand
 .text.PA_Config
                0x0000554c      0x140 C:/SiliconLabs/SimplicityStudio/v4/developer/sdks/gecko_sdk_suite/v2.3//platform/radio/rail_lib/autogen/librail_release/librail_efr32xg1_gcc_release.a(pa.o)
                0x0000554c                PA_Config
 .text.PA_UpdateConfig
                0x0000568c       0x38 C:/SiliconLabs/SimplicityStudio/v4/developer/sdks/gecko_sdk_suite/v2.3//platform/radio/rail_lib/autogen/librail_release/librail_efr32xg1_gcc_release.a(pa.o)
                0x0000568c                PA_UpdateConfig
 .text.PROTIMER_Init
                0x000056c4       0xd4 C:/SiliconLabs/SimplicityStudio/v4/developer/sdks/gecko_sdk_suite/v2.3//platform/radio/rail_lib/autogen/librail_release/librail_efr32xg1_gcc_release.a(protimer.o)
                0x000056c4                PROTIMER_Init
 .text.PROTIMER_Start
                0x00005798       0x1c C:/SiliconLabs/SimplicityStudio/v4/developer/sdks/gecko_sdk_suite/v2.3//platform/radio/rail_lib/autogen/librail_release/librail_efr32xg1_gcc_release.a(protimer.o)
                0x00005798                PROTIMER_Start
 .text.PROTIMER_CCTimerStop
                0x000057b4       0x20 C:/SiliconLabs/SimplicityStudio/v4/developer/sdks/gecko_sdk_suite/v2.3//platform/radio/rail_lib/autogen/librail_release/librail_efr32xg1_gcc_release.a(protimer.o)
                0x000057b4                PROTIMER_CCTimerStop
 .text.PROTIMER_CCTimerIsEnabled
                0x000057d4       0x10 C:/SiliconLabs/SimplicityStudio/v4/developer/sdks/gecko_sdk_suite/v2.3//platform/radio/rail_lib/autogen/librail_release/librail_efr32xg1_gcc_release.a(protimer.o)
                0x000057d4                PROTIMER_CCTimerIsEnabled
 .text.PROTIMER_CCTimerCapture
                0x000057e4       0x14 C:/SiliconLabs/SimplicityStudio/v4/developer/sdks/gecko_sdk_suite/v2.3//platform/radio/rail_lib/autogen/librail_release/librail_efr32xg1_gcc_release.a(protimer.o)
                0x000057e4                PROTIMER_CCTimerCapture
 .text.PROTIMER_ClearRxEnable
                0x000057f8       0x10 C:/SiliconLabs/SimplicityStudio/v4/developer/sdks/gecko_sdk_suite/v2.3//platform/radio/rail_lib/autogen/librail_release/librail_efr32xg1_gcc_release.a(protimer.o)
                0x000057f8                PROTIMER_ClearRxEnable
 .text.PROTIMER_LBTUseLastConfig
                0x00005808       0x24 C:/SiliconLabs/SimplicityStudio/v4/developer/sdks/gecko_sdk_suite/v2.3//platform/radio/rail_lib/autogen/librail_release/librail_efr32xg1_gcc_release.a(protimer.o)
                0x00005808                PROTIMER_LBTUseLastConfig
 .text.PROTIMER_LBTStart
                0x0000582c       0x18 C:/SiliconLabs/SimplicityStudio/v4/developer/sdks/gecko_sdk_suite/v2.3//platform/radio/rail_lib/autogen/librail_release/librail_efr32xg1_gcc_release.a(protimer.o)
                0x0000582c                PROTIMER_LBTStart
 .text.PROTIMER_LBTStop
                0x00005844       0x18 C:/SiliconLabs/SimplicityStudio/v4/developer/sdks/gecko_sdk_suite/v2.3//platform/radio/rail_lib/autogen/librail_release/librail_efr32xg1_gcc_release.a(protimer.o)
                0x00005844                PROTIMER_LBTStop
 .text.PROTIMER_PrecntOverflowToUs
                0x0000585c       0x24 C:/SiliconLabs/SimplicityStudio/v4/developer/sdks/gecko_sdk_suite/v2.3//platform/radio/rail_lib/autogen/librail_release/librail_efr32xg1_gcc_release.a(protimer.o)
                0x0000585c                PROTIMER_PrecntOverflowToUs
 .text.PROTIMER_GetUsTime
                0x00005880        0xc C:/SiliconLabs/SimplicityStudio/v4/developer/sdks/gecko_sdk_suite/v2.3//platform/radio/rail_lib/autogen/librail_release/librail_efr32xg1_gcc_release.a(protimer.o)
                0x00005880                PROTIMER_GetUsTime
 .text.PROTIMER_GetCCTimeUs
                0x0000588c       0x12 C:/SiliconLabs/SimplicityStudio/v4/developer/sdks/gecko_sdk_suite/v2.3//platform/radio/rail_lib/autogen/librail_release/librail_efr32xg1_gcc_release.a(protimer.o)
                0x0000588c                PROTIMER_GetCCTimeUs
 *fill*         0x0000589e        0x2 
 .text.PROTIMER_UsToPrecntOverflow
                0x000058a0       0x30 C:/SiliconLabs/SimplicityStudio/v4/developer/sdks/gecko_sdk_suite/v2.3//platform/radio/rail_lib/autogen/librail_release/librail_efr32xg1_gcc_release.a(protimer.o)
                0x000058a0                PROTIMER_UsToPrecntOverflow
 .text.PROTIMER_CCTimerStart
                0x000058d0      0x128 C:/SiliconLabs/SimplicityStudio/v4/developer/sdks/gecko_sdk_suite/v2.3//platform/radio/rail_lib/autogen/librail_release/librail_efr32xg1_gcc_release.a(protimer.o)
                0x000058d0                PROTIMER_CCTimerStart
 .text.PROTIMER_LBTCfgSet
                0x000059f8       0x60 C:/SiliconLabs/SimplicityStudio/v4/developer/sdks/gecko_sdk_suite/v2.3//platform/radio/rail_lib/autogen/librail_release/librail_efr32xg1_gcc_release.a(protimer.o)
                0x000059f8                PROTIMER_LBTCfgSet
 .text.PROTIMER_DelayUs
                0x00005a58       0x16 C:/SiliconLabs/SimplicityStudio/v4/developer/sdks/gecko_sdk_suite/v2.3//platform/radio/rail_lib/autogen/librail_release/librail_efr32xg1_gcc_release.a(protimer.o)
                0x00005a58                PROTIMER_DelayUs
 *fill*         0x00005a6e        0x2 
 .text.PROTIMER_CheckCcaReallyFailed
                0x00005a70       0xbc C:/SiliconLabs/SimplicityStudio/v4/developer/sdks/gecko_sdk_suite/v2.3//platform/radio/rail_lib/autogen/librail_release/librail_efr32xg1_gcc_release.a(protimer.o)
                0x00005a70                PROTIMER_CheckCcaReallyFailed
 .text.PTI_Config
                0x00005b2c       0xc0 C:/SiliconLabs/SimplicityStudio/v4/developer/sdks/gecko_sdk_suite/v2.3//platform/radio/rail_lib/autogen/librail_release/librail_efr32xg1_gcc_release.a(pti.o)
                0x00005b2c                PTI_Config
 .text.PTI_EnableAppendedInfo
                0x00005bec       0x18 C:/SiliconLabs/SimplicityStudio/v4/developer/sdks/gecko_sdk_suite/v2.3//platform/radio/rail_lib/autogen/librail_release/librail_efr32xg1_gcc_release.a(pti.o)
                0x00005bec                PTI_EnableAppendedInfo
 .text.PTI_Enable
                0x00005c04       0x50 C:/SiliconLabs/SimplicityStudio/v4/developer/sdks/gecko_sdk_suite/v2.3//platform/radio/rail_lib/autogen/librail_release/librail_efr32xg1_gcc_release.a(pti.o)
                0x00005c04                PTI_Enable
 .text.PTI_AuxdataOutput
                0x00005c54       0x1c C:/SiliconLabs/SimplicityStudio/v4/developer/sdks/gecko_sdk_suite/v2.3//platform/radio/rail_lib/autogen/librail_release/librail_efr32xg1_gcc_release.a(pti.o)
                0x00005c54                PTI_AuxdataOutput
 .text.RADIO_SetAndForgetWrite
                0x00005c70       0x8c C:/SiliconLabs/SimplicityStudio/v4/developer/sdks/gecko_sdk_suite/v2.3//platform/radio/rail_lib/autogen/librail_release/librail_efr32xg1_gcc_release.a(radio.o)
                0x00005c70                RADIO_SetAndForgetWrite
 .text.RADIO_Init
                0x00005cfc       0x54 C:/SiliconLabs/SimplicityStudio/v4/developer/sdks/gecko_sdk_suite/v2.3//platform/radio/rail_lib/autogen/librail_release/librail_efr32xg1_gcc_release.a(radio.o)
                0x00005cfc                RADIO_Init
 .text.RADIO_SeqInit
                0x00005d50       0x64 C:/SiliconLabs/SimplicityStudio/v4/developer/sdks/gecko_sdk_suite/v2.3//platform/radio/rail_lib/autogen/librail_release/librail_efr32xg1_gcc_release.a(radio.o)
                0x00005d50                RADIO_SeqInit
 .text.RADIO_ClockEnable
                0x00005db4       0x10 C:/SiliconLabs/SimplicityStudio/v4/developer/sdks/gecko_sdk_suite/v2.3//platform/radio/rail_lib/autogen/librail_release/librail_efr32xg1_gcc_release.a(radio.o)
                0x00005db4                RADIO_ClockEnable
 .text.RADIO_ClockPrescGet
                0x00005dc4       0x10 C:/SiliconLabs/SimplicityStudio/v4/developer/sdks/gecko_sdk_suite/v2.3//platform/radio/rail_lib/autogen/librail_release/librail_efr32xg1_gcc_release.a(radio.o)
                0x00005dc4                RADIO_ClockPrescGet
 .text.RADIO_ClockFreqGet
                0x00005dd4       0x14 C:/SiliconLabs/SimplicityStudio/v4/developer/sdks/gecko_sdk_suite/v2.3//platform/radio/rail_lib/autogen/librail_release/librail_efr32xg1_gcc_release.a(radio.o)
                0x00005dd4                RADIO_ClockFreqGet
 .text.RADIO_Config
                0x00005de8       0x9c C:/SiliconLabs/SimplicityStudio/v4/developer/sdks/gecko_sdk_suite/v2.3//platform/radio/rail_lib/autogen/librail_release/librail_efr32xg1_gcc_release.a(radio.o)
                0x00005de8                RADIO_Config
 .text.RADIO_IsRxOnForRssi
                0x00005e84       0x18 C:/SiliconLabs/SimplicityStudio/v4/developer/sdks/gecko_sdk_suite/v2.3//platform/radio/rail_lib/autogen/librail_release/librail_efr32xg1_gcc_release.a(radio.o)
                0x00005e84                RADIO_IsRxOnForRssi
 .text.RADIO_ComputeRxBaudrate
                0x00005e9c       0x4c C:/SiliconLabs/SimplicityStudio/v4/developer/sdks/gecko_sdk_suite/v2.3//platform/radio/rail_lib/autogen/librail_release/librail_efr32xg1_gcc_release.a(radio.o)
                0x00005e9c                RADIO_ComputeRxBaudrate
 .text.RADIO_GetRssi
                0x00005ee8       0x64 C:/SiliconLabs/SimplicityStudio/v4/developer/sdks/gecko_sdk_suite/v2.3//platform/radio/rail_lib/autogen/librail_release/librail_efr32xg1_gcc_release.a(radio.o)
                0x00005ee8                RADIO_GetRssi
 .text.RADIO_SetAgcCcaParams
                0x00005f4c       0x64 C:/SiliconLabs/SimplicityStudio/v4/developer/sdks/gecko_sdk_suite/v2.3//platform/radio/rail_lib/autogen/librail_release/librail_efr32xg1_gcc_release.a(radio.o)
                0x00005f4c                RADIO_SetAgcCcaParams
 .text.RADIO_RACClearRxOverflow
                0x00005fb0       0x20 C:/SiliconLabs/SimplicityStudio/v4/developer/sdks/gecko_sdk_suite/v2.3//platform/radio/rail_lib/autogen/librail_release/librail_efr32xg1_gcc_release.a(radio.o)
                0x00005fb0                RADIO_RACClearRxOverflow
 .text.RFSENSE_IRQHandler
                0x00005fd0       0x10 C:/SiliconLabs/SimplicityStudio/v4/developer/sdks/gecko_sdk_suite/v2.3//platform/radio/rail_lib/autogen/librail_release/librail_efr32xg1_gcc_release.a(rfsense.o)
                0x00005fd0                RFSENSE_IRQHandler
 .text.SYNTH_RfFreqGet
                0x00005fe0        0xc C:/SiliconLabs/SimplicityStudio/v4/developer/sdks/gecko_sdk_suite/v2.3//platform/radio/rail_lib/autogen/librail_release/librail_efr32xg1_gcc_release.a(synth.o)
                0x00005fe0                SYNTH_RfFreqGet
 .text.SYNTH_ChSpacingGet
                0x00005fec        0xc C:/SiliconLabs/SimplicityStudio/v4/developer/sdks/gecko_sdk_suite/v2.3//platform/radio/rail_lib/autogen/librail_release/librail_efr32xg1_gcc_release.a(synth.o)
                0x00005fec                SYNTH_ChSpacingGet
 .text.SYNTH_LoDivGet
                0x00005ff8       0x20 C:/SiliconLabs/SimplicityStudio/v4/developer/sdks/gecko_sdk_suite/v2.3//platform/radio/rail_lib/autogen/librail_release/librail_efr32xg1_gcc_release.a(synth.o)
                0x00005ff8                SYNTH_LoDivGet
 .text.SYNTH_Is2p4GHz
                0x00006018       0x14 C:/SiliconLabs/SimplicityStudio/v4/developer/sdks/gecko_sdk_suite/v2.3//platform/radio/rail_lib/autogen/librail_release/librail_efr32xg1_gcc_release.a(synth.o)
                0x00006018                SYNTH_Is2p4GHz
 .text.SYNTH_VcoRangeIsValid
                0x0000602c       0x30 C:/SiliconLabs/SimplicityStudio/v4/developer/sdks/gecko_sdk_suite/v2.3//platform/radio/rail_lib/autogen/librail_release/librail_efr32xg1_gcc_release.a(synth.o)
                0x0000602c                SYNTH_VcoRangeIsValid
 .text.SYNTH_RetimeLimitsConfig
                0x0000605c       0x64 C:/SiliconLabs/SimplicityStudio/v4/developer/sdks/gecko_sdk_suite/v2.3//platform/radio/rail_lib/autogen/librail_release/librail_efr32xg1_gcc_release.a(synth.o)
                0x0000605c                SYNTH_RetimeLimitsConfig
 .text.SYNTH_RetimeClkConfig
                0x000060c0       0xb4 C:/SiliconLabs/SimplicityStudio/v4/developer/sdks/gecko_sdk_suite/v2.3//platform/radio/rail_lib/autogen/librail_release/librail_efr32xg1_gcc_release.a(synth.o)
                0x000060c0                SYNTH_RetimeClkConfig
 .text.SYNTH_Config
                0x00006174      0x104 C:/SiliconLabs/SimplicityStudio/v4/developer/sdks/gecko_sdk_suite/v2.3//platform/radio/rail_lib/autogen/librail_release/librail_efr32xg1_gcc_release.a(synth.o)
                0x00006174                SYNTH_Config
 .text.SYNTH_ChannelSet
                0x00006278       0x40 C:/SiliconLabs/SimplicityStudio/v4/developer/sdks/gecko_sdk_suite/v2.3//platform/radio/rail_lib/autogen/librail_release/librail_efr32xg1_gcc_release.a(synth.o)
                0x00006278                SYNTH_ChannelSet
 .text.SYNTH_DCDCRetimeClkSet
                0x000062b8       0x68 C:/SiliconLabs/SimplicityStudio/v4/developer/sdks/gecko_sdk_suite/v2.3//platform/radio/rail_lib/autogen/librail_release/librail_efr32xg1_gcc_release.a(synth.o)
                0x000062b8                SYNTH_DCDCRetimeClkSet
 .text.SYNTH_DCDCRetimeEnable
                0x00006320       0x18 C:/SiliconLabs/SimplicityStudio/v4/developer/sdks/gecko_sdk_suite/v2.3//platform/radio/rail_lib/autogen/librail_release/librail_efr32xg1_gcc_release.a(synth.o)
                0x00006320                SYNTH_DCDCRetimeEnable
 .text.SYNTH_DCDCRetimeDisable
                0x00006338       0x18 C:/SiliconLabs/SimplicityStudio/v4/developer/sdks/gecko_sdk_suite/v2.3//platform/radio/rail_lib/autogen/librail_release/librail_efr32xg1_gcc_release.a(synth.o)
                0x00006338                SYNTH_DCDCRetimeDisable
 .text.SYNTH_KvnFreqCompensationEnable
                0x00006350        0xc C:/SiliconLabs/SimplicityStudio/v4/developer/sdks/gecko_sdk_suite/v2.3//platform/radio/rail_lib/autogen/librail_release/librail_efr32xg1_gcc_release.a(synth.o)
                0x00006350                SYNTH_KvnFreqCompensationEnable
 .text.TEMPCAL_Init
                0x0000635c       0x38 C:/SiliconLabs/SimplicityStudio/v4/developer/sdks/gecko_sdk_suite/v2.3//platform/radio/rail_lib/autogen/librail_release/librail_efr32xg1_gcc_release.a(tempcal.o)
                0x0000635c                TEMPCAL_Init
 .text.TIMING_NsToStimerTickCalc
                0x00006394       0x2c C:/SiliconLabs/SimplicityStudio/v4/developer/sdks/gecko_sdk_suite/v2.3//platform/radio/rail_lib/autogen/librail_release/librail_efr32xg1_gcc_release.a(timings.o)
 .text.TIMING_Recalculate
                0x000063c0      0x17c C:/SiliconLabs/SimplicityStudio/v4/developer/sdks/gecko_sdk_suite/v2.3//platform/radio/rail_lib/autogen/librail_release/librail_efr32xg1_gcc_release.a(timings.o)
 .text.TIMING_InitStimer
                0x0000653c       0x5c C:/SiliconLabs/SimplicityStudio/v4/developer/sdks/gecko_sdk_suite/v2.3//platform/radio/rail_lib/autogen/librail_release/librail_efr32xg1_gcc_release.a(timings.o)
                0x0000653c                TIMING_InitStimer
 .text.TIMING_SeqTimingInit
                0x00006598        0x2 C:/SiliconLabs/SimplicityStudio/v4/developer/sdks/gecko_sdk_suite/v2.3//platform/radio/rail_lib/autogen/librail_release/librail_efr32xg1_gcc_release.a(timings.o)
                0x00006598                TIMING_SeqTimingInit
 .text.TIMING_SetTransitionTime
                0x0000659a       0x18 C:/SiliconLabs/SimplicityStudio/v4/developer/sdks/gecko_sdk_suite/v2.3//platform/radio/rail_lib/autogen/librail_release/librail_efr32xg1_gcc_release.a(timings.o)
                0x0000659a                TIMING_SetTransitionTime
 .text.TIMING_RxSearchTimeSet
                0x000065b2       0x10 C:/SiliconLabs/SimplicityStudio/v4/developer/sdks/gecko_sdk_suite/v2.3//platform/radio/rail_lib/autogen/librail_release/librail_efr32xg1_gcc_release.a(timings.o)
                0x000065b2                TIMING_RxSearchTimeSet
 .text.TIMING_TxToRxSearchTimeSet
                0x000065c2       0x10 C:/SiliconLabs/SimplicityStudio/v4/developer/sdks/gecko_sdk_suite/v2.3//platform/radio/rail_lib/autogen/librail_release/librail_efr32xg1_gcc_release.a(timings.o)
                0x000065c2                TIMING_TxToRxSearchTimeSet
 .text.TIMING_RecalculateAll
                0x000065d2        0x6 C:/SiliconLabs/SimplicityStudio/v4/developer/sdks/gecko_sdk_suite/v2.3//platform/radio/rail_lib/autogen/librail_release/librail_efr32xg1_gcc_release.a(timings.o)
                0x000065d2                TIMING_RecalculateAll
 .text.TIMING_RecalculatePaRampChanged
                0x000065d8        0x6 C:/SiliconLabs/SimplicityStudio/v4/developer/sdks/gecko_sdk_suite/v2.3//platform/radio/rail_lib/autogen/librail_release/librail_efr32xg1_gcc_release.a(timings.o)
                0x000065d8                TIMING_RecalculatePaRampChanged
 .text.TIMING_SetChainDelays
                0x000065de        0x8 C:/SiliconLabs/SimplicityStudio/v4/developer/sdks/gecko_sdk_suite/v2.3//platform/radio/rail_lib/autogen/librail_release/librail_efr32xg1_gcc_release.a(timings.o)
                0x000065de                TIMING_SetChainDelays
 .text.TIMING_SetRxDoneDelay
                0x000065e6        0x6 C:/SiliconLabs/SimplicityStudio/v4/developer/sdks/gecko_sdk_suite/v2.3//platform/radio/rail_lib/autogen/librail_release/librail_efr32xg1_gcc_release.a(timings.o)
                0x000065e6                TIMING_SetRxDoneDelay
 .text.RFRAND_GetRadioEntropy
                0x000065ec      0x100 C:/SiliconLabs/SimplicityStudio/v4/developer/sdks/gecko_sdk_suite/v2.3//platform/radio/rail_lib/autogen/librail_release/librail_efr32xg1_gcc_release.a(rf_rand.o)
                0x000065ec                RFRAND_GetRadioEntropy
 .text.RFRAND_SeedProtimerRandom
                0x000066ec       0x3c C:/SiliconLabs/SimplicityStudio/v4/developer/sdks/gecko_sdk_suite/v2.3//platform/radio/rail_lib/autogen/librail_release/librail_efr32xg1_gcc_release.a(rf_rand.o)
                0x000066ec                RFRAND_SeedProtimerRandom
 .text.RADIO_RACStateGet
                0x00006728       0x10 C:/SiliconLabs/SimplicityStudio/v4/developer/sdks/gecko_sdk_suite/v2.3//platform/radio/rail_lib/autogen/librail_release/librail_efr32xg1_gcc_release.a(generic_phy.o)
 .text.GENERIC_PHY_EnableDisableInt
                0x00006738       0x22 C:/SiliconLabs/SimplicityStudio/v4/developer/sdks/gecko_sdk_suite/v2.3//platform/radio/rail_lib/autogen/librail_release/librail_efr32xg1_gcc_release.a(generic_phy.o)
 *fill*         0x0000675a        0x2 
 .text.GENERIC_PHY_DisableRadioIrqs
                0x0000675c       0x50 C:/SiliconLabs/SimplicityStudio/v4/developer/sdks/gecko_sdk_suite/v2.3//platform/radio/rail_lib/autogen/librail_release/librail_efr32xg1_gcc_release.a(generic_phy.o)
 .text.GENERIC_PHY_ConfigureRollbackReporting
                0x000067ac       0x68 C:/SiliconLabs/SimplicityStudio/v4/developer/sdks/gecko_sdk_suite/v2.3//platform/radio/rail_lib/autogen/librail_release/librail_efr32xg1_gcc_release.a(generic_phy.o)
 .text.GENERIC_PHY_ClearPendedRxWindowEnd
                0x00006814       0x1c C:/SiliconLabs/SimplicityStudio/v4/developer/sdks/gecko_sdk_suite/v2.3//platform/radio/rail_lib/autogen/librail_release/librail_efr32xg1_gcc_release.a(generic_phy.o)
 .text.RADIO_RACRxAbort
                0x00006830       0x38 C:/SiliconLabs/SimplicityStudio/v4/developer/sdks/gecko_sdk_suite/v2.3//platform/radio/rail_lib/autogen/librail_release/librail_efr32xg1_gcc_release.a(generic_phy.o)
 .text.GENERIC_PHY_RxOverflowHook
                0x00006868       0x34 C:/SiliconLabs/SimplicityStudio/v4/developer/sdks/gecko_sdk_suite/v2.3//platform/radio/rail_lib/autogen/librail_release/librail_efr32xg1_gcc_release.a(generic_phy.o)
 .text.GENERIC_PHY_CheckPendedRxWindowEnd
                0x0000689c       0x44 C:/SiliconLabs/SimplicityStudio/v4/developer/sdks/gecko_sdk_suite/v2.3//platform/radio/rail_lib/autogen/librail_release/librail_efr32xg1_gcc_release.a(generic_phy.o)
 .text.GENERIC_PHY_ConfigureEvents
                0x000068e0      0x2b8 C:/SiliconLabs/SimplicityStudio/v4/developer/sdks/gecko_sdk_suite/v2.3//platform/radio/rail_lib/autogen/librail_release/librail_efr32xg1_gcc_release.a(generic_phy.o)
                0x000068e0                GENERIC_PHY_ConfigureEvents
 .text.GENERIC_PHY_PacketTxCommon
                0x00006b98       0x38 C:/SiliconLabs/SimplicityStudio/v4/developer/sdks/gecko_sdk_suite/v2.3//platform/radio/rail_lib/autogen/librail_release/librail_efr32xg1_gcc_release.a(generic_phy.o)
                0x00006b98                GENERIC_PHY_PacketTxCommon
 .text.GENERIC_PHY_StartRx
                0x00006bd0       0x30 C:/SiliconLabs/SimplicityStudio/v4/developer/sdks/gecko_sdk_suite/v2.3//platform/radio/rail_lib/autogen/librail_release/librail_efr32xg1_gcc_release.a(generic_phy.o)
                0x00006bd0                GENERIC_PHY_StartRx
 .text.GENERIC_PHY_SeqAtomicLock
                0x00006c00       0x30 C:/SiliconLabs/SimplicityStudio/v4/developer/sdks/gecko_sdk_suite/v2.3//platform/radio/rail_lib/autogen/librail_release/librail_efr32xg1_gcc_release.a(generic_phy.o)
                0x00006c00                GENERIC_PHY_SeqAtomicLock
 .text.GENERIC_PHY_RACConfig
                0x00006c30       0x78 C:/SiliconLabs/SimplicityStudio/v4/developer/sdks/gecko_sdk_suite/v2.3//platform/radio/rail_lib/autogen/librail_release/librail_efr32xg1_gcc_release.a(generic_phy.o)
                0x00006c30                GENERIC_PHY_RACConfig
 .text.GENERIC_PHY_Init
                0x00006ca8       0x70 C:/SiliconLabs/SimplicityStudio/v4/developer/sdks/gecko_sdk_suite/v2.3//platform/radio/rail_lib/autogen/librail_release/librail_efr32xg1_gcc_release.a(generic_phy.o)
                0x00006ca8                GENERIC_PHY_Init
 .text.GENERIC_PHY_ResetRxFifo
                0x00006d18       0x30 C:/SiliconLabs/SimplicityStudio/v4/developer/sdks/gecko_sdk_suite/v2.3//platform/radio/rail_lib/autogen/librail_release/librail_efr32xg1_gcc_release.a(generic_phy.o)
                0x00006d18                GENERIC_PHY_ResetRxFifo
 .text.GENERIC_PHY_RadioIdle
                0x00006d48      0x174 C:/SiliconLabs/SimplicityStudio/v4/developer/sdks/gecko_sdk_suite/v2.3//platform/radio/rail_lib/autogen/librail_release/librail_efr32xg1_gcc_release.a(generic_phy.o)
                0x00006d48                GENERIC_PHY_RadioIdle
 .text.FRC_IRQHandler
                0x00006ebc      0x458 C:/SiliconLabs/SimplicityStudio/v4/developer/sdks/gecko_sdk_suite/v2.3//platform/radio/rail_lib/autogen/librail_release/librail_efr32xg1_gcc_release.a(generic_phy.o)
                0x00006ebc                FRC_IRQHandler
 .text.FRC_PRI_IRQHandler
                0x00007314        0x4 C:/SiliconLabs/SimplicityStudio/v4/developer/sdks/gecko_sdk_suite/v2.3//platform/radio/rail_lib/autogen/librail_release/librail_efr32xg1_gcc_release.a(generic_phy.o)
                0x00007314                FRC_PRI_IRQHandler
 .text.BUFC_IRQHandler
                0x00007318        0x4 C:/SiliconLabs/SimplicityStudio/v4/developer/sdks/gecko_sdk_suite/v2.3//platform/radio/rail_lib/autogen/librail_release/librail_efr32xg1_gcc_release.a(generic_phy.o)
                0x00007318                BUFC_IRQHandler
 .text.PROTIMER_IRQHandler
                0x0000731c        0x4 C:/SiliconLabs/SimplicityStudio/v4/developer/sdks/gecko_sdk_suite/v2.3//platform/radio/rail_lib/autogen/librail_release/librail_efr32xg1_gcc_release.a(generic_phy.o)
                0x0000731c                PROTIMER_IRQHandler
 .text.RAC_SEQ_IRQHandler
                0x00007320        0x4 C:/SiliconLabs/SimplicityStudio/v4/developer/sdks/gecko_sdk_suite/v2.3//platform/radio/rail_lib/autogen/librail_release/librail_efr32xg1_gcc_release.a(generic_phy.o)
                0x00007320                RAC_SEQ_IRQHandler
 .text.RAILCb_RadioStateChanged
                0x00007324       0x14 C:/SiliconLabs/SimplicityStudio/v4/developer/sdks/gecko_sdk_suite/v2.3//platform/radio/rail_lib/autogen/librail_release/librail_efr32xg1_gcc_release.a(generic_phy.o)
                0x00007324                RAILCb_RadioStateChanged
 .text.RAC_RSM_IRQHandler
                0x00007338       0x48 C:/SiliconLabs/SimplicityStudio/v4/developer/sdks/gecko_sdk_suite/v2.3//platform/radio/rail_lib/autogen/librail_release/librail_efr32xg1_gcc_release.a(generic_phy.o)
                0x00007338                RAC_RSM_IRQHandler
 .text.MODEM_IRQHandler
                0x00007380        0x4 C:/SiliconLabs/SimplicityStudio/v4/developer/sdks/gecko_sdk_suite/v2.3//platform/radio/rail_lib/autogen/librail_release/librail_efr32xg1_gcc_release.a(generic_phy.o)
                0x00007380                MODEM_IRQHandler
 .text.AGC_IRQHandler
                0x00007384       0x40 C:/SiliconLabs/SimplicityStudio/v4/developer/sdks/gecko_sdk_suite/v2.3//platform/radio/rail_lib/autogen/librail_release/librail_efr32xg1_gcc_release.a(generic_phy.o)
                0x00007384                AGC_IRQHandler
 .text.SYNTH_IRQHandler
                0x000073c4       0x10 C:/SiliconLabs/SimplicityStudio/v4/developer/sdks/gecko_sdk_suite/v2.3//platform/radio/rail_lib/autogen/librail_release/librail_efr32xg1_gcc_release.a(generic_phy.o)
                0x000073c4                SYNTH_IRQHandler
 .text.GENERIC_PHY_SetFeatures
                0x000073d4       0x24 C:/SiliconLabs/SimplicityStudio/v4/developer/sdks/gecko_sdk_suite/v2.3//platform/radio/rail_lib/autogen/librail_release/librail_efr32xg1_gcc_release.a(generic_phy.o)
                0x000073d4                GENERIC_PHY_SetFeatures
 .text.GENERIC_PHY_IsFeatureEnabled
                0x000073f8       0x14 C:/SiliconLabs/SimplicityStudio/v4/developer/sdks/gecko_sdk_suite/v2.3//platform/radio/rail_lib/autogen/librail_release/librail_efr32xg1_gcc_release.a(generic_phy.o)
                0x000073f8                GENERIC_PHY_IsFeatureEnabled
 .text.GENERIC_PHY_SetAddressData
                0x0000740c       0x70 C:/SiliconLabs/SimplicityStudio/v4/developer/sdks/gecko_sdk_suite/v2.3//platform/radio/rail_lib/autogen/librail_release/librail_efr32xg1_gcc_release.a(generic_phy.o)
                0x0000740c                GENERIC_PHY_SetAddressData
 .text          0x0000747c       0x30 c:/siliconlabs/simplicitystudio/v4/developer/toolchains/gnu_arm/7.2_2017q4/bin/../lib/gcc/arm-none-eabi/7.2.1/thumb/v7e-m/fpv4-sp/softfp\libgcc.a(_aeabi_uldivmod.o)
                0x0000747c                __aeabi_uldivmod
 .text          0x000074ac      0x2cc c:/siliconlabs/simplicitystudio/v4/developer/toolchains/gnu_arm/7.2_2017q4/bin/../lib/gcc/arm-none-eabi/7.2.1/thumb/v7e-m/fpv4-sp/softfp\libgcc.a(_udivmoddi4.o)
                0x000074ac                __udivmoddi4
 .text          0x00007778        0x4 c:/siliconlabs/simplicitystudio/v4/developer/toolchains/gnu_arm/7.2_2017q4/bin/../lib/gcc/arm-none-eabi/7.2.1/thumb/v7e-m/fpv4-sp/softfp\libgcc.a(_dvmd_tls.o)
                0x00007778                __aeabi_idiv0
                0x00007778                __aeabi_ldiv0
 .text.__assert_func
                0x0000777c       0x3c c:/siliconlabs/simplicitystudio/v4/developer/toolchains/gnu_arm/7.2_2017q4/bin/../lib/gcc/arm-none-eabi/7.2.1/../../../../arm-none-eabi/lib/thumb/v7e-m/fpv4-sp/softfp\libc_nano.a(lib_a-assert.o)
                0x0000777c                __assert_func
 .text.exit     0x000077b8       0x28 c:/siliconlabs/simplicitystudio/v4/developer/toolchains/gnu_arm/7.2_2017q4/bin/../lib/gcc/arm-none-eabi/7.2.1/../../../../arm-none-eabi/lib/thumb/v7e-m/fpv4-sp/softfp\libc_nano.a(lib_a-exit.o)
                0x000077b8                exit
 .text.fprintf  0x000077e0       0x24 c:/siliconlabs/simplicitystudio/v4/developer/toolchains/gnu_arm/7.2_2017q4/bin/../lib/gcc/arm-none-eabi/7.2.1/../../../../arm-none-eabi/lib/thumb/v7e-m/fpv4-sp/softfp\libc_nano.a(lib_a-fprintf.o)
                0x000077e0                fiprintf
                0x000077e0                fprintf
 .text.__libc_init_array
                0x00007804       0x48 c:/siliconlabs/simplicitystudio/v4/developer/toolchains/gnu_arm/7.2_2017q4/bin/../lib/gcc/arm-none-eabi/7.2.1/../../../../arm-none-eabi/lib/thumb/v7e-m/fpv4-sp/softfp\libc_nano.a(lib_a-init.o)
                0x00007804                __libc_init_array
 .text.malloc   0x0000784c       0x10 c:/siliconlabs/simplicitystudio/v4/developer/toolchains/gnu_arm/7.2_2017q4/bin/../lib/gcc/arm-none-eabi/7.2.1/../../../../arm-none-eabi/lib/thumb/v7e-m/fpv4-sp/softfp\libc_nano.a(lib_a-malloc.o)
                0x0000784c                malloc
 .text.memcmp   0x0000785c       0x1e c:/siliconlabs/simplicitystudio/v4/developer/toolchains/gnu_arm/7.2_2017q4/bin/../lib/gcc/arm-none-eabi/7.2.1/../../../../arm-none-eabi/lib/thumb/v7e-m/fpv4-sp/softfp\libc_nano.a(lib_a-memcmp.o)
                0x0000785c                memcmp
 .text.memcpy   0x0000787a       0x16 c:/siliconlabs/simplicitystudio/v4/developer/toolchains/gnu_arm/7.2_2017q4/bin/../lib/gcc/arm-none-eabi/7.2.1/../../../../arm-none-eabi/lib/thumb/v7e-m/fpv4-sp/softfp\libc_nano.a(lib_a-memcpy-stub.o)
                0x0000787a                memcpy
 .text.memset   0x00007890       0x10 c:/siliconlabs/simplicitystudio/v4/developer/toolchains/gnu_arm/7.2_2017q4/bin/../lib/gcc/arm-none-eabi/7.2.1/../../../../arm-none-eabi/lib/thumb/v7e-m/fpv4-sp/softfp\libc_nano.a(lib_a-memset.o)
                0x00007890                memset
 .text._free_r  0x000078a0       0x9c c:/siliconlabs/simplicitystudio/v4/developer/toolchains/gnu_arm/7.2_2017q4/bin/../lib/gcc/arm-none-eabi/7.2.1/../../../../arm-none-eabi/lib/thumb/v7e-m/fpv4-sp/softfp\libc_nano.a(lib_a-nano-freer.o)
                0x000078a0                _free_r
 .text._malloc_r
                0x0000793c       0xb4 c:/siliconlabs/simplicitystudio/v4/developer/toolchains/gnu_arm/7.2_2017q4/bin/../lib/gcc/arm-none-eabi/7.2.1/../../../../arm-none-eabi/lib/thumb/v7e-m/fpv4-sp/softfp\libc_nano.a(lib_a-nano-mallocr.o)
                0x0000793c                _malloc_r
 .text.__sfputc_r
                0x000079f0       0x2e c:/siliconlabs/simplicitystudio/v4/developer/toolchains/gnu_arm/7.2_2017q4/bin/../lib/gcc/arm-none-eabi/7.2.1/../../../../arm-none-eabi/lib/thumb/v7e-m/fpv4-sp/softfp\libc_nano.a(lib_a-nano-vfprintf.o)
 .text.__sfputs_r
                0x00007a1e       0x24 c:/siliconlabs/simplicitystudio/v4/developer/toolchains/gnu_arm/7.2_2017q4/bin/../lib/gcc/arm-none-eabi/7.2.1/../../../../arm-none-eabi/lib/thumb/v7e-m/fpv4-sp/softfp\libc_nano.a(lib_a-nano-vfprintf.o)
                0x00007a1e                __sfputs_r
 *fill*         0x00007a42        0x2 
 .text._vfprintf_r
                0x00007a44      0x228 c:/siliconlabs/simplicitystudio/v4/developer/toolchains/gnu_arm/7.2_2017q4/bin/../lib/gcc/arm-none-eabi/7.2.1/../../../../arm-none-eabi/lib/thumb/v7e-m/fpv4-sp/softfp\libc_nano.a(lib_a-nano-vfprintf.o)
                0x00007a44                _vfprintf_r
                0x00007a44                _vfiprintf_r
 .text._printf_common
                0x00007c6c       0xea c:/siliconlabs/simplicitystudio/v4/developer/toolchains/gnu_arm/7.2_2017q4/bin/../lib/gcc/arm-none-eabi/7.2.1/../../../../arm-none-eabi/lib/thumb/v7e-m/fpv4-sp/softfp\libc_nano.a(lib_a-nano-vfprintf_i.o)
                0x00007c6c                _printf_common
 *fill*         0x00007d56        0x2 
 .text._printf_i
                0x00007d58      0x224 c:/siliconlabs/simplicitystudio/v4/developer/toolchains/gnu_arm/7.2_2017q4/bin/../lib/gcc/arm-none-eabi/7.2.1/../../../../arm-none-eabi/lib/thumb/v7e-m/fpv4-sp/softfp\libc_nano.a(lib_a-nano-vfprintf_i.o)
                0x00007d58                _printf_i
 .text.printf   0x00007f7c       0x30 c:/siliconlabs/simplicitystudio/v4/developer/toolchains/gnu_arm/7.2_2017q4/bin/../lib/gcc/arm-none-eabi/7.2.1/../../../../arm-none-eabi/lib/thumb/v7e-m/fpv4-sp/softfp\libc_nano.a(lib_a-printf.o)
                0x00007f7c                iprintf
                0x00007f7c                printf
 .text._puts_r  0x00007fac       0xb8 c:/siliconlabs/simplicitystudio/v4/developer/toolchains/gnu_arm/7.2_2017q4/bin/../lib/gcc/arm-none-eabi/7.2.1/../../../../arm-none-eabi/lib/thumb/v7e-m/fpv4-sp/softfp\libc_nano.a(lib_a-puts.o)
                0x00007fac                _puts_r
 .text.puts     0x00008064       0x10 c:/siliconlabs/simplicitystudio/v4/developer/toolchains/gnu_arm/7.2_2017q4/bin/../lib/gcc/arm-none-eabi/7.2.1/../../../../arm-none-eabi/lib/thumb/v7e-m/fpv4-sp/softfp\libc_nano.a(lib_a-puts.o)
                0x00008064                puts
 .text._sbrk_r  0x00008074       0x20 c:/siliconlabs/simplicitystudio/v4/developer/toolchains/gnu_arm/7.2_2017q4/bin/../lib/gcc/arm-none-eabi/7.2.1/../../../../arm-none-eabi/lib/thumb/v7e-m/fpv4-sp/softfp\libc_nano.a(lib_a-sbrkr.o)
                0x00008074                _sbrk_r
 .text.setvbuf  0x00008094      0x15c c:/siliconlabs/simplicitystudio/v4/developer/toolchains/gnu_arm/7.2_2017q4/bin/../lib/gcc/arm-none-eabi/7.2.1/../../../../arm-none-eabi/lib/thumb/v7e-m/fpv4-sp/softfp\libc_nano.a(lib_a-setvbuf.o)
                0x00008094                setvbuf
 .text.__swbuf_r